Archive member included to satisfy reference by file (symbol)

C:/Users/david/scoop/apps/gcc-arm-none-eabi/15.2.rel1/bin/../lib/gcc/arm-none-eabi/15.2.1/thumb/v6-m/nofp\libgcc.a(_dvmd_tls.o)
                              CMakeFiles/pico_kernel.dir/C_/pico/pico-sdk/src/rp2_common/pico_divider/divider_hardware.S.obj (__aeabi_idiv0)
C:/Users/david/scoop/apps/gcc-arm-none-eabi/15.2.rel1/bin/../lib/gcc/arm-none-eabi/15.2.1/../../../../arm-none-eabi/lib/thumb/v6-m/nofp\libg.a(libc_a-calloc.o)
                              CMakeFiles/pico_kernel.dir/C_/pico/pico-sdk/src/rp2_common/pico_malloc/malloc.c.obj (calloc)
C:/Users/david/scoop/apps/gcc-arm-none-eabi/15.2.rel1/bin/../lib/gcc/arm-none-eabi/15.2.1/../../../../arm-none-eabi/lib/thumb/v6-m/nofp\libg.a(libc_a-callocr.o)
                              C:/Users/david/scoop/apps/gcc-arm-none-eabi/15.2.rel1/bin/../lib/gcc/arm-none-eabi/15.2.1/../../../../arm-none-eabi/lib/thumb/v6-m/nofp\libg.a(libc_a-calloc.o) (_calloc_r)
C:/Users/david/scoop/apps/gcc-arm-none-eabi/15.2.rel1/bin/../lib/gcc/arm-none-eabi/15.2.1/../../../../arm-none-eabi/lib/thumb/v6-m/nofp\libg.a(libc_a-malloc.o)
                              CMakeFiles/pico_kernel.dir/C_/pico/pico-sdk/src/rp2_common/pico_malloc/malloc.c.obj (malloc)
C:/Users/david/scoop/apps/gcc-arm-none-eabi/15.2.rel1/bin/../lib/gcc/arm-none-eabi/15.2.1/../../../../arm-none-eabi/lib/thumb/v6-m/nofp\libg.a(libc_a-mallocr.o)
                              C:/Users/david/scoop/apps/gcc-arm-none-eabi/15.2.rel1/bin/../lib/gcc/arm-none-eabi/15.2.1/../../../../arm-none-eabi/lib/thumb/v6-m/nofp\libg.a(libc_a-callocr.o) (_malloc_r)
C:/Users/david/scoop/apps/gcc-arm-none-eabi/15.2.rel1/bin/../lib/gcc/arm-none-eabi/15.2.1/../../../../arm-none-eabi/lib/thumb/v6-m/nofp\libg.a(libc_a-mlock.o)
                              C:/Users/david/scoop/apps/gcc-arm-none-eabi/15.2.rel1/bin/../lib/gcc/arm-none-eabi/15.2.1/../../../../arm-none-eabi/lib/thumb/v6-m/nofp\libg.a(libc_a-mallocr.o) (__malloc_lock)
C:/Users/david/scoop/apps/gcc-arm-none-eabi/15.2.rel1/bin/../lib/gcc/arm-none-eabi/15.2.1/../../../../arm-none-eabi/lib/thumb/v6-m/nofp\libg.a(libc_a-realloc.o)
                              CMakeFiles/pico_kernel.dir/C_/pico/pico-sdk/src/rp2_common/pico_malloc/malloc.c.obj (realloc)
C:/Users/david/scoop/apps/gcc-arm-none-eabi/15.2.rel1/bin/../lib/gcc/arm-none-eabi/15.2.1/../../../../arm-none-eabi/lib/thumb/v6-m/nofp\libg.a(libc_a-reallocr.o)
                              C:/Users/david/scoop/apps/gcc-arm-none-eabi/15.2.rel1/bin/../lib/gcc/arm-none-eabi/15.2.1/../../../../arm-none-eabi/lib/thumb/v6-m/nofp\libg.a(libc_a-realloc.o) (_realloc_r)
C:/Users/david/scoop/apps/gcc-arm-none-eabi/15.2.rel1/bin/../lib/gcc/arm-none-eabi/15.2.1/../../../../arm-none-eabi/lib/thumb/v6-m/nofp\libg.a(libc_a-memcmp.o)
                              CMakeFiles/pico_kernel.dir/C_/pico/pico-sdk/src/rp2_common/pico_atomic/atomic.c.obj (memcmp)
C:/Users/david/scoop/apps/gcc-arm-none-eabi/15.2.rel1/bin/../lib/gcc/arm-none-eabi/15.2.1/../../../../arm-none-eabi/lib/thumb/v6-m/nofp\libg.a(libc_a-memmove.o)
                              C:/Users/david/scoop/apps/gcc-arm-none-eabi/15.2.rel1/bin/../lib/gcc/arm-none-eabi/15.2.1/../../../../arm-none-eabi/lib/thumb/v6-m/nofp\libg.a(libc_a-reallocr.o) (memmove)
C:/Users/david/scoop/apps/gcc-arm-none-eabi/15.2.rel1/bin/../lib/gcc/arm-none-eabi/15.2.1/../../../../arm-none-eabi/lib/thumb/v6-m/nofp\libg.a(libc_a-lcltime_r.o)
                              CMakeFiles/pico_kernel.dir/C_/pico/pico-sdk/src/common/pico_util/datetime.c.obj (localtime_r)
C:/Users/david/scoop/apps/gcc-arm-none-eabi/15.2.rel1/bin/../lib/gcc/arm-none-eabi/15.2.1/../../../../arm-none-eabi/lib/thumb/v6-m/nofp\libg.a(libc_a-mktime.o)
                              CMakeFiles/pico_kernel.dir/C_/pico/pico-sdk/src/common/pico_util/datetime.c.obj (mktime)
C:/Users/david/scoop/apps/gcc-arm-none-eabi/15.2.rel1/bin/../lib/gcc/arm-none-eabi/15.2.1/../../../../arm-none-eabi/lib/thumb/v6-m/nofp\libg.a(libc_a-month_lengths.o)
                              C:/Users/david/scoop/apps/gcc-arm-none-eabi/15.2.rel1/bin/../lib/gcc/arm-none-eabi/15.2.1/../../../../arm-none-eabi/lib/thumb/v6-m/nofp\libg.a(libc_a-lcltime_r.o) (__month_lengths)
C:/Users/david/scoop/apps/gcc-arm-none-eabi/15.2.rel1/bin/../lib/gcc/arm-none-eabi/15.2.1/../../../../arm-none-eabi/lib/thumb/v6-m/nofp\libg.a(libc_a-tzcalc_limits.o)
                              C:/Users/david/scoop/apps/gcc-arm-none-eabi/15.2.rel1/bin/../lib/gcc/arm-none-eabi/15.2.1/../../../../arm-none-eabi/lib/thumb/v6-m/nofp\libg.a(libc_a-lcltime_r.o) (__tzcalc_limits)
C:/Users/david/scoop/apps/gcc-arm-none-eabi/15.2.rel1/bin/../lib/gcc/arm-none-eabi/15.2.1/../../../../arm-none-eabi/lib/thumb/v6-m/nofp\libg.a(libc_a-tzlock.o)
                              C:/Users/david/scoop/apps/gcc-arm-none-eabi/15.2.rel1/bin/../lib/gcc/arm-none-eabi/15.2.1/../../../../arm-none-eabi/lib/thumb/v6-m/nofp\libg.a(libc_a-lcltime_r.o) (__tz_lock)
[...]
Memory Configuration

Name             Origin             Length             Attributes
FLASH            0x10000000         0x00200000         xr
RAM              0x20000000         0x00040000         xrw
SCRATCH_X        0x20040000         0x00001000         xrw
SCRATCH_Y        0x20041000         0x00001000         xrw
*default*        0x00000000         0xffffffff

Linker script and memory map

LOAD C:/Users/david/scoop/apps/gcc-arm-none-eabi/15.2.rel1/bin/../lib/gcc/arm-none-eabi/15.2.1/thumb/v6-m/nofp/crti.o
LOAD C:/Users/david/scoop/apps/gcc-arm-none-eabi/15.2.rel1/bin/../lib/gcc/arm-none-eabi/15.2.1/thumb/v6-m/nofp/crtbegin.o
LOAD C:/Users/david/scoop/apps/gcc-arm-none-eabi/15.2.rel1/bin/../lib/gcc/arm-none-eabi/15.2.1/../../../../arm-none-eabi/lib/thumb/v6-m/nofp/crt0.o

.flash_begin    0x10000000        0x0
                0x10000000                        __flash_binary_start = .

.boot2          0x10000000      0x100
                0x10000000                        __boot2_start__ = .
 *(.boot2)
 .boot2         0x10000000      0x100 pico-sdk/src/rp2040/boot_stage2/CMakeFiles/bs2_default_library.dir/./bs2_default_padded_checksummed.S.obj
                0x10000100                        __boot2_end__ = .
                0x00000001                        ASSERT (((__boot2_end__ - __boot2_start__) == 0x100), ERROR: Pico second stage bootloader must be 256 bytes in size)

.text           0x10000100     0x8d14
                0x10000100                        __logical_binary_start = .
 *(.vectors)
 .vectors       0x10000100       0xd4 CMakeFiles/pico_kernel.dir/C_/pico/pico-sdk/src/rp2_common/pico_crt0/crt0.S.obj
                0x10000100                __VECTOR_TABLE
                0x10000100                __vectors
                0x100001c0                isr_irq13
                0x100001c0                isr_irq27
                0x100001c0                isr_irq31
                0x100001c0                isr_irq12
                0x100001c0                isr_irq5
                0x100001c0                isr_irq11
                0x100001c0                isr_irq3
                0x100001c0                isr_irq23
                0x100001c0                __unhandled_user_irq
                0x100001c0                isr_irq26
                0x100001c0                isr_irq28
                0x100001c0                isr_irq19
                0x100001c0                isr_irq0
                0x100001c0                isr_irq6
                0x100001c0                isr_irq29
                0x100001c0                isr_irq16
                0x100001c0                isr_irq22
                0x100001c0                isr_irq18
                0x100001c0                isr_irq17
                0x100001c0                isr_irq14
                0x100001c0                __vectors_end
                0x100001c0                __default_isrs_start
                0x100001c0                isr_irq2
                0x100001c0                isr_irq10
                0x100001c0                isr_irq8
                0x100001c0                isr_irq24
                0x100001c0                isr_irq1
                0x100001c0                isr_irq7
                0x100001c0                isr_irq21
                0x100001c0                isr_irq20
                0x100001c0                isr_irq15
                0x100001c0                isr_irq25
                0x100001c0                isr_irq4
                0x100001c0                isr_irq30
                0x100001c0                isr_irq9
                0x100001c6                unhandled_user_irq_num_in_r0
                0x100001c8                isr_invalid
                0x100001ca                isr_nmi
                0x100001cc                isr_hardfault
                0x100001ce                isr_svcall
                0x100001d0                isr_pendsv
                0x100001d2                isr_systick
                0x100001d4                __default_isrs_end
 *(.binary_info_header)
 .binary_info_header
                0x100001d4       0x14 CMakeFiles/pico_kernel.dir/C_/pico/pico-sdk/src/rp2_common/pico_crt0/crt0.S.obj
                0x100001e8                        __binary_info_header_end = .
 *(.embedded_block)
                0x100001e8                        __embedded_block_end = .
 *(.reset)
 .reset         0x100001e8       0x9c CMakeFiles/pico_kernel.dir/C_/pico/pico-sdk/src/rp2_common/pico_crt0/crt0.S.obj
                0x100001e8                _entry_point
 *(.init)
 .init          0x10000284        0x4 C:/Users/david/scoop/apps/gcc-arm-none-eabi/15.2.rel1/bin/../lib/gcc/arm-none-eabi/15.2.1/thumb/v6-m/nofp/crti.o
                0x10000284                _init
 *(EXCLUDE_FILE(*libm.a: *libc.a:*lib_a-mem*.o *libgcc.a:) .text*)
 .text.register_tm_clones
                0x10000288       0x28 C:/Users/david/scoop/apps/gcc-arm-none-eabi/15.2.rel1/bin/../lib/gcc/arm-none-eabi/15.2.1/thumb/v6-m/nofp/crtbegin.o
 .text.frame_dummy
                0x100002b0       0x24 C:/Users/david/scoop/apps/gcc-arm-none-eabi/15.2.rel1/bin/../lib/gcc/arm-none-eabi/15.2.1/thumb/v6-m/nofp/crtbegin.o
 .text.core1_entry
                0x100002d4       0x58 CMakeFiles/pico_kernel.dir/src/main.c.obj
                0x100002d4                core1_entry
 .text.task_shell
                0x1000032c        0x8 CMakeFiles/pico_kernel.dir/src/main.c.obj
                0x1000032c                task_shell
 .text.show_splash
                0x10000334       0x50 CMakeFiles/pico_kernel.dir/src/main.c.obj
                0x10000334                show_splash
 .text.startup.main
                0x10000384       0x4c CMakeFiles/pico_kernel.dir/src/main.c.obj
                0x10000384                main
 .text.st7789_set_window
                0x100003d0      0x14c CMakeFiles/pico_kernel.dir/src/drivers/st7789.c.obj
                0x100003d0                st7789_set_window
 .text.st7789_init
                0x1000051c      0x14c CMakeFiles/pico_kernel.dir/src/drivers/st7789.c.obj
                0x1000051c                st7789_init
 .text.st7789_set_pixel
                0x10000668       0x38 CMakeFiles/pico_kernel.dir/src/drivers/st7789.c.obj
                0x10000668                st7789_set_pixel
 .text.st7789_fill
                0x100006a0       0x50 CMakeFiles/pico_kernel.dir/src/drivers/st7789.c.obj
                0x100006a0                st7789_fill
 .text.st7789_fill_rect
                0x100006f0       0x54 CMakeFiles/pico_kernel.dir/src/drivers/st7789.c.obj
                0x100006f0                st7789_fill_rect
 .text.shell_print
                0x10000744       0xf8 CMakeFiles/pico_kernel.dir/src/kernel/shell.c.obj
                0x10000744                shell_print
 .text.shell_run
                0x1000083c      0x520 CMakeFiles/pico_kernel.dir/src/kernel/shell.c.obj
                0x1000083c                shell_run
 .text.scheduler_init
                0x10000d5c       0x28 CMakeFiles/pico_kernel.dir/src/kernel/tasks/scheduler.c.obj
                0x10000d5c                scheduler_init
 .text.scheduler_add_task
                0x10000d84       0x44 CMakeFiles/pico_kernel.dir/src/kernel/tasks/scheduler.c.obj
                0x10000d84                scheduler_add_task
 .text.scheduler_run
                0x10000dc8       0xd4 CMakeFiles/pico_kernel.dir/src/kernel/tasks/scheduler.c.obj
                0x10000dc8                scheduler_run
 .text.scheduler_task_count
                0x10000e9c        0xc CMakeFiles/pico_kernel.dir/src/kernel/tasks/scheduler.c.obj
                0x10000e9c                scheduler_task_count
 .text.mutex_display_init
                0x10000ea8       0x10 CMakeFiles/pico_kernel.dir/src/kernel/mutex.c.obj
                0x10000ea8                mutex_display_init
 .text.display_lock
                0x10000eb8       0x10 CMakeFiles/pico_kernel.dir/src/kernel/mutex.c.obj
                0x10000eb8                display_lock
 .text.display_unlock
                0x10000ec8       0x10 CMakeFiles/pico_kernel.dir/src/kernel/mutex.c.obj
                0x10000ec8                display_unlock
 .text.draw_score
                0x10000ed8       0x90 CMakeFiles/pico_kernel.dir/src/kernel/pong.c.obj
 .text.pong_run
                0x10000f68      0x40c CMakeFiles/pico_kernel.dir/src/kernel/pong.c.obj
                0x10000f68                pong_run
 .text.draw_hud
                0x10001374       0x90 CMakeFiles/pico_kernel.dir/src/kernel/invaders.c.obj
 .text.invaders_run
                0x10001404     0x1104 CMakeFiles/pico_kernel.dir/src/kernel/invaders.c.obj
                0x10001404                invaders_run
 .text.gpio_set_function
                0x10002508       0x30 CMakeFiles/pico_kernel.dir/C_/pico/pico-sdk/src/rp2_common/hardware_gpio/gpio.c.obj
                0x10002508                gpio_set_function
 .text.gpio_set_pulls
                0x10002538       0x24 CMakeFiles/pico_kernel.dir/C_/pico/pico-sdk/src/rp2_common/hardware_gpio/gpio.c.obj
                0x10002538                gpio_set_pulls
 .text.gpio_init
                0x1000255c       0x3c CMakeFiles/pico_kernel.dir/C_/pico/pico-sdk/src/rp2_common/hardware_gpio/gpio.c.obj
                0x1000255c                gpio_init
 .text.rp2040_chip_version
                0x10002598        0xc CMakeFiles/pico_kernel.dir/C_/pico/pico-sdk/src/rp2040/pico_platform/platform.c.obj
                0x10002598                rp2040_chip_version
 .text.panic    0x100025a4       0x30 CMakeFiles/pico_kernel.dir/C_/pico/pico-sdk/src/rp2_common/pico_platform_panic/panic.c.obj
                0x100025a4                panic
 .text.hw_claim_or_assert
                0x100025d4       0x50 CMakeFiles/pico_kernel.dir/C_/pico/pico-sdk/src/common/hardware_claim/claim.c.obj
                0x100025d4                hw_claim_or_assert
 .text.hw_claim_unused_from_range
                0x10002624       0x88 CMakeFiles/pico_kernel.dir/C_/pico/pico-sdk/src/common/hardware_claim/claim.c.obj
                0x10002624                hw_claim_unused_from_range
 .text.next_striped_spin_lock_num
                0x100026ac       0x18 CMakeFiles/pico_kernel.dir/C_/pico/pico-sdk/src/rp2_common/hardware_sync/sync.c.obj
                0x100026ac                next_striped_spin_lock_num
 .text.spin_lock_claim_unused
                0x100026c4       0x20 CMakeFiles/pico_kernel.dir/C_/pico/pico-sdk/src/rp2_common/hardware_sync/sync.c.obj
                0x100026c4                spin_lock_claim_unused
 .text.spin_locks_reset
                0x100026e4       0x1c CMakeFiles/pico_kernel.dir/C_/pico/pico-sdk/src/rp2_common/hardware_sync_spin_lock/sync_spin_lock.c.obj
                0x100026e4                spin_locks_reset
 .text.runtime_init_per_core_irq_priorities
                0x10002700       0x48 CMakeFiles/pico_kernel.dir/C_/pico/pico-sdk/src/rp2_common/hardware_irq/irq.c.obj
                0x10002700                runtime_init_per_core_irq_priorities
 .text.irq_set_enabled
                0x10002748       0x24 CMakeFiles/pico_kernel.dir/C_/pico/pico-sdk/src/rp2_common/hardware_irq/irq.c.obj
                0x10002748                irq_set_enabled
 .text.irq_is_enabled
                0x1000276c       0x18 CMakeFiles/pico_kernel.dir/C_/pico/pico-sdk/src/rp2_common/hardware_irq/irq.c.obj
                0x1000276c                irq_is_enabled
 .text.irq_set_pending
                0x10002784       0x10 CMakeFiles/pico_kernel.dir/C_/pico/pico-sdk/src/rp2_common/hardware_irq/irq.c.obj
                0x10002784                irq_set_pending
 .text.irq_has_shared_handler
                0x10002794       0x20 CMakeFiles/pico_kernel.dir/C_/pico/pico-sdk/src/rp2_common/hardware_irq/irq.c.obj
                0x10002794                irq_has_shared_handler
 .text.irq_set_exclusive_handler
                0x100027b4       0x54 CMakeFiles/pico_kernel.dir/C_/pico/pico-sdk/src/rp2_common/hardware_irq/irq.c.obj
                0x100027b4                irq_set_exclusive_handler
 .text.irq_add_shared_handler
                0x10002808      0x1cc CMakeFiles/pico_kernel.dir/C_/pico/pico-sdk/src/rp2_common/hardware_irq/irq.c.obj
                0x10002808                irq_add_shared_handler
 .text.irq_add_tail_to_free_list
                0x100029d4       0xb4 CMakeFiles/pico_kernel.dir/C_/pico/pico-sdk/src/rp2_common/hardware_irq/irq.c.obj
                0x100029d4                irq_add_tail_to_free_list
 .text.user_irq_claim_unused
                0x10002a88       0x28 CMakeFiles/pico_kernel.dir/C_/pico/pico-sdk/src/rp2_common/hardware_irq/irq.c.obj
                0x10002a88                user_irq_claim_unused
 .text.lock_init
                0x10002ab0       0x10 CMakeFiles/pico_kernel.dir/C_/pico/pico-sdk/src/common/pico_sync/lock_core.c.obj
                0x10002ab0                lock_init
 .text.runtime_init_mutex
                0x10002ac0       0x50 CMakeFiles/pico_kernel.dir/C_/pico/pico-sdk/src/common/pico_sync/mutex.c.obj
                0x10002ac0                runtime_init_mutex
 .text.mutex_init
                0x10002b10       0x1c CMakeFiles/pico_kernel.dir/C_/pico/pico-sdk/src/common/pico_sync/mutex.c.obj
                0x10002b10                mutex_init
 .text.critical_section_init
                0x10002b2c       0x1c CMakeFiles/pico_kernel.dir/C_/pico/pico-sdk/src/common/pico_sync/critical_section.c.obj
                0x10002b2c                critical_section_init
 .text.critical_section_init_with_lock_num
                0x10002b48       0x14 CMakeFiles/pico_kernel.dir/C_/pico/pico-sdk/src/common/pico_sync/critical_section.c.obj
                0x10002b48                critical_section_init_with_lock_num
 .text.sleep_until_callback
                0x10002b5c       0x30 CMakeFiles/pico_kernel.dir/C_/pico/pico-sdk/src/common/pico_time/time.c.obj
 .text.alarm_pool_irq_handler
                0x10002b8c      0x2f4 CMakeFiles/pico_kernel.dir/C_/pico/pico-sdk/src/common/pico_time/time.c.obj
 .text.runtime_init_default_alarm_pool
                0x10002e80       0xd8 CMakeFiles/pico_kernel.dir/C_/pico/pico-sdk/src/common/pico_time/time.c.obj
                0x10002e80                runtime_init_default_alarm_pool
 .text.alarm_pool_get_default
                0x10002f58        0x8 CMakeFiles/pico_kernel.dir/C_/pico/pico-sdk/src/common/pico_time/time.c.obj
                0x10002f58                alarm_pool_get_default
 .text.alarm_pool_add_alarm_at
                0x10002f60       0xcc CMakeFiles/pico_kernel.dir/C_/pico/pico-sdk/src/common/pico_time/time.c.obj
                0x10002f60                alarm_pool_add_alarm_at
 .text.alarm_pool_add_alarm_at_force_in_context
                0x1000302c       0xbc CMakeFiles/pico_kernel.dir/C_/pico/pico-sdk/src/common/pico_time/time.c.obj
                0x1000302c                alarm_pool_add_alarm_at_force_in_context
 .text.alarm_pool_cancel_alarm
                0x100030e8       0x74 CMakeFiles/pico_kernel.dir/C_/pico/pico-sdk/src/common/pico_time/time.c.obj
                0x100030e8                alarm_pool_cancel_alarm
 .text.alarm_pool_core_num
                0x1000315c        0x4 CMakeFiles/pico_kernel.dir/C_/pico/pico-sdk/src/common/pico_time/time.c.obj
                0x1000315c                alarm_pool_core_num
 .text.sleep_ms
                0x10003160       0xfc CMakeFiles/pico_kernel.dir/C_/pico/pico-sdk/src/common/pico_time/time.c.obj
                0x10003160                sleep_ms
 .text.best_effort_wfe_or_timeout
                0x1000325c      0x100 CMakeFiles/pico_kernel.dir/C_/pico/pico-sdk/src/common/pico_time/time.c.obj
                0x1000325c                best_effort_wfe_or_timeout
 .text.timer_hardware_alarm_claim
                0x1000335c       0x14 CMakeFiles/pico_kernel.dir/C_/pico/pico-sdk/src/rp2_common/hardware_timer/timer.c.obj
                0x1000335c                timer_hardware_alarm_claim
 .text.timer_time_us_64
                0x10003370       0x10 CMakeFiles/pico_kernel.dir/C_/pico/pico-sdk/src/rp2_common/hardware_timer/timer.c.obj
                0x10003370                timer_time_us_64
 .text.time_us_64
                0x10003380       0x14 CMakeFiles/pico_kernel.dir/C_/pico/pico-sdk/src/rp2_common/hardware_timer/timer.c.obj
                0x10003380                time_us_64
 .text.busy_wait_us
                0x10003394       0x6c CMakeFiles/pico_kernel.dir/C_/pico/pico-sdk/src/rp2_common/hardware_timer/timer.c.obj
                0x10003394                busy_wait_us
 .text.busy_wait_until
                0x10003400       0x20 CMakeFiles/pico_kernel.dir/C_/pico/pico-sdk/src/rp2_common/hardware_timer/timer.c.obj
                0x10003400                busy_wait_until
 .text.clock_configure_int_divider
                0x10003420       0xec CMakeFiles/pico_kernel.dir/C_/pico/pico-sdk/src/rp2_common/hardware_clocks/clocks.c.obj
                0x10003420                clock_configure_int_divider
 .text.clock_configure_undivided
                0x1000350c       0xe0 CMakeFiles/pico_kernel.dir/C_/pico/pico-sdk/src/rp2_common/hardware_clocks/clocks.c.obj
                0x1000350c                clock_configure_undivided
 .text.clock_get_hz
                0x100035ec        0xc CMakeFiles/pico_kernel.dir/C_/pico/pico-sdk/src/rp2_common/hardware_clocks/clocks.c.obj
                0x100035ec                clock_get_hz
 .text.pll_init
                0x100035f8       0xb0 CMakeFiles/pico_kernel.dir/C_/pico/pico-sdk/src/rp2_common/hardware_pll/pll.c.obj
                0x100035f8                pll_init
 .text.watchdog_reboot
                0x100036a8       0x9c CMakeFiles/pico_kernel.dir/C_/pico/pico-sdk/src/rp2_common/hardware_watchdog/watchdog.c.obj
                0x100036a8                watchdog_reboot
 .text.tick_start
                0x10003744       0x10 CMakeFiles/pico_kernel.dir/C_/pico/pico-sdk/src/rp2_common/hardware_ticks/ticks.c.obj
                0x10003744                tick_start
 .text.rom_func_lookup
                0x10003754       0x10 CMakeFiles/pico_kernel.dir/C_/pico/pico-sdk/src/rp2_common/pico_bootrom/bootrom.c.obj
                0x10003754                rom_func_lookup
 .text.rom_data_lookup
                0x10003764       0x10 CMakeFiles/pico_kernel.dir/C_/pico/pico-sdk/src/rp2_common/pico_bootrom/bootrom.c.obj
                0x10003764                rom_data_lookup
 .text.rom_funcs_lookup
                0x10003774       0x44 CMakeFiles/pico_kernel.dir/C_/pico/pico-sdk/src/rp2_common/pico_bootrom/bootrom.c.obj
                0x10003774                rom_funcs_lookup
 .text.rom_reset_usb_boot_extra
                0x100037b8       0x24 CMakeFiles/pico_kernel.dir/C_/pico/pico-sdk/src/rp2_common/pico_bootrom/bootrom.c.obj
                0x100037b8                rom_reset_usb_boot_extra
 .text.xosc_init
                0x100037dc       0x28 CMakeFiles/pico_kernel.dir/C_/pico/pico-sdk/src/rp2_common/hardware_xosc/xosc.c.obj
                0x100037dc                xosc_init
 .text.first_per_core_initializer
                0x10003804        0x4 CMakeFiles/pico_kernel.dir/C_/pico/pico-sdk/src/rp2_common/pico_runtime/runtime.c.obj
 .text.hard_assertion_failure
                0x10003808        0xc CMakeFiles/pico_kernel.dir/C_/pico/pico-sdk/src/rp2_common/pico_runtime/runtime.c.obj
                0x10003808                hard_assertion_failure
 .text.runtime_run_initializers
                0x10003814       0x28 CMakeFiles/pico_kernel.dir/C_/pico/pico-sdk/src/rp2_common/pico_runtime/runtime.c.obj
                0x10003814                runtime_run_initializers
 .text.runtime_run_per_core_initializers
                0x1000383c       0x28 CMakeFiles/pico_kernel.dir/C_/pico/pico-sdk/src/rp2_common/pico_runtime/runtime.c.obj
                0x1000383c                runtime_run_per_core_initializers
 .text.runtime_init_early_resets
                0x10003864       0x2c CMakeFiles/pico_kernel.dir/C_/pico/pico-sdk/src/rp2_common/pico_runtime_init/runtime_init.c.obj
                0x10003864                runtime_init_early_resets
 .text.runtime_init_usb_power_down
                0x10003890       0x1c CMakeFiles/pico_kernel.dir/C_/pico/pico-sdk/src/rp2_common/pico_runtime_init/runtime_init.c.obj
                0x10003890                runtime_init_usb_power_down
 .text.runtime_init_post_clock_resets
                0x100038ac       0x20 CMakeFiles/pico_kernel.dir/C_/pico/pico-sdk/src/rp2_common/pico_runtime_init/runtime_init.c.obj
                0x100038ac                runtime_init_post_clock_resets
 .text.runtime_init_rp2040_gpio_ie_disable
                0x100038cc       0x14 CMakeFiles/pico_kernel.dir/C_/pico/pico-sdk/src/rp2_common/pico_runtime_init/runtime_init.c.obj
                0x100038cc                runtime_init_rp2040_gpio_ie_disable
 .text.runtime_init_spin_locks_reset
                0x100038e0        0x8 CMakeFiles/pico_kernel.dir/C_/pico/pico-sdk/src/rp2_common/pico_runtime_init/runtime_init.c.obj
                0x100038e0                runtime_init_spin_locks_reset
 .text.runtime_init_install_ram_vector_table
                0x100038e8       0xb8 CMakeFiles/pico_kernel.dir/C_/pico/pico-sdk/src/rp2_common/pico_runtime_init/runtime_init.c.obj
                0x100038e8                runtime_init_install_ram_vector_table
 .text.runtime_init_clocks
                0x100039a0       0xd8 CMakeFiles/pico_kernel.dir/C_/pico/pico-sdk/src/rp2_common/pico_runtime_init/runtime_init_clocks.c.obj
                0x100039a0                runtime_init_clocks
 .text          0x10003a78       0x10 CMakeFiles/pico_kernel.dir/C_/pico/pico-sdk/src/rp2_common/pico_bit_ops/bit_ops_aeabi.S.obj
 .text.__wrap___aeabi_idiv
                0x10003a88       0x50 CMakeFiles/pico_kernel.dir/C_/pico/pico-sdk/src/rp2_common/pico_divider/divider_hardware.S.obj
                0x10003a88                __wrap___aeabi_idivmod
                0x10003a88                divmod_s32s32
                0x10003a88                div_s32s32
                0x10003a88                __wrap___aeabi_idiv
                0x10003a90                divmod_s32s32_unsafe
                0x10003abc                divmod_s32s32_savestate
 .text.__wrap___aeabi_uidiv
                0x10003ad8       0x4c CMakeFiles/pico_kernel.dir/C_/pico/pico-sdk/src/rp2_common/pico_divider/divider_hardware.S.obj
                0x10003ad8                __wrap___aeabi_uidiv
                0x10003ad8                __wrap___aeabi_uidivmod
                0x10003ad8                div_u32u32
                0x10003ad8                divmod_u32u32
                0x10003ae0                divmod_u32u32_unsafe
                0x10003b08                divmod_u32u32_savestate
 .text.__wrap___aeabi_ldiv
                0x10003b24      0x424 CMakeFiles/pico_kernel.dir/C_/pico/pico-sdk/src/rp2_common/pico_divider/divider_hardware.S.obj
                0x10003b24                div_s64s64
                0x10003b24                divmod_s64s64
                0x10003b24                __wrap___aeabi_ldivmod
                0x10003b54                divmod_u64u64
                0x10003b54                div_u64u64
                0x10003b54                __wrap___aeabi_uldivmod
                0x10003b64                divmod_u64u64_savestate
                0x10003b84                divmod_s64s64_unsafe
                0x10003c0c                divmod_u64u64_unsafe
 .text.__wrap___aeabi_darithmetic
                0x10003f48       0x80 CMakeFiles/pico_kernel.dir/C_/pico/pico-sdk/src/rp2_common/pico_double/double_aeabi_rp2040.S.obj
                0x10003f48                __wrap___aeabi_drsub
                0x10003f4e                __wrap___aeabi_dsub
                0x10003f60                __wrap___aeabi_dadd
                0x10003f72                __wrap___aeabi_ddiv
                0x10003fae                __wrap___aeabi_dmul
 .text.__wrap___aeabi_cdcmple
                0x10003fc8       0x6c CMakeFiles/pico_kernel.dir/C_/pico/pico-sdk/src/rp2_common/pico_double/double_aeabi_rp2040.S.obj
                0x10003fc8                __wrap___aeabi_cdrcmple
                0x10003fd8                __wrap___aeabi_cdcmpeq
                0x10003fd8                __wrap___aeabi_cdcmple
 .text.__wrap___aeabi_dcmplt
                0x10004034        0xc CMakeFiles/pico_kernel.dir/C_/pico/pico-sdk/src/rp2_common/pico_double/double_aeabi_rp2040.S.obj
                0x10004034                __wrap___aeabi_dcmplt
 .text.__wrap___aeabi_dcmple
                0x10004040       0x10 CMakeFiles/pico_kernel.dir/C_/pico/pico-sdk/src/rp2_common/pico_double/double_aeabi_rp2040.S.obj
                0x10004040                __wrap___aeabi_dcmple
 .text.__wrap___aeabi_dcmpge
                0x10004050       0x10 CMakeFiles/pico_kernel.dir/C_/pico/pico-sdk/src/rp2_common/pico_double/double_aeabi_rp2040.S.obj
                0x10004050                __wrap___aeabi_dcmpge
 .text.__wrap___aeabi_dcmpgt
                0x10004060        0xa CMakeFiles/pico_kernel.dir/C_/pico/pico-sdk/src/rp2_common/pico_double/double_aeabi_rp2040.S.obj
                0x10004060                __wrap___aeabi_dcmpgt
 .text.__wrap___aeabi_dcmpun
                0x1000406a       0x18 CMakeFiles/pico_kernel.dir/C_/pico/pico-sdk/src/rp2_common/pico_double/double_aeabi_rp2040.S.obj
                0x1000406a                __wrap___aeabi_dcmpun
 *fill*         0x10004082        0x2 
 .text.__wrap___aeabi_i2d
                0x10004084       0x38 CMakeFiles/pico_kernel.dir/C_/pico/pico-sdk/src/rp2_common/pico_double/double_aeabi_rp2040.S.obj
                0x10004084                uint2double
                0x10004084                __wrap___aeabi_ui2d
                0x1000408c                int2double
                0x1000408c                __wrap___aeabi_i2d
 .text.__wrap___aeabi_d2iz
                0x100040bc       0x48 CMakeFiles/pico_kernel.dir/C_/pico/pico-sdk/src/rp2_common/pico_double/double_aeabi_rp2040.S.obj
                0x100040bc                double2int_z
                0x100040bc                __wrap___aeabi_d2iz
 .text.__wrap___aeabi_d2uiz
                0x10004104       0x18 CMakeFiles/pico_kernel.dir/C_/pico/pico-sdk/src/rp2_common/pico_double/double_aeabi_rp2040.S.obj
                0x10004104                double2uint
                0x10004104                __wrap___aeabi_d2uiz
                0x10004104                double2uint_z
 .text.__aeabi_double_init
                0x1000411c       0xa4 CMakeFiles/pico_kernel.dir/C_/pico/pico-sdk/src/rp2_common/pico_double/double_init_rom_rp2040.c.obj
                0x1000411c                __aeabi_double_init
 .text.double_table_shim_on_use_helper
                0x100041c0       0x2c CMakeFiles/pico_kernel.dir/C_/pico/pico-sdk/src/rp2_common/pico_double/double_v1_rom_shim_rp2040.S.obj
                0x100041c0                double_table_shim_on_use_helper
 .text.__wrap___aeabi_dsub
                0x100041ec       0x10 CMakeFiles/pico_kernel.dir/C_/pico/pico-sdk/src/rp2_common/pico_double/double_v1_rom_shim_rp2040.S.obj
                0x100041ec                drsub_shim
                0x100041f2                dsub_shim
 .text.dadd_shim
                0x100041fc      0x15c CMakeFiles/pico_kernel.dir/C_/pico/pico-sdk/src/rp2_common/pico_double/double_v1_rom_shim_rp2040.S.obj
                0x100041fc                dadd_shim
 .text.dmul_shim
                0x10004358      0x15c CMakeFiles/pico_kernel.dir/C_/pico/pico-sdk/src/rp2_common/pico_double/double_v1_rom_shim_rp2040.S.obj
                0x10004358                dmul_shim
 .text.ddiv_shim
                0x100044b4      0x1b0 CMakeFiles/pico_kernel.dir/C_/pico/pico-sdk/src/rp2_common/pico_double/double_v1_rom_shim_rp2040.S.obj
                0x100044b4                ddiv_shim
 .text.double2uint_shim
                0x10004664        0xe CMakeFiles/pico_kernel.dir/C_/pico/pico-sdk/src/rp2_common/pico_double/double_v1_rom_shim_rp2040.S.obj
                0x10004664                double2uint_shim
                0x10004666                double2ufix_shim
 *fill*         0x10004672        0x2 
 .text.double2uint64_shim
                0x10004674       0x70 CMakeFiles/pico_kernel.dir/C_/pico/pico-sdk/src/rp2_common/pico_double/double_v1_rom_shim_rp2040.S.obj
                0x10004674                double2uint64_shim
                0x10004676                double2ufix64_shim
                0x10004696                d2fix_a
 .text.dunpacks
                0x100046e4       0x3c CMakeFiles/pico_kernel.dir/C_/pico/pico-sdk/src/rp2_common/pico_double/double_v1_rom_shim_rp2040.S.obj
                0x100046e4                dunpacks
 .text.__aeabi_lmul
                0x10004720       0x32 CMakeFiles/pico_kernel.dir/C_/pico/pico-sdk/src/rp2_common/pico_int64_ops/pico_int64_ops_aeabi.S.obj
                0x10004720                __wrap___aeabi_lmul
 *fill*         0x10004752        0x2 
 .text.__aeabi_float_init
                0x10004754       0x68 CMakeFiles/pico_kernel.dir/C_/pico/pico-sdk/src/rp2_common/pico_float/float_init_rom_rp2040.c.obj
                0x10004754                __aeabi_float_init
 .text.float_table_shim_on_use_helper
                0x100047bc       0x2c CMakeFiles/pico_kernel.dir/C_/pico/pico-sdk/src/rp2_common/pico_float/float_v1_rom_shim_rp2040.S.obj
                0x100047bc                float_table_shim_on_use_helper
 .text          0x100047e8       0x10 CMakeFiles/pico_kernel.dir/C_/pico/pico-sdk/src/rp2_common/pico_mem_ops/mem_ops_aeabi.S.obj
                0x100047e8                __aeabi_mem_init
 .text.memset   0x100047f8        0xc CMakeFiles/pico_kernel.dir/C_/pico/pico-sdk/src/rp2_common/pico_mem_ops/mem_ops_aeabi.S.obj
                0x100047f8                __wrap_memset
 .text.memcpy   0x10004804        0xc CMakeFiles/pico_kernel.dir/C_/pico/pico-sdk/src/rp2_common/pico_mem_ops/mem_ops_aeabi.S.obj
                0x10004804                __wrap_memcpy
                0x10004804                __wrap___aeabi_memcpy
 .text._out_buffer
                0x10004810        0x8 CMakeFiles/pico_kernel.dir/C_/pico/pico-sdk/src/rp2_common/pico_printf/printf.c.obj
 .text._out_null
                0x10004818        0x4 CMakeFiles/pico_kernel.dir/C_/pico/pico-sdk/src/rp2_common/pico_printf/printf.c.obj
 .text._out_rev
                0x1000481c       0xa8 CMakeFiles/pico_kernel.dir/C_/pico/pico-sdk/src/rp2_common/pico_printf/printf.c.obj
 .text._ntoa_format
                0x100048c4      0x1d8 CMakeFiles/pico_kernel.dir/C_/pico/pico-sdk/src/rp2_common/pico_printf/printf.c.obj
 .text._out_char
                0x10004a9c       0x10 CMakeFiles/pico_kernel.dir/C_/pico/pico-sdk/src/rp2_common/pico_printf/printf.c.obj
 .text._ftoa    0x10004aac      0x474 CMakeFiles/pico_kernel.dir/C_/pico/pico-sdk/src/rp2_common/pico_printf/printf.c.obj
 .text._etoa    0x10004f20      0x560 CMakeFiles/pico_kernel.dir/C_/pico/pico-sdk/src/rp2_common/pico_printf/printf.c.obj
 .text._vsnprintf
                0x10005480      0xab8 CMakeFiles/pico_kernel.dir/C_/pico/pico-sdk/src/rp2_common/pico_printf/printf.c.obj
 .text.__wrap_snprintf
                0x10005f38       0x28 CMakeFiles/pico_kernel.dir/C_/pico/pico-sdk/src/rp2_common/pico_printf/printf.c.obj
                0x10005f38                __wrap_snprintf
 .text.weak_raw_vprintf
                0x10005f60       0x30 CMakeFiles/pico_kernel.dir/C_/pico/pico-sdk/src/rp2_common/pico_printf/printf.c.obj
                0x10005f60                weak_raw_vprintf
 .text._exit    0x10005f90        0x4 CMakeFiles/pico_kernel.dir/C_/pico/pico-sdk/src/rp2_common/pico_clib_interface/newlib_interface.c.obj
                0x10005f90                _exit
 .text.exit     0x10005f94        0x8 CMakeFiles/pico_kernel.dir/C_/pico/pico-sdk/src/rp2_common/pico_clib_interface/newlib_interface.c.obj
                0x10005f94                exit
 .text.runtime_init
                0x10005f9c       0x2c CMakeFiles/pico_kernel.dir/C_/pico/pico-sdk/src/rp2_common/pico_clib_interface/newlib_interface.c.obj
                0x10005f9c                runtime_init
 .text.stdio_out_chars_no_crlf
                0x10005fc8       0x10 CMakeFiles/pico_kernel.dir/C_/pico/pico-sdk/src/rp2_common/pico_stdio/stdio.c.obj
 .text.stdio_out_chars_crlf
                0x10005fd8       0x90 CMakeFiles/pico_kernel.dir/C_/pico/pico-sdk/src/rp2_common/pico_stdio/stdio.c.obj
 .text.stdio_put_string
                0x10006068       0xf4 CMakeFiles/pico_kernel.dir/C_/pico/pico-sdk/src/rp2_common/pico_stdio/stdio.c.obj
                0x10006068                stdio_put_string
 .text.stdio_set_driver_enabled
                0x1000615c       0x30 CMakeFiles/pico_kernel.dir/C_/pico/pico-sdk/src/rp2_common/pico_stdio/stdio.c.obj
                0x1000615c                stdio_set_driver_enabled
 .text.stdio_init_all
                0x1000618c        0x8 CMakeFiles/pico_kernel.dir/C_/pico/pico-sdk/src/rp2_common/pico_stdio/stdio.c.obj
                0x1000618c                stdio_init_all
 .text.stdio_getchar_timeout_us
                0x10006194       0x98 CMakeFiles/pico_kernel.dir/C_/pico/pico-sdk/src/rp2_common/pico_stdio/stdio.c.obj
                0x10006194                stdio_getchar_timeout_us
 .text.__wrap_putchar
                0x1000622c       0x94 CMakeFiles/pico_kernel.dir/C_/pico/pico-sdk/src/rp2_common/pico_stdio/stdio.c.obj
                0x1000622c                __wrap_putchar
                0x1000622c                stdio_putchar
 .text.__wrap_puts
                0x100062c0       0x3c CMakeFiles/pico_kernel.dir/C_/pico/pico-sdk/src/rp2_common/pico_stdio/stdio.c.obj
                0x100062c0                stdio_puts
                0x100062c0                __wrap_puts
 .text.resetd_init
                0x100062fc        0x4 CMakeFiles/pico_kernel.dir/C_/pico/pico-sdk/src/rp2_common/pico_stdio_usb/reset_interface.c.obj
 .text.resetd_reset
                0x10006300        0xc CMakeFiles/pico_kernel.dir/C_/pico/pico-sdk/src/rp2_common/pico_stdio_usb/reset_interface.c.obj
 .text.resetd_open
                0x1000630c       0x28 CMakeFiles/pico_kernel.dir/C_/pico/pico-sdk/src/rp2_common/pico_stdio_usb/reset_interface.c.obj
 .text.resetd_xfer_cb
                0x10006334        0x4 CMakeFiles/pico_kernel.dir/C_/pico/pico-sdk/src/rp2_common/pico_stdio_usb/reset_interface.c.obj
 .text.resetd_control_xfer_cb
                0x10006338       0x54 CMakeFiles/pico_kernel.dir/C_/pico/pico-sdk/src/rp2_common/pico_stdio_usb/reset_interface.c.obj
 .text.tud_descriptor_bos_cb
                0x1000638c        0x8 CMakeFiles/pico_kernel.dir/C_/pico/pico-sdk/src/rp2_common/pico_stdio_usb/reset_interface.c.obj
                0x1000638c                tud_descriptor_bos_cb
 .text.tud_vendor_control_xfer_cb
                0x10006394       0x38 CMakeFiles/pico_kernel.dir/C_/pico/pico-sdk/src/rp2_common/pico_stdio_usb/reset_interface.c.obj
                0x10006394                tud_vendor_control_xfer_cb
 .text.usbd_app_driver_get_cb
                0x100063cc        0xc CMakeFiles/pico_kernel.dir/C_/pico/pico-sdk/src/rp2_common/pico_stdio_usb/reset_interface.c.obj
                0x100063cc                usbd_app_driver_get_cb
 .text.tud_cdc_line_coding_cb
                0x100063d8       0x2c CMakeFiles/pico_kernel.dir/C_/pico/pico-sdk/src/rp2_common/pico_stdio_usb/reset_interface.c.obj
                0x100063d8                tud_cdc_line_coding_cb
 .text.stdio_usb_set_chars_available_callback
                0x10006404       0x14 CMakeFiles/pico_kernel.dir/C_/pico/pico-sdk/src/rp2_common/pico_stdio_usb/stdio_usb.c.obj
                0x10006404                stdio_usb_set_chars_available_callback
 .text.usb_irq  0x10006418       0x10 CMakeFiles/pico_kernel.dir/C_/pico/pico-sdk/src/rp2_common/pico_stdio_usb/stdio_usb.c.obj
 .text.timer_task
                0x10006428       0x64 CMakeFiles/pico_kernel.dir/C_/pico/pico-sdk/src/rp2_common/pico_stdio_usb/stdio_usb.c.obj
 .text.stdio_usb_in_chars
                0x1000648c       0x8c CMakeFiles/pico_kernel.dir/C_/pico/pico-sdk/src/rp2_common/pico_stdio_usb/stdio_usb.c.obj
                0x1000648c                stdio_usb_in_chars
 .text.stdio_usb_out_flush
                0x10006518       0x4c CMakeFiles/pico_kernel.dir/C_/pico/pico-sdk/src/rp2_common/pico_stdio_usb/stdio_usb.c.obj
 .text.stdio_usb_out_chars
                0x10006564       0xf8 CMakeFiles/pico_kernel.dir/C_/pico/pico-sdk/src/rp2_common/pico_stdio_usb/stdio_usb.c.obj
 .text.low_priority_worker_irq
                0x1000665c       0xc4 CMakeFiles/pico_kernel.dir/C_/pico/pico-sdk/src/rp2_common/pico_stdio_usb/stdio_usb.c.obj
 .text.stdio_usb_init
                0x10006720       0xe4 CMakeFiles/pico_kernel.dir/C_/pico/pico-sdk/src/rp2_common/pico_stdio_usb/stdio_usb.c.obj
                0x10006720                stdio_usb_init
 .text.tud_descriptor_device_cb
                0x10006804        0x8 CMakeFiles/pico_kernel.dir/C_/pico/pico-sdk/src/rp2_common/pico_stdio_usb/stdio_usb_descriptors.c.obj
                0x10006804                tud_descriptor_device_cb
 .text.tud_descriptor_configuration_cb
                0x1000680c        0x8 CMakeFiles/pico_kernel.dir/C_/pico/pico-sdk/src/rp2_common/pico_stdio_usb/stdio_usb_descriptors.c.obj
                0x1000680c                tud_descriptor_configuration_cb
 .text.tud_descriptor_string_cb
                0x10006814       0x70 CMakeFiles/pico_kernel.dir/C_/pico/pico-sdk/src/rp2_common/pico_stdio_usb/stdio_usb_descriptors.c.obj
                0x10006814                tud_descriptor_string_cb
 .text.startup._retrieve_unique_id_on_boot
                0x10006884       0x10 CMakeFiles/pico_kernel.dir/C_/pico/pico-sdk/src/rp2_common/pico_unique_id/unique_id.c.obj
 .text.pico_get_unique_board_id_string
                0x10006894      0x1e0 CMakeFiles/pico_kernel.dir/C_/pico/pico-sdk/src/rp2_common/pico_unique_id/unique_id.c.obj
                0x10006894                pico_get_unique_board_id_string
 .text.flash_get_unique_id
                0x10006a74       0x3c CMakeFiles/pico_kernel.dir/C_/pico/pico-sdk/src/rp2_common/hardware_flash/flash.c.obj
                0x10006a74                flash_get_unique_id
 .text.dcd_init
                0x10006ab0       0x90 CMakeFiles/pico_kernel.dir/C_/pico/pico-sdk/lib/tinyusb/src/portable/raspberrypi/rp2040/dcd_rp2040.c.obj
                0x10006ab0                dcd_init
 .text.dcd_int_enable
                0x10006b40        0xc CMakeFiles/pico_kernel.dir/C_/pico/pico-sdk/lib/tinyusb/src/portable/raspberrypi/rp2040/dcd_rp2040.c.obj
                0x10006b40                dcd_int_enable
 .text.dcd_set_address
                0x10006b4c       0x14 CMakeFiles/pico_kernel.dir/C_/pico/pico-sdk/lib/tinyusb/src/portable/raspberrypi/rp2040/dcd_rp2040.c.obj
                0x10006b4c                dcd_set_address
 .text.dcd_sof_enable
                0x10006b60       0x1c CMakeFiles/pico_kernel.dir/C_/pico/pico-sdk/lib/tinyusb/src/portable/raspberrypi/rp2040/dcd_rp2040.c.obj
                0x10006b60                dcd_sof_enable
 .text.dcd_edpt0_status_complete
                0x10006b7c       0x1c CMakeFiles/pico_kernel.dir/C_/pico/pico-sdk/lib/tinyusb/src/portable/raspberrypi/rp2040/dcd_rp2040.c.obj
                0x10006b7c                dcd_edpt0_status_complete
 .text.dcd_edpt_open
                0x10006b98      0x114 CMakeFiles/pico_kernel.dir/C_/pico/pico-sdk/lib/tinyusb/src/portable/raspberrypi/rp2040/dcd_rp2040.c.obj
                0x10006b98                dcd_edpt_open
 .text.dcd_edpt_close_all
                0x10006cac        0x8 CMakeFiles/pico_kernel.dir/C_/pico/pico-sdk/lib/tinyusb/src/portable/raspberrypi/rp2040/dcd_rp2040.c.obj
                0x10006cac                dcd_edpt_close_all
 .text.dcd_edpt_xfer
                0x10006cb4       0x24 CMakeFiles/pico_kernel.dir/C_/pico/pico-sdk/lib/tinyusb/src/portable/raspberrypi/rp2040/dcd_rp2040.c.obj
                0x10006cb4                dcd_edpt_xfer
 .text.dcd_edpt_stall
                0x10006cd8       0x3c CMakeFiles/pico_kernel.dir/C_/pico/pico-sdk/lib/tinyusb/src/portable/raspberrypi/rp2040/dcd_rp2040.c.obj
                0x10006cd8                dcd_edpt_stall
 .text.dcd_edpt_clear_stall
                0x10006d14       0x30 CMakeFiles/pico_kernel.dir/C_/pico/pico-sdk/lib/tinyusb/src/portable/raspberrypi/rp2040/dcd_rp2040.c.obj
                0x10006d14                dcd_edpt_clear_stall
 .text.rp2040_usb_init
                0x10006d44       0x40 CMakeFiles/pico_kernel.dir/C_/pico/pico-sdk/lib/tinyusb/src/portable/raspberrypi/rp2040/rp2040_usb.c.obj
                0x10006d44                rp2040_usb_init
 .text.hw_endpoint_xfer_start
                0x10006d84       0x40 CMakeFiles/pico_kernel.dir/C_/pico/pico-sdk/lib/tinyusb/src/portable/raspberrypi/rp2040/rp2040_usb.c.obj
                0x10006d84                hw_endpoint_xfer_start
 .text.tud_event_hook_cb
                0x10006dc4        0x4 CMakeFiles/pico_kernel.dir/C_/pico/pico-sdk/lib/tinyusb/src/device/usbd.c.obj
                0x10006dc4                tud_event_hook_cb
 .text.tud_sof_cb
                0x10006dc8        0x4 CMakeFiles/pico_kernel.dir/C_/pico/pico-sdk/lib/tinyusb/src/device/usbd.c.obj
                0x10006dc8                tud_sof_cb
 .text.tud_descriptor_device_qualifier_cb
                0x10006dcc        0x4 CMakeFiles/pico_kernel.dir/C_/pico/pico-sdk/lib/tinyusb/src/device/usbd.c.obj
                0x10006dcc                tud_descriptor_device_qualifier_cb
 .text.tud_descriptor_other_speed_configuration_cb
                0x10006dd0        0x4 CMakeFiles/pico_kernel.dir/C_/pico/pico-sdk/lib/tinyusb/src/device/usbd.c.obj
                0x10006dd0                tud_descriptor_other_speed_configuration_cb
 .text.tud_mount_cb
                0x10006dd4        0x4 CMakeFiles/pico_kernel.dir/C_/pico/pico-sdk/lib/tinyusb/src/device/usbd.c.obj
                0x10006dd4                tud_mount_cb
 .text.tud_umount_cb
                0x10006dd8        0x4 CMakeFiles/pico_kernel.dir/C_/pico/pico-sdk/lib/tinyusb/src/device/usbd.c.obj
                0x10006dd8                tud_umount_cb
 .text.tud_suspend_cb
                0x10006ddc        0x4 CMakeFiles/pico_kernel.dir/C_/pico/pico-sdk/lib/tinyusb/src/device/usbd.c.obj
                0x10006ddc                tud_suspend_cb
 .text.tud_resume_cb
                0x10006de0        0x4 CMakeFiles/pico_kernel.dir/C_/pico/pico-sdk/lib/tinyusb/src/device/usbd.c.obj
                0x10006de0                tud_resume_cb
 .text.tud_mounted
                0x10006de4       0x10 CMakeFiles/pico_kernel.dir/C_/pico/pico-sdk/lib/tinyusb/src/device/usbd.c.obj
                0x10006de4                tud_mounted
 .text.tud_suspended
                0x10006df4       0x10 CMakeFiles/pico_kernel.dir/C_/pico/pico-sdk/lib/tinyusb/src/device/usbd.c.obj
                0x10006df4                tud_suspended
 .text.tud_rhport_init
                0x10006e04       0xf0 CMakeFiles/pico_kernel.dir/C_/pico/pico-sdk/lib/tinyusb/src/device/usbd.c.obj
                0x10006e04                tud_rhport_init
 .text.tud_task_ext
                0x10006ef4      0x7fc CMakeFiles/pico_kernel.dir/C_/pico/pico-sdk/lib/tinyusb/src/device/usbd.c.obj
                0x10006ef4                tud_task_ext
 .text.usbd_open_edpt_pair
                0x100076f0       0x98 CMakeFiles/pico_kernel.dir/C_/pico/pico-sdk/lib/tinyusb/src/device/usbd.c.obj
                0x100076f0                usbd_open_edpt_pair
 .text.usbd_edpt_open
                0x10007788       0x34 CMakeFiles/pico_kernel.dir/C_/pico/pico-sdk/lib/tinyusb/src/device/usbd.c.obj
                0x10007788                usbd_edpt_open
 .text.usbd_edpt_claim
                0x100077bc       0x28 CMakeFiles/pico_kernel.dir/C_/pico/pico-sdk/lib/tinyusb/src/device/usbd.c.obj
                0x100077bc                usbd_edpt_claim
 .text.usbd_edpt_release
                0x100077e4       0x28 CMakeFiles/pico_kernel.dir/C_/pico/pico-sdk/lib/tinyusb/src/device/usbd.c.obj
                0x100077e4                usbd_edpt_release
 .text.usbd_edpt_xfer
                0x1000780c       0x50 CMakeFiles/pico_kernel.dir/C_/pico/pico-sdk/lib/tinyusb/src/device/usbd.c.obj
                0x1000780c                usbd_edpt_xfer
 .text.tud_control_status
                0x1000785c       0x2c CMakeFiles/pico_kernel.dir/C_/pico/pico-sdk/lib/tinyusb/src/device/usbd_control.c.obj
                0x1000785c                tud_control_status
 .text.tud_control_xfer
                0x10007888       0xa0 CMakeFiles/pico_kernel.dir/C_/pico/pico-sdk/lib/tinyusb/src/device/usbd_control.c.obj
                0x10007888                tud_control_xfer
 .text.usbd_control_reset
                0x10007928       0x14 CMakeFiles/pico_kernel.dir/C_/pico/pico-sdk/lib/tinyusb/src/device/usbd_control.c.obj
                0x10007928                usbd_control_reset
 .text.usbd_control_set_complete_callback
                0x1000793c        0xc CMakeFiles/pico_kernel.dir/C_/pico/pico-sdk/lib/tinyusb/src/device/usbd_control.c.obj
                0x1000793c                usbd_control_set_complete_callback
 .text.usbd_control_set_request
                0x10007948       0x1c CMakeFiles/pico_kernel.dir/C_/pico/pico-sdk/lib/tinyusb/src/device/usbd_control.c.obj
                0x10007948                usbd_control_set_request
 .text.usbd_control_xfer_cb
                0x10007964       0xe8 CMakeFiles/pico_kernel.dir/C_/pico/pico-sdk/lib/tinyusb/src/device/usbd_control.c.obj
                0x10007964                usbd_control_xfer_cb
 .text._prep_out_transaction.isra.0
                0x10007a4c       0x6c CMakeFiles/pico_kernel.dir/C_/pico/pico-sdk/lib/tinyusb/src/class/cdc/cdc_device.c.obj
 .text.tud_cdc_n_connected
                0x10007ab8       0x2c CMakeFiles/pico_kernel.dir/C_/pico/pico-sdk/lib/tinyusb/src/class/cdc/cdc_device.c.obj
                0x10007ab8                tud_cdc_n_connected
 .text.tud_cdc_n_available
                0x10007ae4       0x14 CMakeFiles/pico_kernel.dir/C_/pico/pico-sdk/lib/tinyusb/src/class/cdc/cdc_device.c.obj
                0x10007ae4                tud_cdc_n_available
 .text.tud_cdc_n_read
                0x10007af8       0x88 CMakeFiles/pico_kernel.dir/C_/pico/pico-sdk/lib/tinyusb/src/class/cdc/cdc_device.c.obj
                0x10007af8                tud_cdc_n_read
 .text.tud_cdc_n_write_flush
                0x10007b80       0x78 CMakeFiles/pico_kernel.dir/C_/pico/pico-sdk/lib/tinyusb/src/class/cdc/cdc_device.c.obj
                0x10007b80                tud_cdc_n_write_flush
 .text.tud_cdc_n_write
                0x10007bf8       0x40 CMakeFiles/pico_kernel.dir/C_/pico/pico-sdk/lib/tinyusb/src/class/cdc/cdc_device.c.obj
                0x10007bf8                tud_cdc_n_write
 .text.tud_cdc_n_write_available
                0x10007c38       0x14 CMakeFiles/pico_kernel.dir/C_/pico/pico-sdk/lib/tinyusb/src/class/cdc/cdc_device.c.obj
                0x10007c38                tud_cdc_n_write_available
 .text.cdcd_init
                0x10007c4c       0x70 CMakeFiles/pico_kernel.dir/C_/pico/pico-sdk/lib/tinyusb/src/class/cdc/cdc_device.c.obj
                0x10007c4c                cdcd_init
 .text.cdcd_deinit
                0x10007cbc       0x30 CMakeFiles/pico_kernel.dir/C_/pico/pico-sdk/lib/tinyusb/src/class/cdc/cdc_device.c.obj
                0x10007cbc                cdcd_deinit
 .text.cdcd_reset
                0x10007cec       0x48 CMakeFiles/pico_kernel.dir/C_/pico/pico-sdk/lib/tinyusb/src/class/cdc/cdc_device.c.obj
                0x10007cec                cdcd_reset
 .text.cdcd_open
                0x10007d34       0xa8 CMakeFiles/pico_kernel.dir/C_/pico/pico-sdk/lib/tinyusb/src/class/cdc/cdc_device.c.obj
                0x10007d34                cdcd_open
 .text.cdcd_control_xfer_cb
                0x10007ddc       0xf0 CMakeFiles/pico_kernel.dir/C_/pico/pico-sdk/lib/tinyusb/src/class/cdc/cdc_device.c.obj
                0x10007ddc                cdcd_control_xfer_cb
 .text.cdcd_xfer_cb
                0x10007ecc       0xf8 CMakeFiles/pico_kernel.dir/C_/pico/pico-sdk/lib/tinyusb/src/class/cdc/cdc_device.c.obj
                0x10007ecc                cdcd_xfer_cb
 .text.vendord_init
                0x10007fc4       0x5c CMakeFiles/pico_kernel.dir/C_/pico/pico-sdk/lib/tinyusb/src/class/vendor/vendor_device.c.obj
                0x10007fc4                vendord_init
 .text.vendord_deinit
                0x10008020       0x1c CMakeFiles/pico_kernel.dir/C_/pico/pico-sdk/lib/tinyusb/src/class/vendor/vendor_device.c.obj
                0x10008020                vendord_deinit
 .text.vendord_reset
                0x1000803c       0x28 CMakeFiles/pico_kernel.dir/C_/pico/pico-sdk/lib/tinyusb/src/class/vendor/vendor_device.c.obj
                0x1000803c                vendord_reset
 .text.vendord_open
                0x10008064      0x104 CMakeFiles/pico_kernel.dir/C_/pico/pico-sdk/lib/tinyusb/src/class/vendor/vendor_device.c.obj
                0x10008064                vendord_open
 .text.vendord_xfer_cb
                0x10008168       0xa0 CMakeFiles/pico_kernel.dir/C_/pico/pico-sdk/lib/tinyusb/src/class/vendor/vendor_device.c.obj
                0x10008168                vendord_xfer_cb
 .text.tusb_rhport_init
                0x10008208       0x4c CMakeFiles/pico_kernel.dir/C_/pico/pico-sdk/lib/tinyusb/src/tusb.c.obj
                0x10008208                tusb_rhport_init
 .text.tu_edpt_claim
                0x10008254       0x50 CMakeFiles/pico_kernel.dir/C_/pico/pico-sdk/lib/tinyusb/src/tusb.c.obj
                0x10008254                tu_edpt_claim
 .text.tu_edpt_release
                0x100082a4       0x38 CMakeFiles/pico_kernel.dir/C_/pico/pico-sdk/lib/tinyusb/src/tusb.c.obj
                0x100082a4                tu_edpt_release
 .text.tu_edpt_validate
                0x100082dc       0x74 CMakeFiles/pico_kernel.dir/C_/pico/pico-sdk/lib/tinyusb/src/tusb.c.obj
                0x100082dc                tu_edpt_validate
 .text.tu_edpt_bind_driver
                0x10008350       0x34 CMakeFiles/pico_kernel.dir/C_/pico/pico-sdk/lib/tinyusb/src/tusb.c.obj
                0x10008350                tu_edpt_bind_driver
 .text.tu_edpt_stream_init
                0x10008384       0x68 CMakeFiles/pico_kernel.dir/C_/pico/pico-sdk/lib/tinyusb/src/tusb.c.obj
                0x10008384                tu_edpt_stream_init
 .text.tu_edpt_stream_deinit
                0x100083ec        0x4 CMakeFiles/pico_kernel.dir/C_/pico/pico-sdk/lib/tinyusb/src/tusb.c.obj
                0x100083ec                tu_edpt_stream_deinit
 .text.tu_edpt_stream_write_zlp_if_needed
                0x100083f0       0x64 CMakeFiles/pico_kernel.dir/C_/pico/pico-sdk/lib/tinyusb/src/tusb.c.obj
                0x100083f0                tu_edpt_stream_write_zlp_if_needed
 .text.tu_edpt_stream_write_xfer
                0x10008454       0x6c CMakeFiles/pico_kernel.dir/C_/pico/pico-sdk/lib/tinyusb/src/tusb.c.obj
                0x10008454                tu_edpt_stream_write_xfer
 .text.tu_edpt_stream_read_xfer
                0x100084c0       0xd8 CMakeFiles/pico_kernel.dir/C_/pico/pico-sdk/lib/tinyusb/src/tusb.c.obj
                0x100084c0                tu_edpt_stream_read_xfer
 .text.tu_fifo_config
                0x10008598       0x6c CMakeFiles/pico_kernel.dir/C_/pico/pico-sdk/lib/tinyusb/src/common/tusb_fifo.c.obj
                0x10008598                tu_fifo_config
 .text.tu_fifo_count
                0x10008604       0x2c CMakeFiles/pico_kernel.dir/C_/pico/pico-sdk/lib/tinyusb/src/common/tusb_fifo.c.obj
                0x10008604                tu_fifo_count
 .text.tu_fifo_empty
                0x10008630       0x10 CMakeFiles/pico_kernel.dir/C_/pico/pico-sdk/lib/tinyusb/src/common/tusb_fifo.c.obj
                0x10008630                tu_fifo_empty
 .text.tu_fifo_remaining
                0x10008640       0x2c CMakeFiles/pico_kernel.dir/C_/pico/pico-sdk/lib/tinyusb/src/common/tusb_fifo.c.obj
                0x10008640                tu_fifo_remaining
 .text.tu_fifo_read
                0x1000866c       0x9c CMakeFiles/pico_kernel.dir/C_/pico/pico-sdk/lib/tinyusb/src/common/tusb_fifo.c.obj
                0x1000866c                tu_fifo_read
 .text.tu_fifo_read_n
                0x10008708       0xec CMakeFiles/pico_kernel.dir/C_/pico/pico-sdk/lib/tinyusb/src/common/tusb_fifo.c.obj
                0x10008708                tu_fifo_read_n
 .text.tu_fifo_write
                0x100087f4       0xa4 CMakeFiles/pico_kernel.dir/C_/pico/pico-sdk/lib/tinyusb/src/common/tusb_fifo.c.obj
                0x100087f4                tu_fifo_write
 .text.tu_fifo_write_n
                0x10008898      0x168 CMakeFiles/pico_kernel.dir/C_/pico/pico-sdk/lib/tinyusb/src/common/tusb_fifo.c.obj
                0x10008898                tu_fifo_write_n
 .text.tu_fifo_clear
                0x10008a00       0x40 CMakeFiles/pico_kernel.dir/C_/pico/pico-sdk/lib/tinyusb/src/common/tusb_fifo.c.obj
                0x10008a00                tu_fifo_clear
 .text.tu_fifo_set_overwritable
                0x10008a40       0x48 CMakeFiles/pico_kernel.dir/C_/pico/pico-sdk/lib/tinyusb/src/common/tusb_fifo.c.obj
                0x10008a40                tu_fifo_set_overwritable
 .text.spi_init
                0x10008a88      0x110 CMakeFiles/pico_kernel.dir/C_/pico/pico-sdk/src/rp2_common/hardware_spi/spi.c.obj
                0x10008a88                spi_init
 .text.core1_trampoline
                0x10008b98        0x4 CMakeFiles/pico_kernel.dir/C_/pico/pico-sdk/src/rp2_common/pico_multicore/multicore.c.obj
 .text.core1_wrapper
                0x10008b9c        0xc CMakeFiles/pico_kernel.dir/C_/pico/pico-sdk/src/rp2_common/pico_multicore/multicore.c.obj
                0x10008b9c                core1_wrapper
 .text.multicore_launch_core1_raw
                0x10008ba8       0x88 CMakeFiles/pico_kernel.dir/C_/pico/pico-sdk/src/rp2_common/pico_multicore/multicore.c.obj
                0x10008ba8                multicore_launch_core1_raw
 .text.multicore_launch_core1
                0x10008c30       0x5c CMakeFiles/pico_kernel.dir/C_/pico/pico-sdk/src/rp2_common/pico_multicore/multicore.c.obj
                0x10008c30                multicore_launch_core1
 .text.strlen   0x10008c8c       0x60 C:/Users/david/scoop/apps/gcc-arm-none-eabi/15.2.rel1/bin/../lib/gcc/arm-none-eabi/15.2.1/../../../../arm-none-eabi/lib/thumb/v6-m/nofp\libg.a(libc_a-strlen-stub.o)
                0x10008c8c                strlen
 *(.fini)
 .fini          0x10008cec        0x4 C:/Users/david/scoop/apps/gcc-arm-none-eabi/15.2.rel1/bin/../lib/gcc/arm-none-eabi/15.2.1/thumb/v6-m/nofp/crti.o
                0x10008cec                _fini
 .fini.__stub   0x10008cf0       0xe0 linker stubs
 *crtbegin.o(.ctors)
 *crtbegin?.o(.ctors)
 *(EXCLUDE_FILE(*crtend.o *crtend?.o) .ctors)
 *(SORT_BY_NAME(.ctors.*))
 *(.ctors)
 *crtbegin.o(.dtors)
 *crtbegin?.o(.dtors)
 *(EXCLUDE_FILE(*crtend.o *crtend?.o) .dtors)
 *(SORT_BY_NAME(.dtors.*))
 *(.dtors)
                0x10008dd0                        . = ALIGN (0x4)
                0x10008dd0                        PROVIDE (__preinit_array_start = .)
 *(SORT_BY_NAME(.preinit_array.*))
 .preinit_array.00100
                0x10008dd0        0x4 CMakeFiles/pico_kernel.dir/C_/pico/pico-sdk/src/rp2_common/pico_runtime_init/runtime_init.c.obj
                0x10008dd0                __pre_init_runtime_init_early_resets
 .preinit_array.00101
                0x10008dd4        0x4 CMakeFiles/pico_kernel.dir/C_/pico/pico-sdk/src/rp2_common/pico_runtime_init/runtime_init.c.obj
                0x10008dd4                __pre_init_runtime_init_usb_power_down
 .preinit_array.00275
                0x10008dd8        0x4 CMakeFiles/pico_kernel.dir/C_/pico/pico-sdk/src/rp2_common/pico_bit_ops/bit_ops_aeabi.S.obj
 .preinit_array.00300
                0x10008ddc        0x4 CMakeFiles/pico_kernel.dir/C_/pico/pico-sdk/src/rp2_common/pico_mem_ops/mem_ops_aeabi.S.obj
 .preinit_array.00350
                0x10008de0        0x4 CMakeFiles/pico_kernel.dir/C_/pico/pico-sdk/src/rp2_common/pico_double/double_aeabi_rp2040.S.obj
 .preinit_array.00350
                0x10008de4        0x4 CMakeFiles/pico_kernel.dir/C_/pico/pico-sdk/src/rp2_common/pico_float/float_aeabi_rp2040.S.obj
 .preinit_array.00500
                0x10008de8        0x4 CMakeFiles/pico_kernel.dir/C_/pico/pico-sdk/src/rp2_common/pico_runtime_init/runtime_init.c.obj
                0x10008de8                __pre_init_runtime_init_clocks
 .preinit_array.00600
                0x10008dec        0x4 CMakeFiles/pico_kernel.dir/C_/pico/pico-sdk/src/rp2_common/pico_runtime_init/runtime_init.c.obj
                0x10008dec                __pre_init_runtime_init_post_clock_resets
 .preinit_array.00700
                0x10008df0        0x4 CMakeFiles/pico_kernel.dir/C_/pico/pico-sdk/src/rp2_common/pico_runtime_init/runtime_init.c.obj
                0x10008df0                __pre_init_runtime_init_rp2040_gpio_ie_disable
 .preinit_array.01000
                0x10008df4        0x4 CMakeFiles/pico_kernel.dir/C_/pico/pico-sdk/src/rp2_common/pico_runtime_init/runtime_init.c.obj
                0x10008df4                __pre_init_runtime_init_spin_locks_reset
 .preinit_array.01100
                0x10008df8        0x4 CMakeFiles/pico_kernel.dir/C_/pico/pico-sdk/src/common/pico_sync/mutex.c.obj
                0x10008df8                __pre_init_runtime_init_mutex
 .preinit_array.10080
                0x10008dfc        0x4 CMakeFiles/pico_kernel.dir/C_/pico/pico-sdk/src/rp2_common/pico_runtime_init/runtime_init.c.obj
                0x10008dfc                __pre_init_runtime_init_install_ram_vector_table
 .preinit_array.11000
                0x10008e00        0x4 CMakeFiles/pico_kernel.dir/C_/pico/pico-sdk/src/common/pico_time/time.c.obj
                0x10008e00                __pre_init_runtime_init_default_alarm_pool
 .preinit_array.YYYYY
                0x10008e04        0x4 CMakeFiles/pico_kernel.dir/C_/pico/pico-sdk/src/rp2_common/pico_runtime/runtime.c.obj
                0x10008e04                __pre_init_first_per_core_initializer
 .preinit_array.ZZZZZ.01200
                0x10008e08        0x4 CMakeFiles/pico_kernel.dir/C_/pico/pico-sdk/src/rp2_common/hardware_irq/irq.c.obj
                0x10008e08                __pre_init_runtime_init_per_core_irq_priorities
 *(.preinit_array)
                0x10008e0c                        PROVIDE (__preinit_array_end = .)
                0x10008e0c                        . = ALIGN (0x4)
                0x10008e0c                        PROVIDE (__init_array_start = .)
 *(SORT_BY_NAME(.init_array.*))
 .init_array.01000
                0x10008e0c        0x4 CMakeFiles/pico_kernel.dir/C_/pico/pico-sdk/src/rp2_common/pico_unique_id/unique_id.c.obj
 *(.init_array)
 .init_array    0x10008e10        0x4 C:/Users/david/scoop/apps/gcc-arm-none-eabi/15.2.rel1/bin/../lib/gcc/arm-none-eabi/15.2.1/thumb/v6-m/nofp/crtbegin.o
                0x10008e14                        PROVIDE (__init_array_end = .)
                0x10008e14                        . = ALIGN (0x4)
                [!provide]                        PROVIDE (__fini_array_start = .)
 *(SORT_BY_NAME(.fini_array.*))
 *(.fini_array)
                [!provide]                        PROVIDE (__fini_array_end = .)
 *(.eh_frame*)
 .eh_frame      0x10008e14        0x0 C:/Users/david/scoop/apps/gcc-arm-none-eabi/15.2.rel1/bin/../lib/gcc/arm-none-eabi/15.2.1/thumb/v6-m/nofp/crtbegin.o
                0x10008e14                        . = ALIGN (0x4)

.glue_7         0x10008e14        0x0
 .glue_7        0x10008e14        0x0 linker stubs

.glue_7t        0x10008e14        0x0
 .glue_7t       0x10008e14        0x0 linker stubs

.vfp11_veneer   0x10008e14        0x0
 .vfp11_veneer  0x10008e14        0x0 linker stubs

.v4_bx          0x10008e14        0x0
 .v4_bx         0x10008e14        0x0 linker stubs

.iplt           0x10008e14        0x0
 .iplt          0x10008e14        0x0 C:/Users/david/scoop/apps/gcc-arm-none-eabi/15.2.rel1/bin/../lib/gcc/arm-none-eabi/15.2.1/thumb/v6-m/nofp/crtbegin.o

.rodata         0x10008e18     0x999c
 *(EXCLUDE_FILE(*libm.a: *libc.a:*lib_a-mem*.o *libgcc.a:) .rodata*)
 .rodata.main.str1.4
                0x10008e18      0x398 CMakeFiles/pico_kernel.dir/src/main.c.obj
                                  0x6 (size before relaxing)
 .rodata.logo_data
                0x100091b0     0x8e62 CMakeFiles/pico_kernel.dir/src/main.c.obj
 .rodata.shell_println.str1.4
                0x10012012        0x0 CMakeFiles/pico_kernel.dir/src/kernel/shell.c.obj
                                  0x2 (size before relaxing)
 .rodata.shell_run.str1.4
                0x10012012        0x0 CMakeFiles/pico_kernel.dir/src/kernel/shell.c.obj
                                0x224 (size before relaxing)
 *fill*         0x10012012        0x2 
 .rodata.font8x8
                0x10012014      0x2f8 CMakeFiles/pico_kernel.dir/src/kernel/shell.c.obj
 .rodata.panic.str1.4
                0x1001230c        0x0 CMakeFiles/pico_kernel.dir/C_/pico/pico-sdk/src/rp2_common/pico_platform_panic/panic.c.obj
                                 0x12 (size before relaxing)
 .rodata.spin_lock_claim_unused.str1.4
                0x1001230c        0x0 CMakeFiles/pico_kernel.dir/C_/pico/pico-sdk/src/rp2_common/hardware_sync/sync.c.obj
                                 0x1b (size before relaxing)
 .rodata.user_irq_claim_unused.str1.4
                0x1001230c        0x0 CMakeFiles/pico_kernel.dir/C_/pico/pico-sdk/src/rp2_common/hardware_irq/irq.c.obj
                                 0x1b (size before relaxing)
 .rodata.timer_hardware_alarm_claim.str1.4
                0x1001230c        0x0 CMakeFiles/pico_kernel.dir/C_/pico/pico-sdk/src/rp2_common/hardware_timer/timer.c.obj
                                 0x22 (size before relaxing)
 .rodata.hard_assertion_failure.str1.4
                0x1001230c        0x0 CMakeFiles/pico_kernel.dir/C_/pico/pico-sdk/src/rp2_common/pico_runtime/runtime.c.obj
                                  0xc (size before relaxing)
 .rodata.str1.4
                0x1001230c        0x0 CMakeFiles/pico_kernel.dir/C_/pico/pico-sdk/src/rp2_common/pico_standard_binary_info/standard_binary_info.c.obj
                                 0x40 (size before relaxing)
 .rodata.__bi_84
                0x1001230c        0xc CMakeFiles/pico_kernel.dir/C_/pico/pico-sdk/src/rp2_common/pico_standard_binary_info/standard_binary_info.c.obj
 .rodata.__bi_78
                0x10012318        0xc CMakeFiles/pico_kernel.dir/C_/pico/pico-sdk/src/rp2_common/pico_standard_binary_info/standard_binary_info.c.obj
 .rodata.__bi_54
                0x10012324        0xc CMakeFiles/pico_kernel.dir/C_/pico/pico-sdk/src/rp2_common/pico_standard_binary_info/standard_binary_info.c.obj
 .rodata.__bi_48
                0x10012330        0xc CMakeFiles/pico_kernel.dir/C_/pico/pico-sdk/src/rp2_common/pico_standard_binary_info/standard_binary_info.c.obj
 .rodata.__bi_42
                0x1001233c        0xc CMakeFiles/pico_kernel.dir/C_/pico/pico-sdk/src/rp2_common/pico_standard_binary_info/standard_binary_info.c.obj
 .rodata.__bi_34
                0x10012348        0xc CMakeFiles/pico_kernel.dir/C_/pico/pico-sdk/src/rp2_common/pico_standard_binary_info/standard_binary_info.c.obj
 .rodata.__bi_26
                0x10012354        0xc CMakeFiles/pico_kernel.dir/C_/pico/pico-sdk/src/rp2_common/pico_standard_binary_info/standard_binary_info.c.obj
 .rodata._ftoa.str1.4
                0x10012360        0x0 CMakeFiles/pico_kernel.dir/C_/pico/pico-sdk/src/rp2_common/pico_printf/printf.c.obj
                                 0x15 (size before relaxing)
 .rodata._vsnprintf
                0x10012360      0x19c CMakeFiles/pico_kernel.dir/C_/pico/pico-sdk/src/rp2_common/pico_printf/printf.c.obj
 *fill*         0x100124fc        0x4 
 .rodata.pow10.0
                0x10012500       0x50 CMakeFiles/pico_kernel.dir/C_/pico/pico-sdk/src/rp2_common/pico_printf/printf.c.obj
 .rodata.crlf_str.0
                0x10012550        0x2 CMakeFiles/pico_kernel.dir/C_/pico/pico-sdk/src/rp2_common/pico_stdio/stdio.c.obj
 *fill*         0x10012552        0x2 
 .rodata._resetd_driver
                0x10012554       0x20 CMakeFiles/pico_kernel.dir/C_/pico/pico-sdk/src/rp2_common/pico_stdio_usb/reset_interface.c.obj
 .rodata.desc_ms_os_20
                0x10012574       0xa6 CMakeFiles/pico_kernel.dir/C_/pico/pico-sdk/src/rp2_common/pico_stdio_usb/reset_interface.c.obj
 *fill*         0x1001261a        0x2 
 .rodata.desc_bos
                0x1001261c       0x21 CMakeFiles/pico_kernel.dir/C_/pico/pico-sdk/src/rp2_common/pico_stdio_usb/reset_interface.c.obj
                0x1001261c                desc_bos
 .rodata.str1.4
                0x1001263d        0x0 CMakeFiles/pico_kernel.dir/C_/pico/pico-sdk/src/rp2_common/pico_stdio_usb/stdio_usb.c.obj
                                 0x13 (size before relaxing)
 *fill*         0x1001263d        0x3 
 .rodata.__bi_202.0
                0x10012640        0xc CMakeFiles/pico_kernel.dir/C_/pico/pico-sdk/src/rp2_common/pico_stdio_usb/stdio_usb.c.obj
 .rodata.str1.4
                0x1001264c        0x0 CMakeFiles/pico_kernel.dir/C_/pico/pico-sdk/src/rp2_common/pico_stdio_usb/stdio_usb_descriptors.c.obj
                                 0x2a (size before relaxing)
 .rodata.usbd_desc_str
                0x1001264c       0x18 CMakeFiles/pico_kernel.dir/C_/pico/pico-sdk/src/rp2_common/pico_stdio_usb/stdio_usb_descriptors.c.obj
 .rodata.usbd_desc_cfg
                0x10012664       0x54 CMakeFiles/pico_kernel.dir/C_/pico/pico-sdk/src/rp2_common/pico_stdio_usb/stdio_usb_descriptors.c.obj
 .rodata.usbd_desc_device
                0x100126b8       0x12 CMakeFiles/pico_kernel.dir/C_/pico/pico-sdk/src/rp2_common/pico_stdio_usb/stdio_usb_descriptors.c.obj
 .rodata.str1.4
                0x100126ca        0x0 CMakeFiles/pico_kernel.dir/C_/pico/pico-sdk/lib/tinyusb/src/portable/raspberrypi/rp2040/dcd_rp2040.c.obj
                                 0x14 (size before relaxing)
 .rodata.str1.4
                0x100126ca        0x0 CMakeFiles/pico_kernel.dir/C_/pico/pico-sdk/lib/tinyusb/src/portable/raspberrypi/rp2040/rp2040_usb.c.obj
                                 0x48 (size before relaxing)
 *fill*         0x100126ca        0x2 
 .rodata.tud_task_ext
                0x100126cc       0x8c CMakeFiles/pico_kernel.dir/C_/pico/pico-sdk/lib/tinyusb/src/device/usbd.c.obj
 .rodata        0x10012758       0x1c CMakeFiles/pico_kernel.dir/C_/pico/pico-sdk/lib/tinyusb/src/device/usbd.c.obj
 .rodata._usbd_driver
                0x10012774       0x40 CMakeFiles/pico_kernel.dir/C_/pico/pico-sdk/lib/tinyusb/src/device/usbd.c.obj
                0x100127b4                        . = ALIGN (0x4)
 *(SORT_BY_ALIGNMENT(SORT_BY_NAME(.flashdata*)))
                0x100127b4                        . = ALIGN (0x4)

.ARM.extab
 *(.ARM.extab* .gnu.linkonce.armextab.*)
                0x100127b4                        __exidx_start = .

.ARM.exidx
 *(.ARM.exidx* .gnu.linkonce.armexidx.*)
                0x100127b4                        __exidx_end = .
                0x100127b4                        . = ALIGN (0x4)
                0x100127b4                        __binary_info_start = .

.binary_info    0x100127b4       0x20
 *(.binary_info.keep.*)
 .binary_info.keep.__bi_ptr84
                0x100127b4        0x4 CMakeFiles/pico_kernel.dir/C_/pico/pico-sdk/src/rp2_common/pico_standard_binary_info/standard_binary_info.c.obj
 .binary_info.keep.__bi_ptr78
                0x100127b8        0x4 CMakeFiles/pico_kernel.dir/C_/pico/pico-sdk/src/rp2_common/pico_standard_binary_info/standard_binary_info.c.obj
 .binary_info.keep.__bi_ptr54
                0x100127bc        0x4 CMakeFiles/pico_kernel.dir/C_/pico/pico-sdk/src/rp2_common/pico_standard_binary_info/standard_binary_info.c.obj
 .binary_info.keep.__bi_ptr48
                0x100127c0        0x4 CMakeFiles/pico_kernel.dir/C_/pico/pico-sdk/src/rp2_common/pico_standard_binary_info/standard_binary_info.c.obj
 .binary_info.keep.__bi_ptr42
                0x100127c4        0x4 CMakeFiles/pico_kernel.dir/C_/pico/pico-sdk/src/rp2_common/pico_standard_binary_info/standard_binary_info.c.obj
 .binary_info.keep.__bi_ptr34
                0x100127c8        0x4 CMakeFiles/pico_kernel.dir/C_/pico/pico-sdk/src/rp2_common/pico_standard_binary_info/standard_binary_info.c.obj
 .binary_info.keep.__bi_ptr26
                0x100127cc        0x4 CMakeFiles/pico_kernel.dir/C_/pico/pico-sdk/src/rp2_common/pico_standard_binary_info/standard_binary_info.c.obj
 *(.binary_info.*)
 .binary_info.__bi_ptr202
                0x100127d0        0x4 CMakeFiles/pico_kernel.dir/C_/pico/pico-sdk/src/rp2_common/pico_stdio_usb/stdio_usb.c.obj
                0x100127d4                        __binary_info_end = .
                0x100127d4                        . = ALIGN (0x4)

.ram_vector_table
                0x20000000       0xc0
 *(.ram_vector_table)
 .ram_vector_table
                0x20000000       0xc0 CMakeFiles/pico_kernel.dir/C_/pico/pico-sdk/src/rp2_common/pico_runtime_init/runtime_init.c.obj
                0x20000000                ram_vector_table

.uninitialized_data
                0x200000c0        0x0
                0x200000c0                        . = ALIGN (0x4)
 *(.uninitialized_data*)

.data           0x200000c0     0x1048 load address 0x100127d4
                0x200000c0                        __data_start__ = .
 *(vtable)
 *(.time_critical*)
 .time_critical.mutex_enter_blocking
                0x200000c0       0x48 CMakeFiles/pico_kernel.dir/C_/pico/pico-sdk/src/common/pico_sync/mutex.c.obj
                0x200000c0                mutex_enter_blocking
 .time_critical.mutex_try_enter
                0x20000108       0x40 CMakeFiles/pico_kernel.dir/C_/pico/pico-sdk/src/common/pico_sync/mutex.c.obj
                0x20000108                mutex_try_enter
 .time_critical.mutex_try_enter_block_until
                0x20000148       0x98 CMakeFiles/pico_kernel.dir/C_/pico/pico-sdk/src/common/pico_sync/mutex.c.obj
                0x20000148                mutex_try_enter_block_until
 .time_critical.mutex_enter_timeout_ms
                0x200001e0       0x8c CMakeFiles/pico_kernel.dir/C_/pico/pico-sdk/src/common/pico_sync/mutex.c.obj
                0x200001e0                mutex_enter_timeout_ms
 .time_critical.mutex_exit
                0x2000026c       0x28 CMakeFiles/pico_kernel.dir/C_/pico/pico-sdk/src/common/pico_sync/mutex.c.obj
                0x2000026c                mutex_exit
 .time_critical.flash_init_boot2_copyout
                0x20000294       0x30 CMakeFiles/pico_kernel.dir/C_/pico/pico-sdk/src/rp2_common/hardware_flash/flash.c.obj
 .time_critical.flash_enable_xip_via_boot2
                0x200002c4        0xc CMakeFiles/pico_kernel.dir/C_/pico/pico-sdk/src/rp2_common/hardware_flash/flash.c.obj
 .time_critical.flash_save_hardware_state
                0x200002d0       0x20 CMakeFiles/pico_kernel.dir/C_/pico/pico-sdk/src/rp2_common/hardware_flash/flash.c.obj
 .time_critical.flash_restore_hardware_state
                0x200002f0       0x20 CMakeFiles/pico_kernel.dir/C_/pico/pico-sdk/src/rp2_common/hardware_flash/flash.c.obj
 .time_critical.flash_cs_force
                0x20000310       0x38 CMakeFiles/pico_kernel.dir/C_/pico/pico-sdk/src/rp2_common/hardware_flash/flash.c.obj
 .time_critical.flash_do_cmd
                0x20000348      0x124 CMakeFiles/pico_kernel.dir/C_/pico/pico-sdk/src/rp2_common/hardware_flash/flash.c.obj
                0x20000348                flash_do_cmd
 .time_critical.reset_non_control_endpoints
                0x2000046c       0x68 CMakeFiles/pico_kernel.dir/C_/pico/pico-sdk/lib/tinyusb/src/portable/raspberrypi/rp2040/dcd_rp2040.c.obj
 .time_critical.hw_handle_buff_status
                0x200004d4       0x88 CMakeFiles/pico_kernel.dir/C_/pico/pico-sdk/lib/tinyusb/src/portable/raspberrypi/rp2040/dcd_rp2040.c.obj
 .time_critical.dcd_rp2040_irq
                0x2000055c      0x53c CMakeFiles/pico_kernel.dir/C_/pico/pico-sdk/lib/tinyusb/src/portable/raspberrypi/rp2040/dcd_rp2040.c.obj
 .time_critical.prepare_ep_buffer
                0x20000a98       0xc4 CMakeFiles/pico_kernel.dir/C_/pico/pico-sdk/lib/tinyusb/src/portable/raspberrypi/rp2040/rp2040_usb.c.obj
 .time_critical.sync_ep_buffer
                0x20000b5c       0xa0 CMakeFiles/pico_kernel.dir/C_/pico/pico-sdk/lib/tinyusb/src/portable/raspberrypi/rp2040/rp2040_usb.c.obj
 .time_critical._hw_endpoint_xfer_sync
                0x20000bfc       0x28 CMakeFiles/pico_kernel.dir/C_/pico/pico-sdk/lib/tinyusb/src/portable/raspberrypi/rp2040/rp2040_usb.c.obj
 .time_critical.e15_is_bulkin_ep
                0x20000c24       0x28 CMakeFiles/pico_kernel.dir/C_/pico/pico-sdk/lib/tinyusb/src/portable/raspberrypi/rp2040/rp2040_usb.c.obj
 .time_critical.e15_is_critical_frame_period
                0x20000c4c       0x30 CMakeFiles/pico_kernel.dir/C_/pico/pico-sdk/lib/tinyusb/src/portable/raspberrypi/rp2040/rp2040_usb.c.obj
 .time_critical.hw_endpoint_reset_transfer
                0x20000c7c        0xc CMakeFiles/pico_kernel.dir/C_/pico/pico-sdk/lib/tinyusb/src/portable/raspberrypi/rp2040/rp2040_usb.c.obj
                0x20000c7c                hw_endpoint_reset_transfer
 .time_critical._hw_endpoint_buffer_control_update32
                0x20000c88       0x50 CMakeFiles/pico_kernel.dir/C_/pico/pico-sdk/lib/tinyusb/src/portable/raspberrypi/rp2040/rp2040_usb.c.obj
                0x20000c88                _hw_endpoint_buffer_control_update32
 .time_critical.hw_endpoint_start_next_buffer
                0x20000cd8       0x68 CMakeFiles/pico_kernel.dir/C_/pico/pico-sdk/lib/tinyusb/src/portable/raspberrypi/rp2040/rp2040_usb.c.obj
                0x20000cd8                hw_endpoint_start_next_buffer
 .time_critical.hw_endpoint_xfer_continue
                0x20000d40       0x40 CMakeFiles/pico_kernel.dir/C_/pico/pico-sdk/lib/tinyusb/src/portable/raspberrypi/rp2040/rp2040_usb.c.obj
                0x20000d40                hw_endpoint_xfer_continue
 .time_critical.tinyusb
                0x20000d80      0x1d8 CMakeFiles/pico_kernel.dir/C_/pico/pico-sdk/lib/tinyusb/src/device/usbd.c.obj
                0x20000d80                dcd_event_handler
 .time_critical.spi_write_blocking
                0x20000f58       0x50 CMakeFiles/pico_kernel.dir/C_/pico/pico-sdk/src/rp2_common/hardware_spi/spi.c.obj
                0x20000f58                spi_write_blocking
 *(.text*)
 .text          0x20000fa8        0x4 C:/Users/david/scoop/apps/gcc-arm-none-eabi/15.2.rel1/bin/../lib/gcc/arm-none-eabi/15.2.1/thumb/v6-m/nofp\libgcc.a(_dvmd_tls.o)
                0x20000fa8                __aeabi_idiv0
                0x20000fa8                __aeabi_ldiv0
 *fill*         0x20000fac        0x4 
 .text.__stub   0x20000fb0       0x80 linker stubs
                0x20001030                        . = ALIGN (0x4)
 *(.rodata*)
                0x20001030                        . = ALIGN (0x4)
 *(.data*)
 .data.striped_spin_lock_num
                0x20001030        0x1 CMakeFiles/pico_kernel.dir/C_/pico/pico-sdk/src/rp2_common/hardware_sync/sync.c.obj
 *fill*         0x20001031        0x3 
 .data          0x20001034       0x48 CMakeFiles/pico_kernel.dir/C_/pico/pico-sdk/src/rp2_common/hardware_irq/irq_handler_chain.S.obj
                0x20001034                irq_handler_chain_slots
                0x20001064                irq_handler_chain_first_slot
                0x2000106e                irq_handler_chain_remove_tail
 .data.default_alarm_pool
                0x2000107c       0x18 CMakeFiles/pico_kernel.dir/C_/pico/pico-sdk/src/common/pico_time/time.c.obj
 *fill*         0x20001094        0xc 
 .data.aeabi_bits_funcs
                0x200010a0       0x10 CMakeFiles/pico_kernel.dir/C_/pico/pico-sdk/src/rp2_common/pico_bit_ops/bit_ops_aeabi.S.obj
                0x200010a0                aeabi_bits_funcs
                0x200010b0                aeabi_bits_funcs_end
 .data.aeabi_mem_funcs
                0x200010b0       0x10 CMakeFiles/pico_kernel.dir/C_/pico/pico-sdk/src/rp2_common/pico_mem_ops/mem_ops_aeabi.S.obj
                0x200010b0                aeabi_mem_funcs
                0x200010c0                aeabi_mem_funcs_end
 .data.stdio_usb
                0x200010c0       0x18 CMakeFiles/pico_kernel.dir/C_/pico/pico-sdk/src/rp2_common/pico_stdio_usb/stdio_usb.c.obj
                0x200010c0                stdio_usb
 .data._usbd_qdef
                0x200010d8       0x1c CMakeFiles/pico_kernel.dir/C_/pico/pico-sdk/lib/tinyusb/src/device/usbd.c.obj
                0x200010d8                _usbd_qdef
 .data._usbd_rhport
                0x200010f4        0x1 CMakeFiles/pico_kernel.dir/C_/pico/pico-sdk/lib/tinyusb/src/device/usbd.c.obj
                0x200010f8                        . = ALIGN (0x4)
 *fill*         0x200010f5        0x3 
 *(.after_data.*)
                0x200010f8                        . = ALIGN (0x4)
                0x200010f8                        PROVIDE (__mutex_array_start = .)
 *(SORT_BY_NAME(.mutex_array.*))
 *(.mutex_array)
 .mutex_array   0x200010f8        0x8 CMakeFiles/pico_kernel.dir/C_/pico/pico-sdk/src/rp2_common/pico_malloc/malloc.c.obj
 .mutex_array   0x20001100        0x8 CMakeFiles/pico_kernel.dir/C_/pico/pico-sdk/src/rp2_common/pico_stdio/stdio.c.obj
                0x20001108                        PROVIDE (__mutex_array_end = .)
                0x20001108                        . = ALIGN (0x4)
 *(.jcr)
                0x20001108                        . = ALIGN (0x4)

.tm_clone_table
                0x20001108        0x0 load address 0x1001381c
 .tm_clone_table
                0x20001108        0x0 C:/Users/david/scoop/apps/gcc-arm-none-eabi/15.2.rel1/bin/../lib/gcc/arm-none-eabi/15.2.1/thumb/v6-m/nofp/crtbegin.o
 .tm_clone_table
                0x20001108        0x0 C:/Users/david/scoop/apps/gcc-arm-none-eabi/15.2.rel1/bin/../lib/gcc/arm-none-eabi/15.2.1/thumb/v6-m/nofp/crtend.o

.igot.plt       0x20001108        0x0 load address 0x1001381c
 .igot.plt      0x20001108        0x0 C:/Users/david/scoop/apps/gcc-arm-none-eabi/15.2.rel1/bin/../lib/gcc/arm-none-eabi/15.2.1/thumb/v6-m/nofp/crtbegin.o

.tdata          0x20001108        0x0 load address 0x1001381c
                0x20001108                        . = ALIGN (0x4)
 *(.tdata .tdata.* .gnu.linkonce.td.*)
                0x20001108                        __tdata_end = .
                0x20001108                        PROVIDE (__data_end__ = .)
                0x100127d4                        __etext = LOADADDR (.data)

.tbss           0x20001108        0x0 load address 0x1001381c
                0x20001108                        . = ALIGN (0x4)
                0x20001108                        __bss_start__ = .
                0x20001108                        __tls_base = .
 *(.tbss .tbss.* .gnu.linkonce.tb.*)
 *(.tcommon)
                0x20001108                        __tls_end = .

.bss            0x20001108     0x9038 load address 0x1001381c
                0x20001108                        . = ALIGN (0x4)
                0x20001108                        __tbss_end = .
 *(SORT_BY_ALIGNMENT(SORT_BY_NAME(.bss*)))
 .bss._cdcd_itf
                0x20001108       0xc8 CMakeFiles/pico_kernel.dir/C_/pico/pico-sdk/lib/tinyusb/src/class/cdc/cdc_device.c.obj
 .bss.default_alarm_pool_entries
                0x200011d0      0x180 CMakeFiles/pico_kernel.dir/C_/pico/pico-sdk/src/common/pico_time/time.c.obj
 .bss.last_avail_time.1
                0x20001350        0x8 CMakeFiles/pico_kernel.dir/C_/pico/pico-sdk/src/rp2_common/pico_stdio_usb/stdio_usb.c.obj
 .bss.sd_table  0x20001358      0x100 CMakeFiles/pico_kernel.dir/C_/pico/pico-sdk/src/rp2_common/pico_double/double_init_rom_rp2040.c.obj
                0x20001358                sd_table
 .bss.sf_table  0x20001458      0x100 CMakeFiles/pico_kernel.dir/C_/pico/pico-sdk/src/rp2_common/pico_float/float_init_rom_rp2040.c.obj
                0x20001458                sf_table
 .bss._app_driver
                0x20001558        0x4 CMakeFiles/pico_kernel.dir/C_/pico/pico-sdk/lib/tinyusb/src/device/usbd.c.obj
 .bss._cdcd_epbuf
                0x2000155c       0x80 CMakeFiles/pico_kernel.dir/C_/pico/pico-sdk/lib/tinyusb/src/class/cdc/cdc_device.c.obj
 .bss._cdcd_fifo_cfg
                0x200015dc        0x1 CMakeFiles/pico_kernel.dir/C_/pico/pico-sdk/lib/tinyusb/src/class/cdc/cdc_device.c.obj
 *fill*         0x200015dd        0x3 
 .bss._ctrl_epbuf
                0x200015e0       0x40 CMakeFiles/pico_kernel.dir/C_/pico/pico-sdk/lib/tinyusb/src/device/usbd_control.c.obj
 .bss._ctrl_xfer
                0x20001620       0x14 CMakeFiles/pico_kernel.dir/C_/pico/pico-sdk/lib/tinyusb/src/device/usbd_control.c.obj
 .bss._tusb_rhport_role
                0x20001634        0x2 CMakeFiles/pico_kernel.dir/C_/pico/pico-sdk/lib/tinyusb/src/tusb.c.obj
                0x20001634                _tusb_rhport_role
 *fill*         0x20001636        0x2 
 .bss._ubsd_mutexdef
                0x20001638        0x8 CMakeFiles/pico_kernel.dir/C_/pico/pico-sdk/lib/tinyusb/src/device/usbd.c.obj
 .bss._usbd_dev
                0x20001640       0x54 CMakeFiles/pico_kernel.dir/C_/pico/pico-sdk/lib/tinyusb/src/device/usbd.c.obj
 .bss._usbd_mutex
                0x20001694        0x4 CMakeFiles/pico_kernel.dir/C_/pico/pico-sdk/lib/tinyusb/src/device/usbd.c.obj
 .bss._usbd_q   0x20001698        0x4 CMakeFiles/pico_kernel.dir/C_/pico/pico-sdk/lib/tinyusb/src/device/usbd.c.obj
 .bss._usbd_qdef_buf
                0x2000169c       0xc0 CMakeFiles/pico_kernel.dir/C_/pico/pico-sdk/lib/tinyusb/src/device/usbd.c.obj
                0x2000169c                _usbd_qdef_buf
 .bss._vendord_epbuf
                0x2000175c       0x80 CMakeFiles/pico_kernel.dir/C_/pico/pico-sdk/lib/tinyusb/src/class/vendor/vendor_device.c.obj
 .bss._vendord_itf
                0x200017dc      0x24c CMakeFiles/pico_kernel.dir/C_/pico/pico-sdk/lib/tinyusb/src/class/vendor/vendor_device.c.obj
 .bss.alien_dir
                0x20001a28        0x4 CMakeFiles/pico_kernel.dir/src/kernel/invaders.c.obj
 .bss.alien_speed
                0x20001a2c        0x4 CMakeFiles/pico_kernel.dir/src/kernel/invaders.c.obj
 .bss.alien_timer
                0x20001a30        0x4 CMakeFiles/pico_kernel.dir/src/kernel/invaders.c.obj
 .bss.alien_x   0x20001a34        0x4 CMakeFiles/pico_kernel.dir/src/kernel/invaders.c.obj
 .bss.alien_y   0x20001a38        0x4 CMakeFiles/pico_kernel.dir/src/kernel/invaders.c.obj
 .bss.aliens    0x20001a3c       0x18 CMakeFiles/pico_kernel.dir/src/kernel/invaders.c.obj
 .bss.ball_dx   0x20001a54        0x4 CMakeFiles/pico_kernel.dir/src/kernel/pong.c.obj
 .bss.ball_dy   0x20001a58        0x4 CMakeFiles/pico_kernel.dir/src/kernel/pong.c.obj
 .bss.ball_x    0x20001a5c        0x4 CMakeFiles/pico_kernel.dir/src/kernel/pong.c.obj
 .bss.ball_y    0x20001a60        0x4 CMakeFiles/pico_kernel.dir/src/kernel/pong.c.obj
 .bss.boot2_copyout
                0x20001a64      0x100 CMakeFiles/pico_kernel.dir/C_/pico/pico-sdk/src/rp2_common/hardware_flash/flash.c.obj
 .bss.bullet_x  0x20001b64        0x4 CMakeFiles/pico_kernel.dir/src/kernel/invaders.c.obj
 .bss.bullet_y  0x20001b68        0x4 CMakeFiles/pico_kernel.dir/src/kernel/invaders.c.obj
 .bss.chars_available_callback
                0x20001b6c        0x4 CMakeFiles/pico_kernel.dir/C_/pico/pico-sdk/src/rp2_common/pico_stdio_usb/stdio_usb.c.obj
 .bss.chars_available_param
                0x20001b70        0x4 CMakeFiles/pico_kernel.dir/C_/pico/pico-sdk/src/rp2_common/pico_stdio_usb/stdio_usb.c.obj
 .bss.claimed   0x20001b74        0x4 CMakeFiles/pico_kernel.dir/C_/pico/pico-sdk/src/rp2_common/hardware_sync/sync.c.obj
 .bss.claimed   0x20001b78        0x1 CMakeFiles/pico_kernel.dir/C_/pico/pico-sdk/src/rp2_common/hardware_timer/timer.c.obj
 *fill*         0x20001b79        0x3 
 .bss.configured_freq
                0x20001b7c       0x28 CMakeFiles/pico_kernel.dir/C_/pico/pico-sdk/src/rp2_common/hardware_clocks/clocks.c.obj
 .bss.current_task
                0x20001ba4        0x4 CMakeFiles/pico_kernel.dir/src/kernel/tasks/scheduler.c.obj
 .bss.cursor_col
                0x20001ba8        0x4 CMakeFiles/pico_kernel.dir/src/kernel/shell.c.obj
 .bss.cursor_row
                0x20001bac        0x4 CMakeFiles/pico_kernel.dir/src/kernel/shell.c.obj
 .bss.desc_str.0
                0x20001bb0       0x28 CMakeFiles/pico_kernel.dir/C_/pico/pico-sdk/src/rp2_common/pico_stdio_usb/stdio_usb_descriptors.c.obj
 .bss.display_mutex
                0x20001bd8        0x8 CMakeFiles/pico_kernel.dir/src/kernel/mutex.c.obj
                0x20001bd8                display_mutex
 .bss.drivers   0x20001be0        0x4 CMakeFiles/pico_kernel.dir/C_/pico/pico-sdk/src/rp2_common/pico_stdio/stdio.c.obj
 .bss.e15_last_sof
                0x20001be4        0x4 CMakeFiles/pico_kernel.dir/C_/pico/pico-sdk/lib/tinyusb/src/portable/raspberrypi/rp2040/rp2040_usb.c.obj
                0x20001be4                e15_last_sof
 .bss.ebullet_active
                0x20001be8        0x3 CMakeFiles/pico_kernel.dir/src/kernel/invaders.c.obj
 *fill*         0x20001beb        0x1 
 .bss.ebullet_timer
                0x20001bec        0x4 CMakeFiles/pico_kernel.dir/src/kernel/invaders.c.obj
 .bss.ebullet_x
                0x20001bf0        0xc CMakeFiles/pico_kernel.dir/src/kernel/invaders.c.obj
 .bss.ebullet_y
                0x20001bfc        0xc CMakeFiles/pico_kernel.dir/src/kernel/invaders.c.obj
 .bss.filter    0x20001c08        0x4 CMakeFiles/pico_kernel.dir/C_/pico/pico-sdk/src/rp2_common/pico_stdio/stdio.c.obj
 .bss.hw_endpoints
                0x20001c0c      0x400 CMakeFiles/pico_kernel.dir/C_/pico/pico-sdk/lib/tinyusb/src/portable/raspberrypi/rp2040/dcd_rp2040.c.obj
 .bss.lazy_vsnprintf
                0x2000200c        0x4 CMakeFiles/pico_kernel.dir/C_/pico/pico-sdk/src/rp2_common/pico_printf/printf.c.obj
 .bss.load_value
                0x20002010        0x4 CMakeFiles/pico_kernel.dir/C_/pico/pico-sdk/src/rp2_common/hardware_watchdog/watchdog.c.obj
 .bss.next_buffer_ptr
                0x20002014        0x4 CMakeFiles/pico_kernel.dir/C_/pico/pico-sdk/lib/tinyusb/src/portable/raspberrypi/rp2040/dcd_rp2040.c.obj
 .bss.object.0  0x20002018       0x18 C:/Users/david/scoop/apps/gcc-arm-none-eabi/15.2.rel1/bin/../lib/gcc/arm-none-eabi/15.2.1/thumb/v6-m/nofp/crtbegin.o
 .bss.one_shot_timer_crit_sec
                0x20002030        0x8 CMakeFiles/pico_kernel.dir/C_/pico/pico-sdk/src/rp2_common/pico_stdio_usb/stdio_usb.c.obj
 .bss.pad_l_y   0x20002038        0x4 CMakeFiles/pico_kernel.dir/src/kernel/pong.c.obj
 .bss.pad_r_y   0x2000203c        0x4 CMakeFiles/pico_kernel.dir/src/kernel/pong.c.obj
 .bss.player_lives
                0x20002040        0x4 CMakeFiles/pico_kernel.dir/src/kernel/invaders.c.obj
 .bss.player_x  0x20002044        0x4 CMakeFiles/pico_kernel.dir/src/kernel/invaders.c.obj
 .bss.pools     0x20002048       0x10 CMakeFiles/pico_kernel.dir/C_/pico/pico-sdk/src/common/pico_time/time.c.obj
 .bss.retrieved_id
                0x20002058        0x8 CMakeFiles/pico_kernel.dir/C_/pico/pico-sdk/src/rp2_common/pico_unique_id/unique_id.c.obj
 .bss.score     0x20002060        0x4 CMakeFiles/pico_kernel.dir/src/kernel/invaders.c.obj
 .bss.score_l   0x20002064        0x4 CMakeFiles/pico_kernel.dir/src/kernel/pong.c.obj
 .bss.score_r   0x20002068        0x4 CMakeFiles/pico_kernel.dir/src/kernel/pong.c.obj
 .bss.sf_clz_func
                0x2000206c        0x4 CMakeFiles/pico_kernel.dir/C_/pico/pico-sdk/src/rp2_common/pico_double/double_init_rom_rp2040.c.obj
                0x2000206c                sf_clz_func
 .bss.sleep_notifier
                0x20002070        0x4 CMakeFiles/pico_kernel.dir/C_/pico/pico-sdk/src/common/pico_time/time.c.obj
 .bss.stdio_usb_mutex
                0x20002074        0x8 CMakeFiles/pico_kernel.dir/C_/pico/pico-sdk/src/rp2_common/pico_stdio_usb/stdio_usb.c.obj
 .bss.task_count
                0x2000207c        0x4 CMakeFiles/pico_kernel.dir/src/kernel/tasks/scheduler.c.obj
 .bss.tasks     0x20002080     0x80a0 CMakeFiles/pico_kernel.dir/src/kernel/tasks/scheduler.c.obj
 .bss.usbd_serial_str
                0x2000a120       0x11 CMakeFiles/pico_kernel.dir/C_/pico/pico-sdk/src/rp2_common/pico_stdio_usb/stdio_usb_descriptors.c.obj
 .bss._app_driver_count
                0x2000a131        0x1 CMakeFiles/pico_kernel.dir/C_/pico/pico-sdk/lib/tinyusb/src/device/usbd.c.obj
 .bss._sof_enable
                0x2000a132        0x1 CMakeFiles/pico_kernel.dir/C_/pico/pico-sdk/lib/tinyusb/src/portable/raspberrypi/rp2040/dcd_rp2040.c.obj
 .bss._usbd_queued_setup
                0x2000a133        0x1 CMakeFiles/pico_kernel.dir/C_/pico/pico-sdk/lib/tinyusb/src/device/usbd.c.obj
 .bss.boot2_copyout_valid
                0x2000a134        0x1 CMakeFiles/pico_kernel.dir/C_/pico/pico-sdk/src/rp2_common/hardware_flash/flash.c.obj
 .bss.bullet_active
                0x2000a135        0x1 CMakeFiles/pico_kernel.dir/src/kernel/invaders.c.obj
 .bss.game_over
                0x2000a136        0x1 CMakeFiles/pico_kernel.dir/src/kernel/invaders.c.obj
 .bss.irq_handler_chain_free_slot_head
                0x2000a137        0x1 CMakeFiles/pico_kernel.dir/C_/pico/pico-sdk/src/rp2_common/hardware_irq/irq.c.obj
 .bss.itf_num   0x2000a138        0x1 CMakeFiles/pico_kernel.dir/C_/pico/pico-sdk/src/rp2_common/pico_stdio_usb/reset_interface.c.obj
 .bss.low_priority_irq_num
                0x2000a139        0x1 CMakeFiles/pico_kernel.dir/C_/pico/pico-sdk/src/rp2_common/pico_stdio_usb/stdio_usb.c.obj
 .bss.one_shot_timer_pending
                0x2000a13a        0x1 CMakeFiles/pico_kernel.dir/C_/pico/pico-sdk/src/rp2_common/pico_stdio_usb/stdio_usb.c.obj
 .bss.pong_active
                0x2000a13b        0x1 CMakeFiles/pico_kernel.dir/src/main.c.obj
                0x2000a13b                pong_active
 .bss.tick.0    0x2000a13c        0x1 CMakeFiles/pico_kernel.dir/src/main.c.obj
 .bss.user_irq_claimed
                0x2000a13d        0x1 CMakeFiles/pico_kernel.dir/C_/pico/pico-sdk/src/rp2_common/hardware_irq/irq.c.obj
 *(COMMON)
                0x2000a140                        . = ALIGN (0x4)
 *fill*         0x2000a13e        0x2 
                0x2000a140                        __bss_end__ = .

.heap           0x2000a140      0x800 load address 0x1001381c
                0x2000a140                        __end__ = .
                0x2000a140                        end = __end__
 *(.heap*)
 .heap          0x2000a140      0x800 CMakeFiles/pico_kernel.dir/C_/pico/pico-sdk/src/rp2_common/pico_crt0/crt0.S.obj
                0x20040000                        __HeapLimit = (ORIGIN (RAM) + LENGTH (RAM))

.scratch_x      0x20040000        0x0 load address 0x1001381c
                0x20040000                        __scratch_x_start__ = .
 *(.scratch_x.*)
                0x20040000                        . = ALIGN (0x4)
                0x20040000                        __scratch_x_end__ = .
                0x1001381c                        __scratch_x_source__ = LOADADDR (.scratch_x)

.scratch_y      0x20041000        0x0 load address 0x1001381c
                0x20041000                        __scratch_y_start__ = .
 *(.scratch_y.*)
                0x20041000                        . = ALIGN (0x4)
                0x20041000                        __scratch_y_end__ = .
                0x1001381c                        __scratch_y_source__ = LOADADDR (.scratch_y)

.stack1_dummy   0x20040000      0x800
 *(.stack1*)
 .stack1        0x20040000      0x800 CMakeFiles/pico_kernel.dir/C_/pico/pico-sdk/src/rp2_common/pico_multicore/multicore.c.obj

.stack_dummy    0x20041000      0x800
 *(.stack*)
 .stack         0x20041000      0x800 CMakeFiles/pico_kernel.dir/C_/pico/pico-sdk/src/rp2_common/pico_crt0/crt0.S.obj

.rel.dyn        0x20041800        0x0
 .rel.iplt      0x20041800        0x0 C:/Users/david/scoop/apps/gcc-arm-none-eabi/15.2.rel1/bin/../lib/gcc/arm-none-eabi/15.2.1/thumb/v6-m/nofp/crtbegin.o

.flash_end      0x1001381c        0x0
 *(.embedded_end_block*)
                0x1001381c                        PROVIDE (__flash_binary_end = .)
                0x20040000                        __StackLimit = (ORIGIN (RAM) + LENGTH (RAM))
                0x20041000                        __StackOneTop = (ORIGIN (SCRATCH_X) + LENGTH (SCRATCH_X))
                0x20042000                        __StackTop = (ORIGIN (SCRATCH_Y) + LENGTH (SCRATCH_Y))
                0x20040800                        __StackOneBottom = (__StackOneTop - SIZEOF (.stack1_dummy))
                0x20041800                        __StackBottom = (__StackTop - SIZEOF (.stack_dummy))
                0x20042000                        PROVIDE (__stack = __StackTop)
                [!provide]                        PROVIDE (__heap_start = __end__)
                [!provide]                        PROVIDE (__heap_end = __HeapLimit)
                [!provide]                        PROVIDE (__tls_align = MAX (ALIGNOF (.tdata), ALIGNOF (.tbss)))
                [!provide]                        PROVIDE (__tls_size_align = (((__tls_size + __tls_align) - 0x1) & ~ ((__tls_align - 0x1))))
                [!provide]                        PROVIDE (__arm32_tls_tcb_offset = MAX (0x8, __tls_align))
                [!provide]                        PROVIDE (_end = __end__)
                [!provide]                        PROVIDE (__llvm_libc_heap_limit = __HeapLimit)
                0x00000001                        ASSERT ((__StackLimit >= __HeapLimit), region RAM overflowed)
                0x00000001                        ASSERT (((__binary_info_header_end - __logical_binary_start) <= 0x100), Binary info must be in first 256 bytes of the binary)
LOAD CMakeFiles/pico_kernel.dir/src/main.c.obj
LOAD CMakeFiles/pico_kernel.dir/src/drivers/st7789.c.obj
LOAD CMakeFiles/pico_kernel.dir/src/kernel/shell.c.obj
LOAD CMakeFiles/pico_kernel.dir/src/kernel/tasks/scheduler.c.obj
LOAD CMakeFiles/pico_kernel.dir/src/kernel/mutex.c.obj
LOAD CMakeFiles/pico_kernel.dir/src/kernel/pong.c.obj
LOAD CMakeFiles/pico_kernel.dir/src/kernel/invaders.c.obj
LOAD CMakeFiles/pico_kernel.dir/C_/pico/pico-sdk/src/rp2_common/pico_stdlib/stdlib.c.obj
LOAD CMakeFiles/pico_kernel.dir/C_/pico/pico-sdk/src/rp2_common/hardware_gpio/gpio.c.obj
LOAD CMakeFiles/pico_kernel.dir/C_/pico/pico-sdk/src/rp2040/pico_platform/platform.c.obj
LOAD CMakeFiles/pico_kernel.dir/C_/pico/pico-sdk/src/rp2_common/pico_platform_common/common.c.obj
LOAD CMakeFiles/pico_kernel.dir/C_/pico/pico-sdk/src/rp2_common/pico_platform_panic/panic.c.obj