Archive member included to satisfy reference by file (symbol)

C:/Users/david/scoop/apps/gcc-arm-none-eabi/15.2.rel1/bin/../lib/gcc/arm-none-eabi/15.2.1/thumb/v6-m/nofp\libgcc.a(_dvmd_tls.o)
                              CMakeFiles/pico_kernel.dir/C_/pico/pico-sdk/src/rp2_common/pico_divider/divider_hardware.S.obj (__aeabi_idiv0)
C:/Users/david/scoop/apps/gcc-arm-none-eabi/15.2.rel1/bin/../lib/gcc/arm-none-eabi/15.2.1/../../../../arm-none-eabi/lib/thumb/v6-m/nofp\libg.a(libc_a-calloc.o)
                              CMakeFiles/pico_kernel.dir/C_/pico/pico-sdk/src/rp2_common/pico_malloc/malloc.c.obj (calloc)
C:/Users/david/scoop/apps/gcc-arm-none-eabi/15.2.rel1/bin/../lib/gcc/arm-none-eabi/15.2.1/../../../../arm-none-eabi/lib/thumb/v6-m/nofp\libg.a(libc_a-callocr.o)
                              C:/Users/david/scoop/apps/gcc-arm-none-eabi/15.2.rel1/bin/../lib/gcc/arm-none-eabi/15.2.1/../../../../arm-none-eabi/lib/thumb/v6-m/nofp\libg.a(libc_a-calloc.o) (_calloc_r)
C:/Users/david/scoop/apps/gcc-arm-none-eabi/15.2.rel1/bin/../lib/gcc/arm-none-eabi/15.2.1/../../../../arm-none-eabi/lib/thumb/v6-m/nofp\libg.a(libc_a-malloc.o)
                              CMakeFiles/pico_kernel.dir/C_/pico/pico-sdk/src/rp2_common/pico_malloc/malloc.c.obj (malloc)
C:/Users/david/scoop/apps/gcc-arm-none-eabi/15.2.rel1/bin/../lib/gcc/arm-none-eabi/15.2.1/../../../../arm-none-eabi/lib/thumb/v6-m/nofp\libg.a(libc_a-mallocr.o)
                              C:/Users/david/scoop/apps/gcc-arm-none-eabi/15.2.rel1/bin/../lib/gcc/arm-none-eabi/15.2.1/../../../../arm-none-eabi/lib/thumb/v6-m/nofp\libg.a(libc_a-callocr.o) (_malloc_r)
C:/Users/david/scoop/apps/gcc-arm-none-eabi/15.2.rel1/bin/../lib/gcc/arm-none-eabi/15.2.1/../../../../arm-none-eabi/lib/thumb/v6-m/nofp\libg.a(libc_a-mlock.o)
                              C:/Users/david/scoop/apps/gcc-arm-none-eabi/15.2.rel1/bin/../lib/gcc/arm-none-eabi/15.2.1/../../../../arm-none-eabi/lib/thumb/v6-m/nofp\libg.a(libc_a-mallocr.o) (__malloc_lock)
C:/Users/david/scoop/apps/gcc-arm-none-eabi/15.2.rel1/bin/../lib/gcc/arm-none-eabi/15.2.1/../../../../arm-none-eabi/lib/thumb/v6-m/nofp\libg.a(libc_a-realloc.o)
                              CMakeFiles/pico_kernel.dir/C_/pico/pico-sdk/src/rp2_common/pico_malloc/malloc.c.obj (realloc)
C:/Users/david/scoop/apps/gcc-arm-none-eabi/15.2.rel1/bin/../lib/gcc/arm-none-eabi/15.2.1/../../../../arm-none-eabi/lib/thumb/v6-m/nofp\libg.a(libc_a-reallocr.o)
                              C:/Users/david/scoop/apps/gcc-arm-none-eabi/15.2.rel1/bin/../lib/gcc/arm-none-eabi/15.2.1/../../../../arm-none-eabi/lib/thumb/v6-m/nofp\libg.a(libc_a-realloc.o) (_realloc_r)
C:/Users/david/scoop/apps/gcc-arm-none-eabi/15.2.rel1/bin/../lib/gcc/arm-none-eabi/15.2.1/../../../../arm-none-eabi/lib/thumb/v6-m/nofp\libg.a(libc_a-memcmp.o)
                              CMakeFiles/pico_kernel.dir/C_/pico/pico-sdk/src/rp2_common/pico_atomic/atomic.c.obj (memcmp)
C:/Users/david/scoop/apps/gcc-arm-none-eabi/15.2.rel1/bin/../lib/gcc/arm-none-eabi/15.2.1/../../../../arm-none-eabi/lib/thumb/v6-m/nofp\libg.a(libc_a-memmove.o)
                              C:/Users/david/scoop/apps/gcc-arm-none-eabi/15.2.rel1/bin/../lib/gcc/arm-none-eabi/15.2.1/../../../../arm-none-eabi/lib/thumb/v6-m/nofp\libg.a(libc_a-reallocr.o) (memmove)
C:/Users/david/scoop/apps/gcc-arm-none-eabi/15.2.rel1/bin/../lib/gcc/arm-none-eabi/15.2.1/../../../../arm-none-eabi/lib/thumb/v6-m/nofp\libg.a(libc_a-lcltime_r.o)
                              CMakeFiles/pico_kernel.dir/C_/pico/pico-sdk/src/common/pico_util/datetime.c.obj (localtime_r)
C:/Users/david/scoop/apps/gcc-arm-none-eabi/15.2.rel1/bin/../lib/gcc/arm-none-eabi/15.2.1/../../../../arm-none-eabi/lib/thumb/v6-m/nofp\libg.a(libc_a-mktime.o)
                              CMakeFiles/pico_kernel.dir/C_/pico/pico-sdk/src/common/pico_util/datetime.c.obj (mktime)
C:/Users/david/scoop/apps/gcc-arm-none-eabi/15.2.rel1/bin/../lib/gcc/arm-none-eabi/15.2.1/../../../../arm-none-eabi/lib/thumb/v6-m/nofp\libg.a(libc_a-month_lengths.o)
                              C:/Users/david/scoop/apps/gcc-arm-none-eabi/15.2.rel1/bin/../lib/gcc/arm-none-eabi/15.2.1/../../../../arm-none-eabi/lib/thumb/v6-m/nofp\libg.a(libc_a-lcltime_r.o) (__month_lengths)
C:/Users/david/scoop/apps/gcc-arm-none-eabi/15.2.rel1/bin/../lib/gcc/arm-none-eabi/15.2.1/../../../../arm-none-eabi/lib/thumb/v6-m/nofp\libg.a(libc_a-tzcalc_limits.o)
                              C:/Users/david/scoop/apps/gcc-arm-none-eabi/15.2.rel1/bin/../lib/gcc/arm-none-eabi/15.2.1/../../../../arm-none-eabi/lib/thumb/v6-m/nofp\libg.a(libc_a-lcltime_r.o) (__tzcalc_limits)
C:/Users/david/scoop/apps/gcc-arm-none-eabi/15.2.rel1/bin/../lib/gcc/arm-none-eabi/15.2.1/../../../../arm-none-eabi/lib/thumb/v6-m/nofp\libg.a(libc_a-tzlock.o)
                              C:/Users/david/scoop/apps/gcc-arm-none-eabi/15.2.rel1/bin/../lib/gcc/arm-none-eabi/15.2.1/../../../../arm-none-eabi/lib/thumb/v6-m/nofp\libg.a(libc_a-lcltime_r.o) (__tz_lock)
[...]
Memory Configuration

Name             Origin             Length             Attributes
FLASH            0x10000000         0x00200000         xr
RAM              0x20000000         0x00040000         xrw
SCRATCH_X        0x20040000         0x00001000         xrw
SCRATCH_Y        0x20041000         0x00001000         xrw
*default*        0x00000000         0xffffffff

Linker script and memory map

LOAD C:/Users/david/scoop/apps/gcc-arm-none-eabi/15.2.rel1/bin/../lib/gcc/arm-none-eabi/15.2.1/thumb/v6-m/nofp/crti.o
LOAD C:/Users/david/scoop/apps/gcc-arm-none-eabi/15.2.rel1/bin/../lib/gcc/arm-none-eabi/15.2.1/thumb/v6-m/nofp/crtbegin.o
LOAD C:/Users/david/scoop/apps/gcc-arm-none-eabi/15.2.rel1/bin/../lib/gcc/arm-none-eabi/15.2.1/../../../../arm-none-eabi/lib/thumb/v6-m/nofp/crt0.o

.flash_begin    0x10000000        0x0
                0x10000000                        __flash_binary_start = .

.boot2          0x10000000      0x100
                0x10000000                        __boot2_start__ = .
 *(.boot2)
 .boot2         0x10000000      0x100 pico-sdk/src/rp2040/boot_stage2/CMakeFiles/bs2_default_library.dir/./bs2_default_padded_checksummed.S.obj
                0x10000100                        __boot2_end__ = .
                0x00000001                        ASSERT (((__boot2_end__ - __boot2_start__) == 0x100), ERROR: Pico second stage bootloader must be 256 bytes in size)

.text           0x10000100     0x7604
                0x10000100                        __logical_binary_start = .
 *(.vectors)
 .vectors       0x10000100       0xd4 CMakeFiles/pico_kernel.dir/C_/pico/pico-sdk/src/rp2_common/pico_crt0/crt0.S.obj
                0x10000100                __VECTOR_TABLE
                0x10000100                __vectors
                0x100001c0                isr_irq13
                0x100001c0                isr_irq27
                0x100001c0                isr_irq31
                0x100001c0                isr_irq12
                0x100001c0                isr_irq5
                0x100001c0                isr_irq11
                0x100001c0                isr_irq3
                0x100001c0                isr_irq23
                0x100001c0                __unhandled_user_irq
                0x100001c0                isr_irq26
                0x100001c0                isr_irq28
                0x100001c0                isr_irq19
                0x100001c0                isr_irq0
                0x100001c0                isr_irq6
                0x100001c0                isr_irq29
                0x100001c0                isr_irq16
                0x100001c0                isr_irq22
                0x100001c0                isr_irq18
                0x100001c0                isr_irq17
                0x100001c0                isr_irq14
                0x100001c0                __vectors_end
                0x100001c0                __default_isrs_start
                0x100001c0                isr_irq2
                0x100001c0                isr_irq10
                0x100001c0                isr_irq8
                0x100001c0                isr_irq24
                0x100001c0                isr_irq1
                0x100001c0                isr_irq7
                0x100001c0                isr_irq21
                0x100001c0                isr_irq20
                0x100001c0                isr_irq15
                0x100001c0                isr_irq25
                0x100001c0                isr_irq4
                0x100001c0                isr_irq30
                0x100001c0                isr_irq9
                0x100001c6                unhandled_user_irq_num_in_r0
                0x100001c8                isr_invalid
                0x100001ca                isr_nmi
                0x100001cc                isr_hardfault
                0x100001ce                isr_svcall
                0x100001d0                isr_pendsv
                0x100001d2                isr_systick
                0x100001d4                __default_isrs_end
 *(.binary_info_header)
 .binary_info_header
                0x100001d4       0x14 CMakeFiles/pico_kernel.dir/C_/pico/pico-sdk/src/rp2_common/pico_crt0/crt0.S.obj
                0x100001e8                        __binary_info_header_end = .
 *(.embedded_block)
                0x100001e8                        __embedded_block_end = .
 *(.reset)
 .reset         0x100001e8       0x9c CMakeFiles/pico_kernel.dir/C_/pico/pico-sdk/src/rp2_common/pico_crt0/crt0.S.obj
                0x100001e8                _entry_point
 *(.init)
 .init          0x10000284        0x4 C:/Users/david/scoop/apps/gcc-arm-none-eabi/15.2.rel1/bin/../lib/gcc/arm-none-eabi/15.2.1/thumb/v6-m/nofp/crti.o
                0x10000284                _init
 *(EXCLUDE_FILE(*libm.a: *libc.a:*lib_a-mem*.o *libgcc.a:) .text*)
 .text.register_tm_clones
                0x10000288       0x28 C:/Users/david/scoop/apps/gcc-arm-none-eabi/15.2.rel1/bin/../lib/gcc/arm-none-eabi/15.2.1/thumb/v6-m/nofp/crtbegin.o
 .text.frame_dummy
                0x100002b0       0x24 C:/Users/david/scoop/apps/gcc-arm-none-eabi/15.2.rel1/bin/../lib/gcc/arm-none-eabi/15.2.1/thumb/v6-m/nofp/crtbegin.o
 .text.core1_entry
                0x100002d4       0x44 CMakeFiles/pico_kernel.dir/src/main.c.obj
                0x100002d4                core1_entry
 .text.task_shell
                0x10000318        0x8 CMakeFiles/pico_kernel.dir/src/main.c.obj
                0x10000318                task_shell
 .text.show_splash
                0x10000320       0x50 CMakeFiles/pico_kernel.dir/src/main.c.obj
                0x10000320                show_splash
 .text.startup.main
                0x10000370       0x4c CMakeFiles/pico_kernel.dir/src/main.c.obj
                0x10000370                main
 .text.st7789_set_window
                0x100003bc      0x14c CMakeFiles/pico_kernel.dir/src/drivers/st7789.c.obj
                0x100003bc                st7789_set_window
 .text.st7789_init
                0x10000508      0x14c CMakeFiles/pico_kernel.dir/src/drivers/st7789.c.obj
                0x10000508                st7789_init
 .text.st7789_set_pixel
                0x10000654       0x38 CMakeFiles/pico_kernel.dir/src/drivers/st7789.c.obj
                0x10000654                st7789_set_pixel
 .text.st7789_fill
                0x1000068c       0x50 CMakeFiles/pico_kernel.dir/src/drivers/st7789.c.obj
                0x1000068c                st7789_fill
 .text.st7789_fill_rect
                0x100006dc       0x54 CMakeFiles/pico_kernel.dir/src/drivers/st7789.c.obj
                0x100006dc                st7789_fill_rect
 .text.shell_print
                0x10000730       0xf8 CMakeFiles/pico_kernel.dir/src/kernel/shell.c.obj
                0x10000730                shell_print
 .text.shell_run
                0x10000828      0x478 CMakeFiles/pico_kernel.dir/src/kernel/shell.c.obj
                0x10000828                shell_run
 .text.scheduler_init
                0x10000ca0       0x28 CMakeFiles/pico_kernel.dir/src/kernel/tasks/scheduler.c.obj
                0x10000ca0                scheduler_init
 .text.scheduler_add_task
                0x10000cc8       0x44 CMakeFiles/pico_kernel.dir/src/kernel/tasks/scheduler.c.obj
                0x10000cc8                scheduler_add_task
 .text.scheduler_run
                0x10000d0c       0xd4 CMakeFiles/pico_kernel.dir/src/kernel/tasks/scheduler.c.obj
                0x10000d0c                scheduler_run
 .text.scheduler_task_count
                0x10000de0        0xc CMakeFiles/pico_kernel.dir/src/kernel/tasks/scheduler.c.obj
                0x10000de0                scheduler_task_count
 .text.mutex_display_init
                0x10000dec       0x10 CMakeFiles/pico_kernel.dir/src/kernel/mutex.c.obj
                0x10000dec                mutex_display_init
 .text.display_lock
                0x10000dfc       0x10 CMakeFiles/pico_kernel.dir/src/kernel/mutex.c.obj
                0x10000dfc                display_lock
 .text.display_unlock
                0x10000e0c       0x10 CMakeFiles/pico_kernel.dir/src/kernel/mutex.c.obj
                0x10000e0c                display_unlock
 .text.gpio_set_function
                0x10000e1c       0x30 CMakeFiles/pico_kernel.dir/C_/pico/pico-sdk/src/rp2_common/hardware_gpio/gpio.c.obj
                0x10000e1c                gpio_set_function
 .text.gpio_init
                0x10000e4c       0x3c CMakeFiles/pico_kernel.dir/C_/pico/pico-sdk/src/rp2_common/hardware_gpio/gpio.c.obj
                0x10000e4c                gpio_init
 .text.rp2040_chip_version
                0x10000e88        0xc CMakeFiles/pico_kernel.dir/C_/pico/pico-sdk/src/rp2040/pico_platform/platform.c.obj
                0x10000e88                rp2040_chip_version
 .text.panic    0x10000e94       0x30 CMakeFiles/pico_kernel.dir/C_/pico/pico-sdk/src/rp2_common/pico_platform_panic/panic.c.obj
                0x10000e94                panic
 .text.hw_claim_or_assert
                0x10000ec4       0x50 CMakeFiles/pico_kernel.dir/C_/pico/pico-sdk/src/common/hardware_claim/claim.c.obj
                0x10000ec4                hw_claim_or_assert
 .text.hw_claim_unused_from_range
                0x10000f14       0x88 CMakeFiles/pico_kernel.dir/C_/pico/pico-sdk/src/common/hardware_claim/claim.c.obj
                0x10000f14                hw_claim_unused_from_range
 .text.next_striped_spin_lock_num
                0x10000f9c       0x18 CMakeFiles/pico_kernel.dir/C_/pico/pico-sdk/src/rp2_common/hardware_sync/sync.c.obj
                0x10000f9c                next_striped_spin_lock_num
 .text.spin_lock_claim_unused
                0x10000fb4       0x20 CMakeFiles/pico_kernel.dir/C_/pico/pico-sdk/src/rp2_common/hardware_sync/sync.c.obj
                0x10000fb4                spin_lock_claim_unused
 .text.spin_locks_reset
                0x10000fd4       0x1c CMakeFiles/pico_kernel.dir/C_/pico/pico-sdk/src/rp2_common/hardware_sync_spin_lock/sync_spin_lock.c.obj
                0x10000fd4                spin_locks_reset
 .text.runtime_init_per_core_irq_priorities
                0x10000ff0       0x48 CMakeFiles/pico_kernel.dir/C_/pico/pico-sdk/src/rp2_common/hardware_irq/irq.c.obj
                0x10000ff0                runtime_init_per_core_irq_priorities
 .text.irq_set_enabled
                0x10001038       0x24 CMakeFiles/pico_kernel.dir/C_/pico/pico-sdk/src/rp2_common/hardware_irq/irq.c.obj
                0x10001038                irq_set_enabled
 .text.irq_is_enabled
                0x1000105c       0x18 CMakeFiles/pico_kernel.dir/C_/pico/pico-sdk/src/rp2_common/hardware_irq/irq.c.obj
                0x1000105c                irq_is_enabled
 .text.irq_set_pending
                0x10001074       0x10 CMakeFiles/pico_kernel.dir/C_/pico/pico-sdk/src/rp2_common/hardware_irq/irq.c.obj
                0x10001074                irq_set_pending
 .text.irq_has_shared_handler
                0x10001084       0x20 CMakeFiles/pico_kernel.dir/C_/pico/pico-sdk/src/rp2_common/hardware_irq/irq.c.obj
                0x10001084                irq_has_shared_handler
 .text.irq_set_exclusive_handler
                0x100010a4       0x54 CMakeFiles/pico_kernel.dir/C_/pico/pico-sdk/src/rp2_common/hardware_irq/irq.c.obj
                0x100010a4                irq_set_exclusive_handler
 .text.irq_add_shared_handler
                0x100010f8      0x1cc CMakeFiles/pico_kernel.dir/C_/pico/pico-sdk/src/rp2_common/hardware_irq/irq.c.obj
                0x100010f8                irq_add_shared_handler
 .text.irq_add_tail_to_free_list
                0x100012c4       0xb4 CMakeFiles/pico_kernel.dir/C_/pico/pico-sdk/src/rp2_common/hardware_irq/irq.c.obj
                0x100012c4                irq_add_tail_to_free_list
 .text.user_irq_claim_unused
                0x10001378       0x28 CMakeFiles/pico_kernel.dir/C_/pico/pico-sdk/src/rp2_common/hardware_irq/irq.c.obj
                0x10001378                user_irq_claim_unused
 .text.lock_init
                0x100013a0       0x10 CMakeFiles/pico_kernel.dir/C_/pico/pico-sdk/src/common/pico_sync/lock_core.c.obj
                0x100013a0                lock_init
 .text.runtime_init_mutex
                0x100013b0       0x50 CMakeFiles/pico_kernel.dir/C_/pico/pico-sdk/src/common/pico_sync/mutex.c.obj
                0x100013b0                runtime_init_mutex
 .text.mutex_init
                0x10001400       0x1c CMakeFiles/pico_kernel.dir/C_/pico/pico-sdk/src/common/pico_sync/mutex.c.obj
                0x10001400                mutex_init
 .text.critical_section_init
                0x1000141c       0x1c CMakeFiles/pico_kernel.dir/C_/pico/pico-sdk/src/common/pico_sync/critical_section.c.obj
                0x1000141c                critical_section_init
 .text.critical_section_init_with_lock_num
                0x10001438       0x14 CMakeFiles/pico_kernel.dir/C_/pico/pico-sdk/src/common/pico_sync/critical_section.c.obj
                0x10001438                critical_section_init_with_lock_num
 .text.sleep_until_callback
                0x1000144c       0x30 CMakeFiles/pico_kernel.dir/C_/pico/pico-sdk/src/common/pico_time/time.c.obj
 .text.alarm_pool_irq_handler
                0x1000147c      0x2f4 CMakeFiles/pico_kernel.dir/C_/pico/pico-sdk/src/common/pico_time/time.c.obj
 .text.runtime_init_default_alarm_pool
                0x10001770       0xd8 CMakeFiles/pico_kernel.dir/C_/pico/pico-sdk/src/common/pico_time/time.c.obj
                0x10001770                runtime_init_default_alarm_pool
 .text.alarm_pool_get_default
                0x10001848        0x8 CMakeFiles/pico_kernel.dir/C_/pico/pico-sdk/src/common/pico_time/time.c.obj
                0x10001848                alarm_pool_get_default
 .text.alarm_pool_add_alarm_at
                0x10001850       0xcc CMakeFiles/pico_kernel.dir/C_/pico/pico-sdk/src/common/pico_time/time.c.obj
                0x10001850                alarm_pool_add_alarm_at
 .text.alarm_pool_add_alarm_at_force_in_context
                0x1000191c       0xbc CMakeFiles/pico_kernel.dir/C_/pico/pico-sdk/src/common/pico_time/time.c.obj
                0x1000191c                alarm_pool_add_alarm_at_force_in_context
 .text.alarm_pool_cancel_alarm
                0x100019d8       0x74 CMakeFiles/pico_kernel.dir/C_/pico/pico-sdk/src/common/pico_time/time.c.obj
                0x100019d8                alarm_pool_cancel_alarm
 .text.alarm_pool_core_num
                0x10001a4c        0x4 CMakeFiles/pico_kernel.dir/C_/pico/pico-sdk/src/common/pico_time/time.c.obj
                0x10001a4c                alarm_pool_core_num
 .text.sleep_ms
                0x10001a50       0xfc CMakeFiles/pico_kernel.dir/C_/pico/pico-sdk/src/common/pico_time/time.c.obj
                0x10001a50                sleep_ms
 .text.best_effort_wfe_or_timeout
                0x10001b4c      0x100 CMakeFiles/pico_kernel.dir/C_/pico/pico-sdk/src/common/pico_time/time.c.obj
                0x10001b4c                best_effort_wfe_or_timeout
 .text.timer_hardware_alarm_claim
                0x10001c4c       0x14 CMakeFiles/pico_kernel.dir/C_/pico/pico-sdk/src/rp2_common/hardware_timer/timer.c.obj
                0x10001c4c                timer_hardware_alarm_claim
 .text.timer_time_us_64
                0x10001c60       0x10 CMakeFiles/pico_kernel.dir/C_/pico/pico-sdk/src/rp2_common/hardware_timer/timer.c.obj
                0x10001c60                timer_time_us_64
 .text.time_us_64
                0x10001c70       0x14 CMakeFiles/pico_kernel.dir/C_/pico/pico-sdk/src/rp2_common/hardware_timer/timer.c.obj
                0x10001c70                time_us_64
 .text.busy_wait_us
                0x10001c84       0x6c CMakeFiles/pico_kernel.dir/C_/pico/pico-sdk/src/rp2_common/hardware_timer/timer.c.obj
                0x10001c84                busy_wait_us
 .text.busy_wait_until
                0x10001cf0       0x20 CMakeFiles/pico_kernel.dir/C_/pico/pico-sdk/src/rp2_common/hardware_timer/timer.c.obj
                0x10001cf0                busy_wait_until
 .text.clock_configure_int_divider
                0x10001d10       0xec CMakeFiles/pico_kernel.dir/C_/pico/pico-sdk/src/rp2_common/hardware_clocks/clocks.c.obj
                0x10001d10                clock_configure_int_divider
 .text.clock_configure_undivided
                0x10001dfc       0xe0 CMakeFiles/pico_kernel.dir/C_/pico/pico-sdk/src/rp2_common/hardware_clocks/clocks.c.obj
                0x10001dfc                clock_configure_undivided
 .text.clock_get_hz
                0x10001edc        0xc CMakeFiles/pico_kernel.dir/C_/pico/pico-sdk/src/rp2_common/hardware_clocks/clocks.c.obj
                0x10001edc                clock_get_hz
 .text.pll_init
                0x10001ee8       0xb0 CMakeFiles/pico_kernel.dir/C_/pico/pico-sdk/src/rp2_common/hardware_pll/pll.c.obj
                0x10001ee8                pll_init
 .text.watchdog_reboot
                0x10001f98       0x9c CMakeFiles/pico_kernel.dir/C_/pico/pico-sdk/src/rp2_common/hardware_watchdog/watchdog.c.obj
                0x10001f98                watchdog_reboot
 .text.tick_start
                0x10002034       0x10 CMakeFiles/pico_kernel.dir/C_/pico/pico-sdk/src/rp2_common/hardware_ticks/ticks.c.obj
                0x10002034                tick_start
 .text.rom_func_lookup
                0x10002044       0x10 CMakeFiles/pico_kernel.dir/C_/pico/pico-sdk/src/rp2_common/pico_bootrom/bootrom.c.obj
                0x10002044                rom_func_lookup
 .text.rom_data_lookup
                0x10002054       0x10 CMakeFiles/pico_kernel.dir/C_/pico/pico-sdk/src/rp2_common/pico_bootrom/bootrom.c.obj
                0x10002054                rom_data_lookup
 .text.rom_funcs_lookup
                0x10002064       0x44 CMakeFiles/pico_kernel.dir/C_/pico/pico-sdk/src/rp2_common/pico_bootrom/bootrom.c.obj
                0x10002064                rom_funcs_lookup
 .text.rom_reset_usb_boot_extra
                0x100020a8       0x24 CMakeFiles/pico_kernel.dir/C_/pico/pico-sdk/src/rp2_common/pico_bootrom/bootrom.c.obj
                0x100020a8                rom_reset_usb_boot_extra
 .text.xosc_init
                0x100020cc       0x28 CMakeFiles/pico_kernel.dir/C_/pico/pico-sdk/src/rp2_common/hardware_xosc/xosc.c.obj
                0x100020cc                xosc_init
 .text.first_per_core_initializer
                0x100020f4        0x4 CMakeFiles/pico_kernel.dir/C_/pico/pico-sdk/src/rp2_common/pico_runtime/runtime.c.obj
 .text.hard_assertion_failure
                0x100020f8        0xc CMakeFiles/pico_kernel.dir/C_/pico/pico-sdk/src/rp2_common/pico_runtime/runtime.c.obj
                0x100020f8                hard_assertion_failure
 .text.runtime_run_initializers
                0x10002104       0x28 CMakeFiles/pico_kernel.dir/C_/pico/pico-sdk/src/rp2_common/pico_runtime/runtime.c.obj
                0x10002104                runtime_run_initializers
 .text.runtime_run_per_core_initializers
                0x1000212c       0x28 CMakeFiles/pico_kernel.dir/C_/pico/pico-sdk/src/rp2_common/pico_runtime/runtime.c.obj
                0x1000212c                runtime_run_per_core_initializers
 .text.runtime_init_early_resets
                0x10002154       0x2c CMakeFiles/pico_kernel.dir/C_/pico/pico-sdk/src/rp2_common/pico_runtime_init/runtime_init.c.obj
                0x10002154                runtime_init_early_resets
 .text.runtime_init_usb_power_down
                0x10002180       0x1c CMakeFiles/pico_kernel.dir/C_/pico/pico-sdk/src/rp2_common/pico_runtime_init/runtime_init.c.obj
                0x10002180                runtime_init_usb_power_down
 .text.runtime_init_post_clock_resets
                0x1000219c       0x20 CMakeFiles/pico_kernel.dir/C_/pico/pico-sdk/src/rp2_common/pico_runtime_init/runtime_init.c.obj
                0x1000219c                runtime_init_post_clock_resets
 .text.runtime_init_rp2040_gpio_ie_disable
                0x100021bc       0x14 CMakeFiles/pico_kernel.dir/C_/pico/pico-sdk/src/rp2_common/pico_runtime_init/runtime_init.c.obj
                0x100021bc                runtime_init_rp2040_gpio_ie_disable
 .text.runtime_init_spin_locks_reset
                0x100021d0        0x8 CMakeFiles/pico_kernel.dir/C_/pico/pico-sdk/src/rp2_common/pico_runtime_init/runtime_init.c.obj
                0x100021d0                runtime_init_spin_locks_reset
 .text.runtime_init_install_ram_vector_table
                0x100021d8       0xb8 CMakeFiles/pico_kernel.dir/C_/pico/pico-sdk/src/rp2_common/pico_runtime_init/runtime_init.c.obj
                0x100021d8                runtime_init_install_ram_vector_table
 .text.runtime_init_clocks
                0x10002290       0xd8 CMakeFiles/pico_kernel.dir/C_/pico/pico-sdk/src/rp2_common/pico_runtime_init/runtime_init_clocks.c.obj
                0x10002290                runtime_init_clocks
 .text          0x10002368       0x10 CMakeFiles/pico_kernel.dir/C_/pico/pico-sdk/src/rp2_common/pico_bit_ops/bit_ops_aeabi.S.obj
 .text.__wrap___aeabi_idiv
                0x10002378       0x50 CMakeFiles/pico_kernel.dir/C_/pico/pico-sdk/src/rp2_common/pico_divider/divider_hardware.S.obj
                0x10002378                __wrap___aeabi_idivmod
                0x10002378                divmod_s32s32
                0x10002378                div_s32s32
                0x10002378                __wrap___aeabi_idiv
                0x10002380                divmod_s32s32_unsafe
                0x100023ac                divmod_s32s32_savestate
 .text.__wrap___aeabi_uidiv
                0x100023c8       0x4c CMakeFiles/pico_kernel.dir/C_/pico/pico-sdk/src/rp2_common/pico_divider/divider_hardware.S.obj
                0x100023c8                __wrap___aeabi_uidiv
                0x100023c8                __wrap___aeabi_uidivmod
                0x100023c8                div_u32u32
                0x100023c8                divmod_u32u32
                0x100023d0                divmod_u32u32_unsafe
                0x100023f8                divmod_u32u32_savestate
 .text.__wrap___aeabi_ldiv
                0x10002414      0x424 CMakeFiles/pico_kernel.dir/C_/pico/pico-sdk/src/rp2_common/pico_divider/divider_hardware.S.obj
                0x10002414                div_s64s64
                0x10002414                divmod_s64s64
                0x10002414                __wrap___aeabi_ldivmod
                0x10002444                divmod_u64u64
                0x10002444                div_u64u64
                0x10002444                __wrap___aeabi_uldivmod
                0x10002454                divmod_u64u64_savestate
                0x10002474                divmod_s64s64_unsafe
                0x100024fc                divmod_u64u64_unsafe
 .text.__wrap___aeabi_darithmetic
                0x10002838       0x80 CMakeFiles/pico_kernel.dir/C_/pico/pico-sdk/src/rp2_common/pico_double/double_aeabi_rp2040.S.obj
                0x10002838                __wrap___aeabi_drsub
                0x1000283e                __wrap___aeabi_dsub
                0x10002850                __wrap___aeabi_dadd
                0x10002862                __wrap___aeabi_ddiv
                0x1000289e                __wrap___aeabi_dmul
 .text.__wrap___aeabi_cdcmple
                0x100028b8       0x6c CMakeFiles/pico_kernel.dir/C_/pico/pico-sdk/src/rp2_common/pico_double/double_aeabi_rp2040.S.obj
                0x100028b8                __wrap___aeabi_cdrcmple
                0x100028c8                __wrap___aeabi_cdcmpeq
                0x100028c8                __wrap___aeabi_cdcmple
 .text.__wrap___aeabi_dcmplt
                0x10002924        0xc CMakeFiles/pico_kernel.dir/C_/pico/pico-sdk/src/rp2_common/pico_double/double_aeabi_rp2040.S.obj
                0x10002924                __wrap___aeabi_dcmplt
 .text.__wrap___aeabi_dcmple
                0x10002930       0x10 CMakeFiles/pico_kernel.dir/C_/pico/pico-sdk/src/rp2_common/pico_double/double_aeabi_rp2040.S.obj
                0x10002930                __wrap___aeabi_dcmple
 .text.__wrap___aeabi_dcmpge
                0x10002940       0x10 CMakeFiles/pico_kernel.dir/C_/pico/pico-sdk/src/rp2_common/pico_double/double_aeabi_rp2040.S.obj
                0x10002940                __wrap___aeabi_dcmpge
 .text.__wrap___aeabi_dcmpgt
                0x10002950        0xa CMakeFiles/pico_kernel.dir/C_/pico/pico-sdk/src/rp2_common/pico_double/double_aeabi_rp2040.S.obj
                0x10002950                __wrap___aeabi_dcmpgt
 .text.__wrap___aeabi_dcmpun
                0x1000295a       0x18 CMakeFiles/pico_kernel.dir/C_/pico/pico-sdk/src/rp2_common/pico_double/double_aeabi_rp2040.S.obj
                0x1000295a                __wrap___aeabi_dcmpun
 *fill*         0x10002972        0x2 
 .text.__wrap___aeabi_i2d
                0x10002974       0x38 CMakeFiles/pico_kernel.dir/C_/pico/pico-sdk/src/rp2_common/pico_double/double_aeabi_rp2040.S.obj
                0x10002974                uint2double
                0x10002974                __wrap___aeabi_ui2d
                0x1000297c                int2double
                0x1000297c                __wrap___aeabi_i2d
 .text.__wrap___aeabi_d2iz
                0x100029ac       0x48 CMakeFiles/pico_kernel.dir/C_/pico/pico-sdk/src/rp2_common/pico_double/double_aeabi_rp2040.S.obj
                0x100029ac                double2int_z
                0x100029ac                __wrap___aeabi_d2iz
 .text.__wrap___aeabi_d2uiz
                0x100029f4       0x18 CMakeFiles/pico_kernel.dir/C_/pico/pico-sdk/src/rp2_common/pico_double/double_aeabi_rp2040.S.obj
                0x100029f4                double2uint
                0x100029f4                __wrap___aeabi_d2uiz
                0x100029f4                double2uint_z
 .text.__aeabi_double_init
                0x10002a0c       0xa4 CMakeFiles/pico_kernel.dir/C_/pico/pico-sdk/src/rp2_common/pico_double/double_init_rom_rp2040.c.obj
                0x10002a0c                __aeabi_double_init
 .text.double_table_shim_on_use_helper
                0x10002ab0       0x2c CMakeFiles/pico_kernel.dir/C_/pico/pico-sdk/src/rp2_common/pico_double/double_v1_rom_shim_rp2040.S.obj
                0x10002ab0                double_table_shim_on_use_helper
 .text.__wrap___aeabi_dsub
                0x10002adc       0x10 CMakeFiles/pico_kernel.dir/C_/pico/pico-sdk/src/rp2_common/pico_double/double_v1_rom_shim_rp2040.S.obj
                0x10002adc                drsub_shim
                0x10002ae2                dsub_shim
 .text.dadd_shim
                0x10002aec      0x15c CMakeFiles/pico_kernel.dir/C_/pico/pico-sdk/src/rp2_common/pico_double/double_v1_rom_shim_rp2040.S.obj
                0x10002aec                dadd_shim
 .text.dmul_shim
                0x10002c48      0x15c CMakeFiles/pico_kernel.dir/C_/pico/pico-sdk/src/rp2_common/pico_double/double_v1_rom_shim_rp2040.S.obj
                0x10002c48                dmul_shim
 .text.ddiv_shim
                0x10002da4      0x1b0 CMakeFiles/pico_kernel.dir/C_/pico/pico-sdk/src/rp2_common/pico_double/double_v1_rom_shim_rp2040.S.obj
                0x10002da4                ddiv_shim
 .text.double2uint_shim
                0x10002f54        0xe CMakeFiles/pico_kernel.dir/C_/pico/pico-sdk/src/rp2_common/pico_double/double_v1_rom_shim_rp2040.S.obj
                0x10002f54                double2uint_shim
                0x10002f56                double2ufix_shim
 *fill*         0x10002f62        0x2 
 .text.double2uint64_shim
                0x10002f64       0x70 CMakeFiles/pico_kernel.dir/C_/pico/pico-sdk/src/rp2_common/pico_double/double_v1_rom_shim_rp2040.S.obj
                0x10002f64                double2uint64_shim
                0x10002f66                double2ufix64_shim
                0x10002f86                d2fix_a
 .text.dunpacks
                0x10002fd4       0x3c CMakeFiles/pico_kernel.dir/C_/pico/pico-sdk/src/rp2_common/pico_double/double_v1_rom_shim_rp2040.S.obj
                0x10002fd4                dunpacks
 .text.__aeabi_lmul
                0x10003010       0x32 CMakeFiles/pico_kernel.dir/C_/pico/pico-sdk/src/rp2_common/pico_int64_ops/pico_int64_ops_aeabi.S.obj
                0x10003010                __wrap___aeabi_lmul
 *fill*         0x10003042        0x2 
 .text.__aeabi_float_init
                0x10003044       0x68 CMakeFiles/pico_kernel.dir/C_/pico/pico-sdk/src/rp2_common/pico_float/float_init_rom_rp2040.c.obj
                0x10003044                __aeabi_float_init
 .text.float_table_shim_on_use_helper
                0x100030ac       0x2c CMakeFiles/pico_kernel.dir/C_/pico/pico-sdk/src/rp2_common/pico_float/float_v1_rom_shim_rp2040.S.obj
                0x100030ac                float_table_shim_on_use_helper
 .text          0x100030d8       0x10 CMakeFiles/pico_kernel.dir/C_/pico/pico-sdk/src/rp2_common/pico_mem_ops/mem_ops_aeabi.S.obj
                0x100030d8                __aeabi_mem_init
 .text.memset   0x100030e8        0xc CMakeFiles/pico_kernel.dir/C_/pico/pico-sdk/src/rp2_common/pico_mem_ops/mem_ops_aeabi.S.obj
                0x100030e8                __wrap_memset
 .text.memcpy   0x100030f4        0xc CMakeFiles/pico_kernel.dir/C_/pico/pico-sdk/src/rp2_common/pico_mem_ops/mem_ops_aeabi.S.obj
                0x100030f4                __wrap_memcpy
                0x100030f4                __wrap___aeabi_memcpy
 .text._out_buffer
                0x10003100        0x8 CMakeFiles/pico_kernel.dir/C_/pico/pico-sdk/src/rp2_common/pico_printf/printf.c.obj
 .text._out_null
                0x10003108        0x4 CMakeFiles/pico_kernel.dir/C_/pico/pico-sdk/src/rp2_common/pico_printf/printf.c.obj
 .text._out_rev
                0x1000310c       0xa8 CMakeFiles/pico_kernel.dir/C_/pico/pico-sdk/src/rp2_common/pico_printf/printf.c.obj
 .text._ntoa_format
                0x100031b4      0x1d8 CMakeFiles/pico_kernel.dir/C_/pico/pico-sdk/src/rp2_common/pico_printf/printf.c.obj
 .text._out_char
                0x1000338c       0x10 CMakeFiles/pico_kernel.dir/C_/pico/pico-sdk/src/rp2_common/pico_printf/printf.c.obj
 .text._ftoa    0x1000339c      0x474 CMakeFiles/pico_kernel.dir/C_/pico/pico-sdk/src/rp2_common/pico_printf/printf.c.obj
 .text._etoa    0x10003810      0x560 CMakeFiles/pico_kernel.dir/C_/pico/pico-sdk/src/rp2_common/pico_printf/printf.c.obj
 .text._vsnprintf
                0x10003d70      0xab8 CMakeFiles/pico_kernel.dir/C_/pico/pico-sdk/src/rp2_common/pico_printf/printf.c.obj
 .text.__wrap_snprintf
                0x10004828       0x28 CMakeFiles/pico_kernel.dir/C_/pico/pico-sdk/src/rp2_common/pico_printf/printf.c.obj
                0x10004828                __wrap_snprintf
 .text.weak_raw_vprintf
                0x10004850       0x30 CMakeFiles/pico_kernel.dir/C_/pico/pico-sdk/src/rp2_common/pico_printf/printf.c.obj
                0x10004850                weak_raw_vprintf
 .text._exit    0x10004880        0x4 CMakeFiles/pico_kernel.dir/C_/pico/pico-sdk/src/rp2_common/pico_clib_interface/newlib_interface.c.obj
                0x10004880                _exit
 .text.exit     0x10004884        0x8 CMakeFiles/pico_kernel.dir/C_/pico/pico-sdk/src/rp2_common/pico_clib_interface/newlib_interface.c.obj
                0x10004884                exit
 .text.runtime_init
                0x1000488c       0x2c CMakeFiles/pico_kernel.dir/C_/pico/pico-sdk/src/rp2_common/pico_clib_interface/newlib_interface.c.obj
                0x1000488c                runtime_init
 .text.stdio_out_chars_no_crlf
                0x100048b8       0x10 CMakeFiles/pico_kernel.dir/C_/pico/pico-sdk/src/rp2_common/pico_stdio/stdio.c.obj
 .text.stdio_out_chars_crlf
                0x100048c8       0x90 CMakeFiles/pico_kernel.dir/C_/pico/pico-sdk/src/rp2_common/pico_stdio/stdio.c.obj
 .text.stdio_put_string
                0x10004958       0xf4 CMakeFiles/pico_kernel.dir/C_/pico/pico-sdk/src/rp2_common/pico_stdio/stdio.c.obj
                0x10004958                stdio_put_string
 .text.stdio_set_driver_enabled
                0x10004a4c       0x30 CMakeFiles/pico_kernel.dir/C_/pico/pico-sdk/src/rp2_common/pico_stdio/stdio.c.obj
                0x10004a4c                stdio_set_driver_enabled
 .text.stdio_init_all
                0x10004a7c        0x8 CMakeFiles/pico_kernel.dir/C_/pico/pico-sdk/src/rp2_common/pico_stdio/stdio.c.obj
                0x10004a7c                stdio_init_all
 .text.stdio_getchar_timeout_us
                0x10004a84       0x98 CMakeFiles/pico_kernel.dir/C_/pico/pico-sdk/src/rp2_common/pico_stdio/stdio.c.obj
                0x10004a84                stdio_getchar_timeout_us
 .text.__wrap_putchar
                0x10004b1c       0x94 CMakeFiles/pico_kernel.dir/C_/pico/pico-sdk/src/rp2_common/pico_stdio/stdio.c.obj
                0x10004b1c                __wrap_putchar
                0x10004b1c                stdio_putchar
 .text.__wrap_puts
                0x10004bb0       0x3c CMakeFiles/pico_kernel.dir/C_/pico/pico-sdk/src/rp2_common/pico_stdio/stdio.c.obj
                0x10004bb0                stdio_puts
                0x10004bb0                __wrap_puts
 .text.resetd_init
                0x10004bec        0x4 CMakeFiles/pico_kernel.dir/C_/pico/pico-sdk/src/rp2_common/pico_stdio_usb/reset_interface.c.obj
 .text.resetd_reset
                0x10004bf0        0xc CMakeFiles/pico_kernel.dir/C_/pico/pico-sdk/src/rp2_common/pico_stdio_usb/reset_interface.c.obj
 .text.resetd_open
                0x10004bfc       0x28 CMakeFiles/pico_kernel.dir/C_/pico/pico-sdk/src/rp2_common/pico_stdio_usb/reset_interface.c.obj
 .text.resetd_xfer_cb
                0x10004c24        0x4 CMakeFiles/pico_kernel.dir/C_/pico/pico-sdk/src/rp2_common/pico_stdio_usb/reset_interface.c.obj
 .text.resetd_control_xfer_cb
                0x10004c28       0x54 CMakeFiles/pico_kernel.dir/C_/pico/pico-sdk/src/rp2_common/pico_stdio_usb/reset_interface.c.obj
 .text.tud_descriptor_bos_cb
                0x10004c7c        0x8 CMakeFiles/pico_kernel.dir/C_/pico/pico-sdk/src/rp2_common/pico_stdio_usb/reset_interface.c.obj
                0x10004c7c                tud_descriptor_bos_cb
 .text.tud_vendor_control_xfer_cb
                0x10004c84       0x38 CMakeFiles/pico_kernel.dir/C_/pico/pico-sdk/src/rp2_common/pico_stdio_usb/reset_interface.c.obj
                0x10004c84                tud_vendor_control_xfer_cb
 .text.usbd_app_driver_get_cb
                0x10004cbc        0xc CMakeFiles/pico_kernel.dir/C_/pico/pico-sdk/src/rp2_common/pico_stdio_usb/reset_interface.c.obj
                0x10004cbc                usbd_app_driver_get_cb
 .text.tud_cdc_line_coding_cb
                0x10004cc8       0x2c CMakeFiles/pico_kernel.dir/C_/pico/pico-sdk/src/rp2_common/pico_stdio_usb/reset_interface.c.obj
                0x10004cc8                tud_cdc_line_coding_cb
 .text.stdio_usb_set_chars_available_callback
                0x10004cf4       0x14 CMakeFiles/pico_kernel.dir/C_/pico/pico-sdk/src/rp2_common/pico_stdio_usb/stdio_usb.c.obj
                0x10004cf4                stdio_usb_set_chars_available_callback
 .text.usb_irq  0x10004d08       0x10 CMakeFiles/pico_kernel.dir/C_/pico/pico-sdk/src/rp2_common/pico_stdio_usb/stdio_usb.c.obj
 .text.timer_task
                0x10004d18       0x64 CMakeFiles/pico_kernel.dir/C_/pico/pico-sdk/src/rp2_common/pico_stdio_usb/stdio_usb.c.obj
 .text.stdio_usb_in_chars
                0x10004d7c       0x8c CMakeFiles/pico_kernel.dir/C_/pico/pico-sdk/src/rp2_common/pico_stdio_usb/stdio_usb.c.obj
                0x10004d7c                stdio_usb_in_chars
 .text.stdio_usb_out_flush
                0x10004e08       0x4c CMakeFiles/pico_kernel.dir/C_/pico/pico-sdk/src/rp2_common/pico_stdio_usb/stdio_usb.c.obj
 .text.stdio_usb_out_chars
                0x10004e54       0xf8 CMakeFiles/pico_kernel.dir/C_/pico/pico-sdk/src/rp2_common/pico_stdio_usb/stdio_usb.c.obj
 .text.low_priority_worker_irq
                0x10004f4c       0xc4 CMakeFiles/pico_kernel.dir/C_/pico/pico-sdk/src/rp2_common/pico_stdio_usb/stdio_usb.c.obj
 .text.stdio_usb_init
                0x10005010       0xe4 CMakeFiles/pico_kernel.dir/C_/pico/pico-sdk/src/rp2_common/pico_stdio_usb/stdio_usb.c.obj
                0x10005010                stdio_usb_init
 .text.tud_descriptor_device_cb
                0x100050f4        0x8 CMakeFiles/pico_kernel.dir/C_/pico/pico-sdk/src/rp2_common/pico_stdio_usb/stdio_usb_descriptors.c.obj
                0x100050f4                tud_descriptor_device_cb
 .text.tud_descriptor_configuration_cb
                0x100050fc        0x8 CMakeFiles/pico_kernel.dir/C_/pico/pico-sdk/src/rp2_common/pico_stdio_usb/stdio_usb_descriptors.c.obj
                0x100050fc                tud_descriptor_configuration_cb
 .text.tud_descriptor_string_cb
                0x10005104       0x70 CMakeFiles/pico_kernel.dir/C_/pico/pico-sdk/src/rp2_common/pico_stdio_usb/stdio_usb_descriptors.c.obj
                0x10005104                tud_descriptor_string_cb
 .text.startup._retrieve_unique_id_on_boot
                0x10005174       0x10 CMakeFiles/pico_kernel.dir/C_/pico/pico-sdk/src/rp2_common/pico_unique_id/unique_id.c.obj
 .text.pico_get_unique_board_id_string
                0x10005184      0x1e0 CMakeFiles/pico_kernel.dir/C_/pico/pico-sdk/src/rp2_common/pico_unique_id/unique_id.c.obj
                0x10005184                pico_get_unique_board_id_string
 .text.flash_get_unique_id
                0x10005364       0x3c CMakeFiles/pico_kernel.dir/C_/pico/pico-sdk/src/rp2_common/hardware_flash/flash.c.obj
                0x10005364                flash_get_unique_id
 .text.dcd_init
                0x100053a0       0x90 CMakeFiles/pico_kernel.dir/C_/pico/pico-sdk/lib/tinyusb/src/portable/raspberrypi/rp2040/dcd_rp2040.c.obj
                0x100053a0                dcd_init
 .text.dcd_int_enable
                0x10005430        0xc CMakeFiles/pico_kernel.dir/C_/pico/pico-sdk/lib/tinyusb/src/portable/raspberrypi/rp2040/dcd_rp2040.c.obj
                0x10005430                dcd_int_enable
 .text.dcd_set_address
                0x1000543c       0x14 CMakeFiles/pico_kernel.dir/C_/pico/pico-sdk/lib/tinyusb/src/portable/raspberrypi/rp2040/dcd_rp2040.c.obj
                0x1000543c                dcd_set_address
 .text.dcd_sof_enable
                0x10005450       0x1c CMakeFiles/pico_kernel.dir/C_/pico/pico-sdk/lib/tinyusb/src/portable/raspberrypi/rp2040/dcd_rp2040.c.obj
                0x10005450                dcd_sof_enable
 .text.dcd_edpt0_status_complete
                0x1000546c       0x1c CMakeFiles/pico_kernel.dir/C_/pico/pico-sdk/lib/tinyusb/src/portable/raspberrypi/rp2040/dcd_rp2040.c.obj
                0x1000546c                dcd_edpt0_status_complete
 .text.dcd_edpt_open
                0x10005488      0x114 CMakeFiles/pico_kernel.dir/C_/pico/pico-sdk/lib/tinyusb/src/portable/raspberrypi/rp2040/dcd_rp2040.c.obj
                0x10005488                dcd_edpt_open
 .text.dcd_edpt_close_all
                0x1000559c        0x8 CMakeFiles/pico_kernel.dir/C_/pico/pico-sdk/lib/tinyusb/src/portable/raspberrypi/rp2040/dcd_rp2040.c.obj
                0x1000559c                dcd_edpt_close_all
 .text.dcd_edpt_xfer
                0x100055a4       0x24 CMakeFiles/pico_kernel.dir/C_/pico/pico-sdk/lib/tinyusb/src/portable/raspberrypi/rp2040/dcd_rp2040.c.obj
                0x100055a4                dcd_edpt_xfer
 .text.dcd_edpt_stall
                0x100055c8       0x3c CMakeFiles/pico_kernel.dir/C_/pico/pico-sdk/lib/tinyusb/src/portable/raspberrypi/rp2040/dcd_rp2040.c.obj
                0x100055c8                dcd_edpt_stall
 .text.dcd_edpt_clear_stall
                0x10005604       0x30 CMakeFiles/pico_kernel.dir/C_/pico/pico-sdk/lib/tinyusb/src/portable/raspberrypi/rp2040/dcd_rp2040.c.obj
                0x10005604                dcd_edpt_clear_stall
 .text.rp2040_usb_init
                0x10005634       0x40 CMakeFiles/pico_kernel.dir/C_/pico/pico-sdk/lib/tinyusb/src/portable/raspberrypi/rp2040/rp2040_usb.c.obj
                0x10005634                rp2040_usb_init
 .text.hw_endpoint_xfer_start
                0x10005674       0x40 CMakeFiles/pico_kernel.dir/C_/pico/pico-sdk/lib/tinyusb/src/portable/raspberrypi/rp2040/rp2040_usb.c.obj
                0x10005674                hw_endpoint_xfer_start
 .text.tud_event_hook_cb
                0x100056b4        0x4 CMakeFiles/pico_kernel.dir/C_/pico/pico-sdk/lib/tinyusb/src/device/usbd.c.obj
                0x100056b4                tud_event_hook_cb
 .text.tud_sof_cb
                0x100056b8        0x4 CMakeFiles/pico_kernel.dir/C_/pico/pico-sdk/lib/tinyusb/src/device/usbd.c.obj
                0x100056b8                tud_sof_cb
 .text.tud_descriptor_device_qualifier_cb
                0x100056bc        0x4 CMakeFiles/pico_kernel.dir/C_/pico/pico-sdk/lib/tinyusb/src/device/usbd.c.obj
                0x100056bc                tud_descriptor_device_qualifier_cb
 .text.tud_descriptor_other_speed_configuration_cb
                0x100056c0        0x4 CMakeFiles/pico_kernel.dir/C_/pico/pico-sdk/lib/tinyusb/src/device/usbd.c.obj
                0x100056c0                tud_descriptor_other_speed_configuration_cb
 .text.tud_mount_cb
                0x100056c4        0x4 CMakeFiles/pico_kernel.dir/C_/pico/pico-sdk/lib/tinyusb/src/device/usbd.c.obj
                0x100056c4                tud_mount_cb
 .text.tud_umount_cb
                0x100056c8        0x4 CMakeFiles/pico_kernel.dir/C_/pico/pico-sdk/lib/tinyusb/src/device/usbd.c.obj
                0x100056c8                tud_umount_cb
 .text.tud_suspend_cb
                0x100056cc        0x4 CMakeFiles/pico_kernel.dir/C_/pico/pico-sdk/lib/tinyusb/src/device/usbd.c.obj
                0x100056cc                tud_suspend_cb
 .text.tud_resume_cb
                0x100056d0        0x4 CMakeFiles/pico_kernel.dir/C_/pico/pico-sdk/lib/tinyusb/src/device/usbd.c.obj
                0x100056d0                tud_resume_cb
 .text.tud_mounted
                0x100056d4       0x10 CMakeFiles/pico_kernel.dir/C_/pico/pico-sdk/lib/tinyusb/src/device/usbd.c.obj
                0x100056d4                tud_mounted
 .text.tud_suspended
                0x100056e4       0x10 CMakeFiles/pico_kernel.dir/C_/pico/pico-sdk/lib/tinyusb/src/device/usbd.c.obj
                0x100056e4                tud_suspended
 .text.tud_rhport_init
                0x100056f4       0xf0 CMakeFiles/pico_kernel.dir/C_/pico/pico-sdk/lib/tinyusb/src/device/usbd.c.obj
                0x100056f4                tud_rhport_init
 .text.tud_task_ext
                0x100057e4      0x7fc CMakeFiles/pico_kernel.dir/C_/pico/pico-sdk/lib/tinyusb/src/device/usbd.c.obj
                0x100057e4                tud_task_ext
 .text.usbd_open_edpt_pair
                0x10005fe0       0x98 CMakeFiles/pico_kernel.dir/C_/pico/pico-sdk/lib/tinyusb/src/device/usbd.c.obj
                0x10005fe0                usbd_open_edpt_pair
 .text.usbd_edpt_open
                0x10006078       0x34 CMakeFiles/pico_kernel.dir/C_/pico/pico-sdk/lib/tinyusb/src/device/usbd.c.obj
                0x10006078                usbd_edpt_open
 .text.usbd_edpt_claim
                0x100060ac       0x28 CMakeFiles/pico_kernel.dir/C_/pico/pico-sdk/lib/tinyusb/src/device/usbd.c.obj
                0x100060ac                usbd_edpt_claim
 .text.usbd_edpt_release
                0x100060d4       0x28 CMakeFiles/pico_kernel.dir/C_/pico/pico-sdk/lib/tinyusb/src/device/usbd.c.obj
                0x100060d4                usbd_edpt_release
 .text.usbd_edpt_xfer
                0x100060fc       0x50 CMakeFiles/pico_kernel.dir/C_/pico/pico-sdk/lib/tinyusb/src/device/usbd.c.obj
                0x100060fc                usbd_edpt_xfer
 .text.tud_control_status
                0x1000614c       0x2c CMakeFiles/pico_kernel.dir/C_/pico/pico-sdk/lib/tinyusb/src/device/usbd_control.c.obj
                0x1000614c                tud_control_status
 .text.tud_control_xfer
                0x10006178       0xa0 CMakeFiles/pico_kernel.dir/C_/pico/pico-sdk/lib/tinyusb/src/device/usbd_control.c.obj
                0x10006178                tud_control_xfer
 .text.usbd_control_reset
                0x10006218       0x14 CMakeFiles/pico_kernel.dir/C_/pico/pico-sdk/lib/tinyusb/src/device/usbd_control.c.obj
                0x10006218                usbd_control_reset
 .text.usbd_control_set_complete_callback
                0x1000622c        0xc CMakeFiles/pico_kernel.dir/C_/pico/pico-sdk/lib/tinyusb/src/device/usbd_control.c.obj
                0x1000622c                usbd_control_set_complete_callback
 .text.usbd_control_set_request
                0x10006238       0x1c CMakeFiles/pico_kernel.dir/C_/pico/pico-sdk/lib/tinyusb/src/device/usbd_control.c.obj
                0x10006238                usbd_control_set_request
 .text.usbd_control_xfer_cb
                0x10006254       0xe8 CMakeFiles/pico_kernel.dir/C_/pico/pico-sdk/lib/tinyusb/src/device/usbd_control.c.obj
                0x10006254                usbd_control_xfer_cb
 .text._prep_out_transaction.isra.0
                0x1000633c       0x6c CMakeFiles/pico_kernel.dir/C_/pico/pico-sdk/lib/tinyusb/src/class/cdc/cdc_device.c.obj
 .text.tud_cdc_n_connected
                0x100063a8       0x2c CMakeFiles/pico_kernel.dir/C_/pico/pico-sdk/lib/tinyusb/src/class/cdc/cdc_device.c.obj
                0x100063a8                tud_cdc_n_connected
 .text.tud_cdc_n_available
                0x100063d4       0x14 CMakeFiles/pico_kernel.dir/C_/pico/pico-sdk/lib/tinyusb/src/class/cdc/cdc_device.c.obj
                0x100063d4                tud_cdc_n_available
 .text.tud_cdc_n_read
                0x100063e8       0x88 CMakeFiles/pico_kernel.dir/C_/pico/pico-sdk/lib/tinyusb/src/class/cdc/cdc_device.c.obj
                0x100063e8                tud_cdc_n_read
 .text.tud_cdc_n_write_flush
                0x10006470       0x78 CMakeFiles/pico_kernel.dir/C_/pico/pico-sdk/lib/tinyusb/src/class/cdc/cdc_device.c.obj
                0x10006470                tud_cdc_n_write_flush
 .text.tud_cdc_n_write
                0x100064e8       0x40 CMakeFiles/pico_kernel.dir/C_/pico/pico-sdk/lib/tinyusb/src/class/cdc/cdc_device.c.obj
                0x100064e8                tud_cdc_n_write
 .text.tud_cdc_n_write_available
                0x10006528       0x14 CMakeFiles/pico_kernel.dir/C_/pico/pico-sdk/lib/tinyusb/src/class/cdc/cdc_device.c.obj
                0x10006528                tud_cdc_n_write_available
 .text.cdcd_init
                0x1000653c       0x70 CMakeFiles/pico_kernel.dir/C_/pico/pico-sdk/lib/tinyusb/src/class/cdc/cdc_device.c.obj
                0x1000653c                cdcd_init
 .text.cdcd_deinit
                0x100065ac       0x30 CMakeFiles/pico_kernel.dir/C_/pico/pico-sdk/lib/tinyusb/src/class/cdc/cdc_device.c.obj
                0x100065ac                cdcd_deinit
 .text.cdcd_reset
                0x100065dc       0x48 CMakeFiles/pico_kernel.dir/C_/pico/pico-sdk/lib/tinyusb/src/class/cdc/cdc_device.c.obj
                0x100065dc                cdcd_reset
 .text.cdcd_open
                0x10006624       0xa8 CMakeFiles/pico_kernel.dir/C_/pico/pico-sdk/lib/tinyusb/src/class/cdc/cdc_device.c.obj
                0x10006624                cdcd_open
 .text.cdcd_control_xfer_cb
                0x100066cc       0xf0 CMakeFiles/pico_kernel.dir/C_/pico/pico-sdk/lib/tinyusb/src/class/cdc/cdc_device.c.obj
                0x100066cc                cdcd_control_xfer_cb
 .text.cdcd_xfer_cb
                0x100067bc       0xf8 CMakeFiles/pico_kernel.dir/C_/pico/pico-sdk/lib/tinyusb/src/class/cdc/cdc_device.c.obj
                0x100067bc                cdcd_xfer_cb
 .text.vendord_init
                0x100068b4       0x5c CMakeFiles/pico_kernel.dir/C_/pico/pico-sdk/lib/tinyusb/src/class/vendor/vendor_device.c.obj
                0x100068b4                vendord_init
 .text.vendord_deinit
                0x10006910       0x1c CMakeFiles/pico_kernel.dir/C_/pico/pico-sdk/lib/tinyusb/src/class/vendor/vendor_device.c.obj
                0x10006910                vendord_deinit
 .text.vendord_reset
                0x1000692c       0x28 CMakeFiles/pico_kernel.dir/C_/pico/pico-sdk/lib/tinyusb/src/class/vendor/vendor_device.c.obj
                0x1000692c                vendord_reset
 .text.vendord_open
                0x10006954      0x104 CMakeFiles/pico_kernel.dir/C_/pico/pico-sdk/lib/tinyusb/src/class/vendor/vendor_device.c.obj
                0x10006954                vendord_open
 .text.vendord_xfer_cb
                0x10006a58       0xa0 CMakeFiles/pico_kernel.dir/C_/pico/pico-sdk/lib/tinyusb/src/class/vendor/vendor_device.c.obj
                0x10006a58                vendord_xfer_cb
 .text.tusb_rhport_init
                0x10006af8       0x4c CMakeFiles/pico_kernel.dir/C_/pico/pico-sdk/lib/tinyusb/src/tusb.c.obj
                0x10006af8                tusb_rhport_init
 .text.tu_edpt_claim
                0x10006b44       0x50 CMakeFiles/pico_kernel.dir/C_/pico/pico-sdk/lib/tinyusb/src/tusb.c.obj
                0x10006b44                tu_edpt_claim
 .text.tu_edpt_release
                0x10006b94       0x38 CMakeFiles/pico_kernel.dir/C_/pico/pico-sdk/lib/tinyusb/src/tusb.c.obj
                0x10006b94                tu_edpt_release
 .text.tu_edpt_validate
                0x10006bcc       0x74 CMakeFiles/pico_kernel.dir/C_/pico/pico-sdk/lib/tinyusb/src/tusb.c.obj
                0x10006bcc                tu_edpt_validate
 .text.tu_edpt_bind_driver
                0x10006c40       0x34 CMakeFiles/pico_kernel.dir/C_/pico/pico-sdk/lib/tinyusb/src/tusb.c.obj
                0x10006c40                tu_edpt_bind_driver
 .text.tu_edpt_stream_init
                0x10006c74       0x68 CMakeFiles/pico_kernel.dir/C_/pico/pico-sdk/lib/tinyusb/src/tusb.c.obj
                0x10006c74                tu_edpt_stream_init
 .text.tu_edpt_stream_deinit
                0x10006cdc        0x4 CMakeFiles/pico_kernel.dir/C_/pico/pico-sdk/lib/tinyusb/src/tusb.c.obj
                0x10006cdc                tu_edpt_stream_deinit
 .text.tu_edpt_stream_write_zlp_if_needed
                0x10006ce0       0x64 CMakeFiles/pico_kernel.dir/C_/pico/pico-sdk/lib/tinyusb/src/tusb.c.obj
                0x10006ce0                tu_edpt_stream_write_zlp_if_needed
 .text.tu_edpt_stream_write_xfer
                0x10006d44       0x6c CMakeFiles/pico_kernel.dir/C_/pico/pico-sdk/lib/tinyusb/src/tusb.c.obj
                0x10006d44                tu_edpt_stream_write_xfer
 .text.tu_edpt_stream_read_xfer
                0x10006db0       0xd8 CMakeFiles/pico_kernel.dir/C_/pico/pico-sdk/lib/tinyusb/src/tusb.c.obj
                0x10006db0                tu_edpt_stream_read_xfer
 .text.tu_fifo_config
                0x10006e88       0x6c CMakeFiles/pico_kernel.dir/C_/pico/pico-sdk/lib/tinyusb/src/common/tusb_fifo.c.obj
                0x10006e88                tu_fifo_config
 .text.tu_fifo_count
                0x10006ef4       0x2c CMakeFiles/pico_kernel.dir/C_/pico/pico-sdk/lib/tinyusb/src/common/tusb_fifo.c.obj
                0x10006ef4                tu_fifo_count
 .text.tu_fifo_empty
                0x10006f20       0x10 CMakeFiles/pico_kernel.dir/C_/pico/pico-sdk/lib/tinyusb/src/common/tusb_fifo.c.obj
                0x10006f20                tu_fifo_empty
 .text.tu_fifo_remaining
                0x10006f30       0x2c CMakeFiles/pico_kernel.dir/C_/pico/pico-sdk/lib/tinyusb/src/common/tusb_fifo.c.obj
                0x10006f30                tu_fifo_remaining
 .text.tu_fifo_read
                0x10006f5c       0x9c CMakeFiles/pico_kernel.dir/C_/pico/pico-sdk/lib/tinyusb/src/common/tusb_fifo.c.obj
                0x10006f5c                tu_fifo_read
 .text.tu_fifo_read_n
                0x10006ff8       0xec CMakeFiles/pico_kernel.dir/C_/pico/pico-sdk/lib/tinyusb/src/common/tusb_fifo.c.obj
                0x10006ff8                tu_fifo_read_n
 .text.tu_fifo_write
                0x100070e4       0xa4 CMakeFiles/pico_kernel.dir/C_/pico/pico-sdk/lib/tinyusb/src/common/tusb_fifo.c.obj
                0x100070e4                tu_fifo_write
 .text.tu_fifo_write_n
                0x10007188      0x168 CMakeFiles/pico_kernel.dir/C_/pico/pico-sdk/lib/tinyusb/src/common/tusb_fifo.c.obj
                0x10007188                tu_fifo_write_n
 .text.tu_fifo_clear
                0x100072f0       0x40 CMakeFiles/pico_kernel.dir/C_/pico/pico-sdk/lib/tinyusb/src/common/tusb_fifo.c.obj
                0x100072f0                tu_fifo_clear
 .text.tu_fifo_set_overwritable
                0x10007330       0x48 CMakeFiles/pico_kernel.dir/C_/pico/pico-sdk/lib/tinyusb/src/common/tusb_fifo.c.obj
                0x10007330                tu_fifo_set_overwritable
 .text.spi_init
                0x10007378      0x110 CMakeFiles/pico_kernel.dir/C_/pico/pico-sdk/src/rp2_common/hardware_spi/spi.c.obj
                0x10007378                spi_init
 .text.core1_trampoline
                0x10007488        0x4 CMakeFiles/pico_kernel.dir/C_/pico/pico-sdk/src/rp2_common/pico_multicore/multicore.c.obj
 .text.core1_wrapper
                0x1000748c        0xc CMakeFiles/pico_kernel.dir/C_/pico/pico-sdk/src/rp2_common/pico_multicore/multicore.c.obj
                0x1000748c                core1_wrapper
 .text.multicore_launch_core1_raw
                0x10007498       0x88 CMakeFiles/pico_kernel.dir/C_/pico/pico-sdk/src/rp2_common/pico_multicore/multicore.c.obj
                0x10007498                multicore_launch_core1_raw
 .text.multicore_launch_core1
                0x10007520       0x5c CMakeFiles/pico_kernel.dir/C_/pico/pico-sdk/src/rp2_common/pico_multicore/multicore.c.obj
                0x10007520                multicore_launch_core1
 .text.strlen   0x1000757c       0x60 C:/Users/david/scoop/apps/gcc-arm-none-eabi/15.2.rel1/bin/../lib/gcc/arm-none-eabi/15.2.1/../../../../arm-none-eabi/lib/thumb/v6-m/nofp\libg.a(libc_a-strlen-stub.o)
                0x1000757c                strlen
 *(.fini)
 .fini          0x100075dc        0x4 C:/Users/david/scoop/apps/gcc-arm-none-eabi/15.2.rel1/bin/../lib/gcc/arm-none-eabi/15.2.1/thumb/v6-m/nofp/crti.o
                0x100075dc                _fini
 .fini.__stub   0x100075e0       0xe0 linker stubs
 *crtbegin.o(.ctors)
 *crtbegin?.o(.ctors)
 *(EXCLUDE_FILE(*crtend.o *crtend?.o) .ctors)
 *(SORT_BY_NAME(.ctors.*))
 *(.ctors)
 *crtbegin.o(.dtors)
 *crtbegin?.o(.dtors)
 *(EXCLUDE_FILE(*crtend.o *crtend?.o) .dtors)
 *(SORT_BY_NAME(.dtors.*))
 *(.dtors)
                0x100076c0                        . = ALIGN (0x4)
                0x100076c0                        PROVIDE (__preinit_array_start = .)
 *(SORT_BY_NAME(.preinit_array.*))
 .preinit_array.00100
                0x100076c0        0x4 CMakeFiles/pico_kernel.dir/C_/pico/pico-sdk/src/rp2_common/pico_runtime_init/runtime_init.c.obj
                0x100076c0                __pre_init_runtime_init_early_resets
 .preinit_array.00101
                0x100076c4        0x4 CMakeFiles/pico_kernel.dir/C_/pico/pico-sdk/src/rp2_common/pico_runtime_init/runtime_init.c.obj
                0x100076c4                __pre_init_runtime_init_usb_power_down
 .preinit_array.00275
                0x100076c8        0x4 CMakeFiles/pico_kernel.dir/C_/pico/pico-sdk/src/rp2_common/pico_bit_ops/bit_ops_aeabi.S.obj
 .preinit_array.00300
                0x100076cc        0x4 CMakeFiles/pico_kernel.dir/C_/pico/pico-sdk/src/rp2_common/pico_mem_ops/mem_ops_aeabi.S.obj
 .preinit_array.00350
                0x100076d0        0x4 CMakeFiles/pico_kernel.dir/C_/pico/pico-sdk/src/rp2_common/pico_double/double_aeabi_rp2040.S.obj
 .preinit_array.00350
                0x100076d4        0x4 CMakeFiles/pico_kernel.dir/C_/pico/pico-sdk/src/rp2_common/pico_float/float_aeabi_rp2040.S.obj
 .preinit_array.00500
                0x100076d8        0x4 CMakeFiles/pico_kernel.dir/C_/pico/pico-sdk/src/rp2_common/pico_runtime_init/runtime_init.c.obj
                0x100076d8                __pre_init_runtime_init_clocks
 .preinit_array.00600
                0x100076dc        0x4 CMakeFiles/pico_kernel.dir/C_/pico/pico-sdk/src/rp2_common/pico_runtime_init/runtime_init.c.obj
                0x100076dc                __pre_init_runtime_init_post_clock_resets
 .preinit_array.00700
                0x100076e0        0x4 CMakeFiles/pico_kernel.dir/C_/pico/pico-sdk/src/rp2_common/pico_runtime_init/runtime_init.c.obj
                0x100076e0                __pre_init_runtime_init_rp2040_gpio_ie_disable
 .preinit_array.01000
                0x100076e4        0x4 CMakeFiles/pico_kernel.dir/C_/pico/pico-sdk/src/rp2_common/pico_runtime_init/runtime_init.c.obj
                0x100076e4                __pre_init_runtime_init_spin_locks_reset
 .preinit_array.01100
                0x100076e8        0x4 CMakeFiles/pico_kernel.dir/C_/pico/pico-sdk/src/common/pico_sync/mutex.c.obj
                0x100076e8                __pre_init_runtime_init_mutex
 .preinit_array.10080
                0x100076ec        0x4 CMakeFiles/pico_kernel.dir/C_/pico/pico-sdk/src/rp2_common/pico_runtime_init/runtime_init.c.obj
                0x100076ec                __pre_init_runtime_init_install_ram_vector_table
 .preinit_array.11000
                0x100076f0        0x4 CMakeFiles/pico_kernel.dir/C_/pico/pico-sdk/src/common/pico_time/time.c.obj
                0x100076f0                __pre_init_runtime_init_default_alarm_pool
 .preinit_array.YYYYY
                0x100076f4        0x4 CMakeFiles/pico_kernel.dir/C_/pico/pico-sdk/src/rp2_common/pico_runtime/runtime.c.obj
                0x100076f4                __pre_init_first_per_core_initializer
 .preinit_array.ZZZZZ.01200
                0x100076f8        0x4 CMakeFiles/pico_kernel.dir/C_/pico/pico-sdk/src/rp2_common/hardware_irq/irq.c.obj
                0x100076f8                __pre_init_runtime_init_per_core_irq_priorities
 *(.preinit_array)
                0x100076fc                        PROVIDE (__preinit_array_end = .)
                0x100076fc                        . = ALIGN (0x4)
                0x100076fc                        PROVIDE (__init_array_start = .)
 *(SORT_BY_NAME(.init_array.*))
 .init_array.01000
                0x100076fc        0x4 CMakeFiles/pico_kernel.dir/C_/pico/pico-sdk/src/rp2_common/pico_unique_id/unique_id.c.obj
 *(.init_array)
 .init_array    0x10007700        0x4 C:/Users/david/scoop/apps/gcc-arm-none-eabi/15.2.rel1/bin/../lib/gcc/arm-none-eabi/15.2.1/thumb/v6-m/nofp/crtbegin.o
                0x10007704                        PROVIDE (__init_array_end = .)
                0x10007704                        . = ALIGN (0x4)
                [!provide]                        PROVIDE (__fini_array_start = .)
 *(SORT_BY_NAME(.fini_array.*))
 *(.fini_array)
                [!provide]                        PROVIDE (__fini_array_end = .)
 *(.eh_frame*)
 .eh_frame      0x10007704        0x0 C:/Users/david/scoop/apps/gcc-arm-none-eabi/15.2.rel1/bin/../lib/gcc/arm-none-eabi/15.2.1/thumb/v6-m/nofp/crtbegin.o
                0x10007704                        . = ALIGN (0x4)

.glue_7         0x10007704        0x0
 .glue_7        0x10007704        0x0 linker stubs

.glue_7t        0x10007704        0x0
 .glue_7t       0x10007704        0x0 linker stubs

.vfp11_veneer   0x10007704        0x0
 .vfp11_veneer  0x10007704        0x0 linker stubs

.v4_bx          0x10007704        0x0
 .v4_bx         0x10007704        0x0 linker stubs

.iplt           0x10007704        0x0
 .iplt          0x10007704        0x0 C:/Users/david/scoop/apps/gcc-arm-none-eabi/15.2.rel1/bin/../lib/gcc/arm-none-eabi/15.2.1/thumb/v6-m/nofp/crtbegin.o

.rodata         0x10007708     0x995c
 *(EXCLUDE_FILE(*libm.a: *libc.a:*lib_a-mem*.o *libgcc.a:) .rodata*)
 .rodata.main.str1.4
                0x10007708      0x358 CMakeFiles/pico_kernel.dir/src/main.c.obj
                                  0x6 (size before relaxing)
 .rodata.logo_data
                0x10007a60     0x8e62 CMakeFiles/pico_kernel.dir/src/main.c.obj
 .rodata.shell_println.str1.4
                0x100108c2        0x0 CMakeFiles/pico_kernel.dir/src/kernel/shell.c.obj
                                  0x2 (size before relaxing)
 .rodata.shell_run.str1.4
                0x100108c2        0x0 CMakeFiles/pico_kernel.dir/src/kernel/shell.c.obj
                                0x1e4 (size before relaxing)
 *fill*         0x100108c2        0x2 
 .rodata.font8x8
                0x100108c4      0x2f8 CMakeFiles/pico_kernel.dir/src/kernel/shell.c.obj
 .rodata.panic.str1.4
                0x10010bbc        0x0 CMakeFiles/pico_kernel.dir/C_/pico/pico-sdk/src/rp2_common/pico_platform_panic/panic.c.obj
                                 0x12 (size before relaxing)
 .rodata.spin_lock_claim_unused.str1.4
                0x10010bbc        0x0 CMakeFiles/pico_kernel.dir/C_/pico/pico-sdk/src/rp2_common/hardware_sync/sync.c.obj
                                 0x1b (size before relaxing)
 .rodata.user_irq_claim_unused.str1.4
                0x10010bbc        0x0 CMakeFiles/pico_kernel.dir/C_/pico/pico-sdk/src/rp2_common/hardware_irq/irq.c.obj
                                 0x1b (size before relaxing)
 .rodata.timer_hardware_alarm_claim.str1.4
                0x10010bbc        0x0 CMakeFiles/pico_kernel.dir/C_/pico/pico-sdk/src/rp2_common/hardware_timer/timer.c.obj
                                 0x22 (size before relaxing)
 .rodata.hard_assertion_failure.str1.4
                0x10010bbc        0x0 CMakeFiles/pico_kernel.dir/C_/pico/pico-sdk/src/rp2_common/pico_runtime/runtime.c.obj
                                  0xc (size before relaxing)
 .rodata.str1.4
                0x10010bbc        0x0 CMakeFiles/pico_kernel.dir/C_/pico/pico-sdk/src/rp2_common/pico_standard_binary_info/standard_binary_info.c.obj
                                 0x40 (size before relaxing)
 .rodata.__bi_84
                0x10010bbc        0xc CMakeFiles/pico_kernel.dir/C_/pico/pico-sdk/src/rp2_common/pico_standard_binary_info/standard_binary_info.c.obj
 .rodata.__bi_78
                0x10010bc8        0xc CMakeFiles/pico_kernel.dir/C_/pico/pico-sdk/src/rp2_common/pico_standard_binary_info/standard_binary_info.c.obj
 .rodata.__bi_54
                0x10010bd4        0xc CMakeFiles/pico_kernel.dir/C_/pico/pico-sdk/src/rp2_common/pico_standard_binary_info/standard_binary_info.c.obj
 .rodata.__bi_48
                0x10010be0        0xc CMakeFiles/pico_kernel.dir/C_/pico/pico-sdk/src/rp2_common/pico_standard_binary_info/standard_binary_info.c.obj
 .rodata.__bi_42
                0x10010bec        0xc CMakeFiles/pico_kernel.dir/C_/pico/pico-sdk/src/rp2_common/pico_standard_binary_info/standard_binary_info.c.obj
 .rodata.__bi_34
                0x10010bf8        0xc CMakeFiles/pico_kernel.dir/C_/pico/pico-sdk/src/rp2_common/pico_standard_binary_info/standard_binary_info.c.obj
 .rodata.__bi_26
                0x10010c04        0xc CMakeFiles/pico_kernel.dir/C_/pico/pico-sdk/src/rp2_common/pico_standard_binary_info/standard_binary_info.c.obj
 .rodata._ftoa.str1.4
                0x10010c10        0x0 CMakeFiles/pico_kernel.dir/C_/pico/pico-sdk/src/rp2_common/pico_printf/printf.c.obj
                                 0x15 (size before relaxing)
 .rodata._vsnprintf
                0x10010c10      0x19c CMakeFiles/pico_kernel.dir/C_/pico/pico-sdk/src/rp2_common/pico_printf/printf.c.obj
 *fill*         0x10010dac        0x4 
 .rodata.pow10.0
                0x10010db0       0x50 CMakeFiles/pico_kernel.dir/C_/pico/pico-sdk/src/rp2_common/pico_printf/printf.c.obj
 .rodata.crlf_str.0
                0x10010e00        0x2 CMakeFiles/pico_kernel.dir/C_/pico/pico-sdk/src/rp2_common/pico_stdio/stdio.c.obj
 *fill*         0x10010e02        0x2 
 .rodata._resetd_driver
                0x10010e04       0x20 CMakeFiles/pico_kernel.dir/C_/pico/pico-sdk/src/rp2_common/pico_stdio_usb/reset_interface.c.obj
 .rodata.desc_ms_os_20
                0x10010e24       0xa6 CMakeFiles/pico_kernel.dir/C_/pico/pico-sdk/src/rp2_common/pico_stdio_usb/reset_interface.c.obj
 *fill*         0x10010eca        0x2 
 .rodata.desc_bos
                0x10010ecc       0x21 CMakeFiles/pico_kernel.dir/C_/pico/pico-sdk/src/rp2_common/pico_stdio_usb/reset_interface.c.obj
                0x10010ecc                desc_bos
 .rodata.str1.4
                0x10010eed        0x0 CMakeFiles/pico_kernel.dir/C_/pico/pico-sdk/src/rp2_common/pico_stdio_usb/stdio_usb.c.obj
                                 0x13 (size before relaxing)
 *fill*         0x10010eed        0x3 
 .rodata.__bi_202.0
                0x10010ef0        0xc CMakeFiles/pico_kernel.dir/C_/pico/pico-sdk/src/rp2_common/pico_stdio_usb/stdio_usb.c.obj
 .rodata.str1.4
                0x10010efc        0x0 CMakeFiles/pico_kernel.dir/C_/pico/pico-sdk/src/rp2_common/pico_stdio_usb/stdio_usb_descriptors.c.obj
                                 0x2a (size before relaxing)
 .rodata.usbd_desc_str
                0x10010efc       0x18 CMakeFiles/pico_kernel.dir/C_/pico/pico-sdk/src/rp2_common/pico_stdio_usb/stdio_usb_descriptors.c.obj
 .rodata.usbd_desc_cfg
                0x10010f14       0x54 CMakeFiles/pico_kernel.dir/C_/pico/pico-sdk/src/rp2_common/pico_stdio_usb/stdio_usb_descriptors.c.obj
 .rodata.usbd_desc_device
                0x10010f68       0x12 CMakeFiles/pico_kernel.dir/C_/pico/pico-sdk/src/rp2_common/pico_stdio_usb/stdio_usb_descriptors.c.obj
 .rodata.str1.4
                0x10010f7a        0x0 CMakeFiles/pico_kernel.dir/C_/pico/pico-sdk/lib/tinyusb/src/portable/raspberrypi/rp2040/dcd_rp2040.c.obj
                                 0x14 (size before relaxing)
 .rodata.str1.4
                0x10010f7a        0x0 CMakeFiles/pico_kernel.dir/C_/pico/pico-sdk/lib/tinyusb/src/portable/raspberrypi/rp2040/rp2040_usb.c.obj
                                 0x48 (size before relaxing)
 *fill*         0x10010f7a        0x2 
 .rodata.tud_task_ext
                0x10010f7c       0x8c CMakeFiles/pico_kernel.dir/C_/pico/pico-sdk/lib/tinyusb/src/device/usbd.c.obj
 .rodata        0x10011008       0x1c CMakeFiles/pico_kernel.dir/C_/pico/pico-sdk/lib/tinyusb/src/device/usbd.c.obj
 .rodata._usbd_driver
                0x10011024       0x40 CMakeFiles/pico_kernel.dir/C_/pico/pico-sdk/lib/tinyusb/src/device/usbd.c.obj
                0x10011064                        . = ALIGN (0x4)
 *(SORT_BY_ALIGNMENT(SORT_BY_NAME(.flashdata*)))
                0x10011064                        . = ALIGN (0x4)

.ARM.extab
 *(.ARM.extab* .gnu.linkonce.armextab.*)
                0x10011064                        __exidx_start = .

.ARM.exidx
 *(.ARM.exidx* .gnu.linkonce.armexidx.*)
                0x10011064                        __exidx_end = .
                0x10011064                        . = ALIGN (0x4)
                0x10011064                        __binary_info_start = .

.binary_info    0x10011064       0x20
 *(.binary_info.keep.*)
 .binary_info.keep.__bi_ptr84
                0x10011064        0x4 CMakeFiles/pico_kernel.dir/C_/pico/pico-sdk/src/rp2_common/pico_standard_binary_info/standard_binary_info.c.obj
 .binary_info.keep.__bi_ptr78
                0x10011068        0x4 CMakeFiles/pico_kernel.dir/C_/pico/pico-sdk/src/rp2_common/pico_standard_binary_info/standard_binary_info.c.obj
 .binary_info.keep.__bi_ptr54
                0x1001106c        0x4 CMakeFiles/pico_kernel.dir/C_/pico/pico-sdk/src/rp2_common/pico_standard_binary_info/standard_binary_info.c.obj
 .binary_info.keep.__bi_ptr48
                0x10011070        0x4 CMakeFiles/pico_kernel.dir/C_/pico/pico-sdk/src/rp2_common/pico_standard_binary_info/standard_binary_info.c.obj
 .binary_info.keep.__bi_ptr42
                0x10011074        0x4 CMakeFiles/pico_kernel.dir/C_/pico/pico-sdk/src/rp2_common/pico_standard_binary_info/standard_binary_info.c.obj
 .binary_info.keep.__bi_ptr34
                0x10011078        0x4 CMakeFiles/pico_kernel.dir/C_/pico/pico-sdk/src/rp2_common/pico_standard_binary_info/standard_binary_info.c.obj
 .binary_info.keep.__bi_ptr26
                0x1001107c        0x4 CMakeFiles/pico_kernel.dir/C_/pico/pico-sdk/src/rp2_common/pico_standard_binary_info/standard_binary_info.c.obj
 *(.binary_info.*)
 .binary_info.__bi_ptr202
                0x10011080        0x4 CMakeFiles/pico_kernel.dir/C_/pico/pico-sdk/src/rp2_common/pico_stdio_usb/stdio_usb.c.obj
                0x10011084                        __binary_info_end = .
                0x10011084                        . = ALIGN (0x4)

.ram_vector_table
                0x20000000       0xc0
 *(.ram_vector_table)
 .ram_vector_table
                0x20000000       0xc0 CMakeFiles/pico_kernel.dir/C_/pico/pico-sdk/src/rp2_common/pico_runtime_init/runtime_init.c.obj
                0x20000000                ram_vector_table

.uninitialized_data
                0x200000c0        0x0
                0x200000c0                        . = ALIGN (0x4)
 *(.uninitialized_data*)

.data           0x200000c0     0x1048 load address 0x10011084
                0x200000c0                        __data_start__ = .
 *(vtable)
 *(.time_critical*)
 .time_critical.mutex_enter_blocking
                0x200000c0       0x48 CMakeFiles/pico_kernel.dir/C_/pico/pico-sdk/src/common/pico_sync/mutex.c.obj
                0x200000c0                mutex_enter_blocking
 .time_critical.mutex_try_enter
                0x20000108       0x40 CMakeFiles/pico_kernel.dir/C_/pico/pico-sdk/src/common/pico_sync/mutex.c.obj
                0x20000108                mutex_try_enter
 .time_critical.mutex_try_enter_block_until
                0x20000148       0x98 CMakeFiles/pico_kernel.dir/C_/pico/pico-sdk/src/common/pico_sync/mutex.c.obj
                0x20000148                mutex_try_enter_block_until
 .time_critical.mutex_enter_timeout_ms
                0x200001e0       0x8c CMakeFiles/pico_kernel.dir/C_/pico/pico-sdk/src/common/pico_sync/mutex.c.obj
                0x200001e0                mutex_enter_timeout_ms
 .time_critical.mutex_exit
                0x2000026c       0x28 CMakeFiles/pico_kernel.dir/C_/pico/pico-sdk/src/common/pico_sync/mutex.c.obj
                0x2000026c                mutex_exit
 .time_critical.flash_init_boot2_copyout
                0x20000294       0x30 CMakeFiles/pico_kernel.dir/C_/pico/pico-sdk/src/rp2_common/hardware_flash/flash.c.obj
 .time_critical.flash_enable_xip_via_boot2
                0x200002c4        0xc CMakeFiles/pico_kernel.dir/C_/pico/pico-sdk/src/rp2_common/hardware_flash/flash.c.obj
 .time_critical.flash_save_hardware_state
                0x200002d0       0x20 CMakeFiles/pico_kernel.dir/C_/pico/pico-sdk/src/rp2_common/hardware_flash/flash.c.obj
 .time_critical.flash_restore_hardware_state
                0x200002f0       0x20 CMakeFiles/pico_kernel.dir/C_/pico/pico-sdk/src/rp2_common/hardware_flash/flash.c.obj
 .time_critical.flash_cs_force
                0x20000310       0x38 CMakeFiles/pico_kernel.dir/C_/pico/pico-sdk/src/rp2_common/hardware_flash/flash.c.obj
 .time_critical.flash_do_cmd
                0x20000348      0x124 CMakeFiles/pico_kernel.dir/C_/pico/pico-sdk/src/rp2_common/hardware_flash/flash.c.obj
                0x20000348                flash_do_cmd
 .time_critical.reset_non_control_endpoints
                0x2000046c       0x68 CMakeFiles/pico_kernel.dir/C_/pico/pico-sdk/lib/tinyusb/src/portable/raspberrypi/rp2040/dcd_rp2040.c.obj
 .time_critical.hw_handle_buff_status
                0x200004d4       0x88 CMakeFiles/pico_kernel.dir/C_/pico/pico-sdk/lib/tinyusb/src/portable/raspberrypi/rp2040/dcd_rp2040.c.obj
 .time_critical.dcd_rp2040_irq
                0x2000055c      0x53c CMakeFiles/pico_kernel.dir/C_/pico/pico-sdk/lib/tinyusb/src/portable/raspberrypi/rp2040/dcd_rp2040.c.obj
 .time_critical.prepare_ep_buffer
                0x20000a98       0xc4 CMakeFiles/pico_kernel.dir/C_/pico/pico-sdk/lib/tinyusb/src/portable/raspberrypi/rp2040/rp2040_usb.c.obj
 .time_critical.sync_ep_buffer
                0x20000b5c       0xa0 CMakeFiles/pico_kernel.dir/C_/pico/pico-sdk/lib/tinyusb/src/portable/raspberrypi/rp2040/rp2040_usb.c.obj
 .time_critical._hw_endpoint_xfer_sync
                0x20000bfc       0x28 CMakeFiles/pico_kernel.dir/C_/pico/pico-sdk/lib/tinyusb/src/portable/raspberrypi/rp2040/rp2040_usb.c.obj
 .time_critical.e15_is_bulkin_ep
                0x20000c24       0x28 CMakeFiles/pico_kernel.dir/C_/pico/pico-sdk/lib/tinyusb/src/portable/raspberrypi/rp2040/rp2040_usb.c.obj
 .time_critical.e15_is_critical_frame_period
                0x20000c4c       0x30 CMakeFiles/pico_kernel.dir/C_/pico/pico-sdk/lib/tinyusb/src/portable/raspberrypi/rp2040/rp2040_usb.c.obj
 .time_critical.hw_endpoint_reset_transfer
                0x20000c7c        0xc CMakeFiles/pico_kernel.dir/C_/pico/pico-sdk/lib/tinyusb/src/portable/raspberrypi/rp2040/rp2040_usb.c.obj
                0x20000c7c                hw_endpoint_reset_transfer
 .time_critical._hw_endpoint_buffer_control_update32
                0x20000c88       0x50 CMakeFiles/pico_kernel.dir/C_/pico/pico-sdk/lib/tinyusb/src/portable/raspberrypi/rp2040/rp2040_usb.c.obj
                0x20000c88                _hw_endpoint_buffer_control_update32
 .time_critical.hw_endpoint_start_next_buffer
                0x20000cd8       0x68 CMakeFiles/pico_kernel.dir/C_/pico/pico-sdk/lib/tinyusb/src/portable/raspberrypi/rp2040/rp2040_usb.c.obj
                0x20000cd8                hw_endpoint_start_next_buffer
 .time_critical.hw_endpoint_xfer_continue
                0x20000d40       0x40 CMakeFiles/pico_kernel.dir/C_/pico/pico-sdk/lib/tinyusb/src/portable/raspberrypi/rp2040/rp2040_usb.c.obj
                0x20000d40                hw_endpoint_xfer_continue
 .time_critical.tinyusb
                0x20000d80      0x1d8 CMakeFiles/pico_kernel.dir/C_/pico/pico-sdk/lib/tinyusb/src/device/usbd.c.obj
                0x20000d80                dcd_event_handler
 .time_critical.spi_write_blocking
                0x20000f58       0x50 CMakeFiles/pico_kernel.dir/C_/pico/pico-sdk/src/rp2_common/hardware_spi/spi.c.obj
                0x20000f58                spi_write_blocking
 *(.text*)
 .text          0x20000fa8        0x4 C:/Users/david/scoop/apps/gcc-arm-none-eabi/15.2.rel1/bin/../lib/gcc/arm-none-eabi/15.2.1/thumb/v6-m/nofp\libgcc.a(_dvmd_tls.o)
                0x20000fa8                __aeabi_idiv0
                0x20000fa8                __aeabi_ldiv0
 *fill*         0x20000fac        0x4 
 .text.__stub   0x20000fb0       0x80 linker stubs
                0x20001030                        . = ALIGN (0x4)
 *(.rodata*)
                0x20001030                        . = ALIGN (0x4)
 *(.data*)
 .data.striped_spin_lock_num
                0x20001030        0x1 CMakeFiles/pico_kernel.dir/C_/pico/pico-sdk/src/rp2_common/hardware_sync/sync.c.obj
 *fill*         0x20001031        0x3 
 .data          0x20001034       0x48 CMakeFiles/pico_kernel.dir/C_/pico/pico-sdk/src/rp2_common/hardware_irq/irq_handler_chain.S.obj
                0x20001034                irq_handler_chain_slots
                0x20001064                irq_handler_chain_first_slot
                0x2000106e                irq_handler_chain_remove_tail
 .data.default_alarm_pool
                0x2000107c       0x18 CMakeFiles/pico_kernel.dir/C_/pico/pico-sdk/src/common/pico_time/time.c.obj
 *fill*         0x20001094        0xc 
 .data.aeabi_bits_funcs
                0x200010a0       0x10 CMakeFiles/pico_kernel.dir/C_/pico/pico-sdk/src/rp2_common/pico_bit_ops/bit_ops_aeabi.S.obj
                0x200010a0                aeabi_bits_funcs
                0x200010b0                aeabi_bits_funcs_end
 .data.aeabi_mem_funcs
                0x200010b0       0x10 CMakeFiles/pico_kernel.dir/C_/pico/pico-sdk/src/rp2_common/pico_mem_ops/mem_ops_aeabi.S.obj
                0x200010b0                aeabi_mem_funcs
                0x200010c0                aeabi_mem_funcs_end
 .data.stdio_usb
                0x200010c0       0x18 CMakeFiles/pico_kernel.dir/C_/pico/pico-sdk/src/rp2_common/pico_stdio_usb/stdio_usb.c.obj
                0x200010c0                stdio_usb
 .data._usbd_qdef
                0x200010d8       0x1c CMakeFiles/pico_kernel.dir/C_/pico/pico-sdk/lib/tinyusb/src/device/usbd.c.obj
                0x200010d8                _usbd_qdef
 .data._usbd_rhport
                0x200010f4        0x1 CMakeFiles/pico_kernel.dir/C_/pico/pico-sdk/lib/tinyusb/src/device/usbd.c.obj
                0x200010f8                        . = ALIGN (0x4)
 *fill*         0x200010f5        0x3 
 *(.after_data.*)
                0x200010f8                        . = ALIGN (0x4)
                0x200010f8                        PROVIDE (__mutex_array_start = .)
 *(SORT_BY_NAME(.mutex_array.*))
 *(.mutex_array)
 .mutex_array   0x200010f8        0x8 CMakeFiles/pico_kernel.dir/C_/pico/pico-sdk/src/rp2_common/pico_malloc/malloc.c.obj
 .mutex_array   0x20001100        0x8 CMakeFiles/pico_kernel.dir/C_/pico/pico-sdk/src/rp2_common/pico_stdio/stdio.c.obj
                0x20001108                        PROVIDE (__mutex_array_end = .)
                0x20001108                        . = ALIGN (0x4)
 *(.jcr)
                0x20001108                        . = ALIGN (0x4)

.tm_clone_table
                0x20001108        0x0 load address 0x100120cc
 .tm_clone_table
                0x20001108        0x0 C:/Users/david/scoop/apps/gcc-arm-none-eabi/15.2.rel1/bin/../lib/gcc/arm-none-eabi/15.2.1/thumb/v6-m/nofp/crtbegin.o
 .tm_clone_table
                0x20001108        0x0 C:/Users/david/scoop/apps/gcc-arm-none-eabi/15.2.rel1/bin/../lib/gcc/arm-none-eabi/15.2.1/thumb/v6-m/nofp/crtend.o

.igot.plt       0x20001108        0x0 load address 0x100120cc
 .igot.plt      0x20001108        0x0 C:/Users/david/scoop/apps/gcc-arm-none-eabi/15.2.rel1/bin/../lib/gcc/arm-none-eabi/15.2.1/thumb/v6-m/nofp/crtbegin.o

.tdata          0x20001108        0x0 load address 0x100120cc
                0x20001108                        . = ALIGN (0x4)
 *(.tdata .tdata.* .gnu.linkonce.td.*)
                0x20001108                        __tdata_end = .
                0x20001108                        PROVIDE (__data_end__ = .)
                0x10011084                        __etext = LOADADDR (.data)

.tbss           0x20001108        0x0 load address 0x100120cc
                0x20001108                        . = ALIGN (0x4)
                0x20001108                        __bss_start__ = .
                0x20001108                        __tls_base = .
 *(.tbss .tbss.* .gnu.linkonce.tb.*)
 *(.tcommon)
                0x20001108                        __tls_end = .

.bss            0x20001108     0x8fb4 load address 0x100120cc
                0x20001108                        . = ALIGN (0x4)
                0x20001108                        __tbss_end = .
 *(SORT_BY_ALIGNMENT(SORT_BY_NAME(.bss*)))
 .bss._cdcd_itf
                0x20001108       0xc8 CMakeFiles/pico_kernel.dir/C_/pico/pico-sdk/lib/tinyusb/src/class/cdc/cdc_device.c.obj
 .bss.default_alarm_pool_entries
                0x200011d0      0x180 CMakeFiles/pico_kernel.dir/C_/pico/pico-sdk/src/common/pico_time/time.c.obj
 .bss.last_avail_time.1
                0x20001350        0x8 CMakeFiles/pico_kernel.dir/C_/pico/pico-sdk/src/rp2_common/pico_stdio_usb/stdio_usb.c.obj
 .bss.sd_table  0x20001358      0x100 CMakeFiles/pico_kernel.dir/C_/pico/pico-sdk/src/rp2_common/pico_double/double_init_rom_rp2040.c.obj
                0x20001358                sd_table
 .bss.sf_table  0x20001458      0x100 CMakeFiles/pico_kernel.dir/C_/pico/pico-sdk/src/rp2_common/pico_float/float_init_rom_rp2040.c.obj
                0x20001458                sf_table
 .bss._app_driver
                0x20001558        0x4 CMakeFiles/pico_kernel.dir/C_/pico/pico-sdk/lib/tinyusb/src/device/usbd.c.obj
 .bss._cdcd_epbuf
                0x2000155c       0x80 CMakeFiles/pico_kernel.dir/C_/pico/pico-sdk/lib/tinyusb/src/class/cdc/cdc_device.c.obj
 .bss._cdcd_fifo_cfg
                0x200015dc        0x1 CMakeFiles/pico_kernel.dir/C_/pico/pico-sdk/lib/tinyusb/src/class/cdc/cdc_device.c.obj
 *fill*         0x200015dd        0x3 
 .bss._ctrl_epbuf
                0x200015e0       0x40 CMakeFiles/pico_kernel.dir/C_/pico/pico-sdk/lib/tinyusb/src/device/usbd_control.c.obj
 .bss._ctrl_xfer
                0x20001620       0x14 CMakeFiles/pico_kernel.dir/C_/pico/pico-sdk/lib/tinyusb/src/device/usbd_control.c.obj
 .bss._tusb_rhport_role
                0x20001634        0x2 CMakeFiles/pico_kernel.dir/C_/pico/pico-sdk/lib/tinyusb/src/tusb.c.obj
                0x20001634                _tusb_rhport_role
 *fill*         0x20001636        0x2 
 .bss._ubsd_mutexdef
                0x20001638        0x8 CMakeFiles/pico_kernel.dir/C_/pico/pico-sdk/lib/tinyusb/src/device/usbd.c.obj
 .bss._usbd_dev
                0x20001640       0x54 CMakeFiles/pico_kernel.dir/C_/pico/pico-sdk/lib/tinyusb/src/device/usbd.c.obj
 .bss._usbd_mutex
                0x20001694        0x4 CMakeFiles/pico_kernel.dir/C_/pico/pico-sdk/lib/tinyusb/src/device/usbd.c.obj
 .bss._usbd_q   0x20001698        0x4 CMakeFiles/pico_kernel.dir/C_/pico/pico-sdk/lib/tinyusb/src/device/usbd.c.obj
 .bss._usbd_qdef_buf
                0x2000169c       0xc0 CMakeFiles/pico_kernel.dir/C_/pico/pico-sdk/lib/tinyusb/src/device/usbd.c.obj
                0x2000169c                _usbd_qdef_buf
 .bss._vendord_epbuf
                0x2000175c       0x80 CMakeFiles/pico_kernel.dir/C_/pico/pico-sdk/lib/tinyusb/src/class/vendor/vendor_device.c.obj
 .bss._vendord_itf
                0x200017dc      0x24c CMakeFiles/pico_kernel.dir/C_/pico/pico-sdk/lib/tinyusb/src/class/vendor/vendor_device.c.obj
 .bss.boot2_copyout
                0x20001a28      0x100 CMakeFiles/pico_kernel.dir/C_/pico/pico-sdk/src/rp2_common/hardware_flash/flash.c.obj
 .bss.chars_available_callback
                0x20001b28        0x4 CMakeFiles/pico_kernel.dir/C_/pico/pico-sdk/src/rp2_common/pico_stdio_usb/stdio_usb.c.obj
 .bss.chars_available_param
                0x20001b2c        0x4 CMakeFiles/pico_kernel.dir/C_/pico/pico-sdk/src/rp2_common/pico_stdio_usb/stdio_usb.c.obj
 .bss.claimed   0x20001b30        0x4 CMakeFiles/pico_kernel.dir/C_/pico/pico-sdk/src/rp2_common/hardware_sync/sync.c.obj
 .bss.claimed   0x20001b34        0x1 CMakeFiles/pico_kernel.dir/C_/pico/pico-sdk/src/rp2_common/hardware_timer/timer.c.obj
 *fill*         0x20001b35        0x3 
 .bss.configured_freq
                0x20001b38       0x28 CMakeFiles/pico_kernel.dir/C_/pico/pico-sdk/src/rp2_common/hardware_clocks/clocks.c.obj
 .bss.current_task
                0x20001b60        0x4 CMakeFiles/pico_kernel.dir/src/kernel/tasks/scheduler.c.obj
 .bss.cursor_col
                0x20001b64        0x4 CMakeFiles/pico_kernel.dir/src/kernel/shell.c.obj
 .bss.cursor_row
                0x20001b68        0x4 CMakeFiles/pico_kernel.dir/src/kernel/shell.c.obj
 .bss.desc_str.0
                0x20001b6c       0x28 CMakeFiles/pico_kernel.dir/C_/pico/pico-sdk/src/rp2_common/pico_stdio_usb/stdio_usb_descriptors.c.obj
 .bss.display_mutex
                0x20001b94        0x8 CMakeFiles/pico_kernel.dir/src/kernel/mutex.c.obj
                0x20001b94                display_mutex
 .bss.drivers   0x20001b9c        0x4 CMakeFiles/pico_kernel.dir/C_/pico/pico-sdk/src/rp2_common/pico_stdio/stdio.c.obj
 .bss.e15_last_sof
                0x20001ba0        0x4 CMakeFiles/pico_kernel.dir/C_/pico/pico-sdk/lib/tinyusb/src/portable/raspberrypi/rp2040/rp2040_usb.c.obj
                0x20001ba0                e15_last_sof
 .bss.filter    0x20001ba4        0x4 CMakeFiles/pico_kernel.dir/C_/pico/pico-sdk/src/rp2_common/pico_stdio/stdio.c.obj
 .bss.hw_endpoints
                0x20001ba8      0x400 CMakeFiles/pico_kernel.dir/C_/pico/pico-sdk/lib/tinyusb/src/portable/raspberrypi/rp2040/dcd_rp2040.c.obj
 .bss.lazy_vsnprintf
                0x20001fa8        0x4 CMakeFiles/pico_kernel.dir/C_/pico/pico-sdk/src/rp2_common/pico_printf/printf.c.obj
 .bss.load_value
                0x20001fac        0x4 CMakeFiles/pico_kernel.dir/C_/pico/pico-sdk/src/rp2_common/hardware_watchdog/watchdog.c.obj
 .bss.next_buffer_ptr
                0x20001fb0        0x4 CMakeFiles/pico_kernel.dir/C_/pico/pico-sdk/lib/tinyusb/src/portable/raspberrypi/rp2040/dcd_rp2040.c.obj
 .bss.object.0  0x20001fb4       0x18 C:/Users/david/scoop/apps/gcc-arm-none-eabi/15.2.rel1/bin/../lib/gcc/arm-none-eabi/15.2.1/thumb/v6-m/nofp/crtbegin.o
 .bss.one_shot_timer_crit_sec
                0x20001fcc        0x8 CMakeFiles/pico_kernel.dir/C_/pico/pico-sdk/src/rp2_common/pico_stdio_usb/stdio_usb.c.obj
 .bss.pools     0x20001fd4       0x10 CMakeFiles/pico_kernel.dir/C_/pico/pico-sdk/src/common/pico_time/time.c.obj
 .bss.retrieved_id
                0x20001fe4        0x8 CMakeFiles/pico_kernel.dir/C_/pico/pico-sdk/src/rp2_common/pico_unique_id/unique_id.c.obj
 .bss.sf_clz_func
                0x20001fec        0x4 CMakeFiles/pico_kernel.dir/C_/pico/pico-sdk/src/rp2_common/pico_double/double_init_rom_rp2040.c.obj
                0x20001fec                sf_clz_func
 .bss.sleep_notifier
                0x20001ff0        0x4 CMakeFiles/pico_kernel.dir/C_/pico/pico-sdk/src/common/pico_time/time.c.obj
 .bss.stdio_usb_mutex
                0x20001ff4        0x8 CMakeFiles/pico_kernel.dir/C_/pico/pico-sdk/src/rp2_common/pico_stdio_usb/stdio_usb.c.obj
 .bss.task_count
                0x20001ffc        0x4 CMakeFiles/pico_kernel.dir/src/kernel/tasks/scheduler.c.obj
 .bss.tasks     0x20002000     0x80a0 CMakeFiles/pico_kernel.dir/src/kernel/tasks/scheduler.c.obj
 .bss.usbd_serial_str
                0x2000a0a0       0x11 CMakeFiles/pico_kernel.dir/C_/pico/pico-sdk/src/rp2_common/pico_stdio_usb/stdio_usb_descriptors.c.obj
 .bss._app_driver_count
                0x2000a0b1        0x1 CMakeFiles/pico_kernel.dir/C_/pico/pico-sdk/lib/tinyusb/src/device/usbd.c.obj
 .bss._sof_enable
                0x2000a0b2        0x1 CMakeFiles/pico_kernel.dir/C_/pico/pico-sdk/lib/tinyusb/src/portable/raspberrypi/rp2040/dcd_rp2040.c.obj
 .bss._usbd_queued_setup
                0x2000a0b3        0x1 CMakeFiles/pico_kernel.dir/C_/pico/pico-sdk/lib/tinyusb/src/device/usbd.c.obj
 .bss.boot2_copyout_valid
                0x2000a0b4        0x1 CMakeFiles/pico_kernel.dir/C_/pico/pico-sdk/src/rp2_common/hardware_flash/flash.c.obj
 .bss.irq_handler_chain_free_slot_head
                0x2000a0b5        0x1 CMakeFiles/pico_kernel.dir/C_/pico/pico-sdk/src/rp2_common/hardware_irq/irq.c.obj
 .bss.itf_num   0x2000a0b6        0x1 CMakeFiles/pico_kernel.dir/C_/pico/pico-sdk/src/rp2_common/pico_stdio_usb/reset_interface.c.obj
 .bss.low_priority_irq_num
                0x2000a0b7        0x1 CMakeFiles/pico_kernel.dir/C_/pico/pico-sdk/src/rp2_common/pico_stdio_usb/stdio_usb.c.obj
 .bss.one_shot_timer_pending
                0x2000a0b8        0x1 CMakeFiles/pico_kernel.dir/C_/pico/pico-sdk/src/rp2_common/pico_stdio_usb/stdio_usb.c.obj
 .bss.tick.0    0x2000a0b9        0x1 CMakeFiles/pico_kernel.dir/src/main.c.obj
 .bss.user_irq_claimed
                0x2000a0ba        0x1 CMakeFiles/pico_kernel.dir/C_/pico/pico-sdk/src/rp2_common/hardware_irq/irq.c.obj
 *(COMMON)
                0x2000a0bc                        . = ALIGN (0x4)
 *fill*         0x2000a0bb        0x1 
                0x2000a0bc                        __bss_end__ = .

.heap           0x2000a0bc      0x800 load address 0x100120cc
                0x2000a0bc                        __end__ = .
                0x2000a0bc                        end = __end__
 *(.heap*)
 .heap          0x2000a0bc      0x800 CMakeFiles/pico_kernel.dir/C_/pico/pico-sdk/src/rp2_common/pico_crt0/crt0.S.obj
                0x20040000                        __HeapLimit = (ORIGIN (RAM) + LENGTH (RAM))

.scratch_x      0x20040000        0x0 load address 0x100120cc
                0x20040000                        __scratch_x_start__ = .
 *(.scratch_x.*)
                0x20040000                        . = ALIGN (0x4)
                0x20040000                        __scratch_x_end__ = .
                0x100120cc                        __scratch_x_source__ = LOADADDR (.scratch_x)

.scratch_y      0x20041000        0x0 load address 0x100120cc
                0x20041000                        __scratch_y_start__ = .
 *(.scratch_y.*)
                0x20041000                        . = ALIGN (0x4)
                0x20041000                        __scratch_y_end__ = .
                0x100120cc                        __scratch_y_source__ = LOADADDR (.scratch_y)

.stack1_dummy   0x20040000      0x800
 *(.stack1*)
 .stack1        0x20040000      0x800 CMakeFiles/pico_kernel.dir/C_/pico/pico-sdk/src/rp2_common/pico_multicore/multicore.c.obj

.stack_dummy    0x20041000      0x800
 *(.stack*)
 .stack         0x20041000      0x800 CMakeFiles/pico_kernel.dir/C_/pico/pico-sdk/src/rp2_common/pico_crt0/crt0.S.obj

.rel.dyn        0x20041800        0x0
 .rel.iplt      0x20041800        0x0 C:/Users/david/scoop/apps/gcc-arm-none-eabi/15.2.rel1/bin/../lib/gcc/arm-none-eabi/15.2.1/thumb/v6-m/nofp/crtbegin.o

.flash_end      0x100120cc        0x0
 *(.embedded_end_block*)
                0x100120cc                        PROVIDE (__flash_binary_end = .)
                0x20040000                        __StackLimit = (ORIGIN (RAM) + LENGTH (RAM))
                0x20041000                        __StackOneTop = (ORIGIN (SCRATCH_X) + LENGTH (SCRATCH_X))
                0x20042000                        __StackTop = (ORIGIN (SCRATCH_Y) + LENGTH (SCRATCH_Y))
                0x20040800                        __StackOneBottom = (__StackOneTop - SIZEOF (.stack1_dummy))
                0x20041800                        __StackBottom = (__StackTop - SIZEOF (.stack_dummy))
                0x20042000                        PROVIDE (__stack = __StackTop)
                [!provide]                        PROVIDE (__heap_start = __end__)
                [!provide]                        PROVIDE (__heap_end = __HeapLimit)
                [!provide]                        PROVIDE (__tls_align = MAX (ALIGNOF (.tdata), ALIGNOF (.tbss)))
                [!provide]                        PROVIDE (__tls_size_align = (((__tls_size + __tls_align) - 0x1) & ~ ((__tls_align - 0x1))))
                [!provide]                        PROVIDE (__arm32_tls_tcb_offset = MAX (0x8, __tls_align))
                [!provide]                        PROVIDE (_end = __end__)
                [!provide]                        PROVIDE (__llvm_libc_heap_limit = __HeapLimit)
                0x00000001                        ASSERT ((__StackLimit >= __HeapLimit), region RAM overflowed)
                0x00000001                        ASSERT (((__binary_info_header_end - __logical_binary_start) <= 0x100), Binary info must be in first 256 bytes of the binary)
LOAD CMakeFiles/pico_kernel.dir/src/main.c.obj
LOAD CMakeFiles/pico_kernel.dir/src/drivers/st7789.c.obj
LOAD CMakeFiles/pico_kernel.dir/src/kernel/shell.c.obj
LOAD CMakeFiles/pico_kernel.dir/src/kernel/tasks/scheduler.c.obj
LOAD CMakeFiles/pico_kernel.dir/src/kernel/mutex.c.obj
LOAD CMakeFiles/pico_kernel.dir/C_/pico/pico-sdk/src/rp2_common/pico_stdlib/stdlib.c.obj
LOAD CMakeFiles/pico_kernel.dir/C_/pico/pico-sdk/src/rp2_common/hardware_gpio/gpio.c.obj
LOAD CMakeFiles/pico_kernel.dir/C_/pico/pico-sdk/src/rp2040/pico_platform/platform.c.obj
LOAD CMakeFiles/pico_kernel.dir/C_/pico/pico-sdk/src/rp2_common/pico_platform_common/common.c.obj
LOAD CMakeFiles/pico_kernel.dir/C_/pico/pico-sdk/src/rp2_common/pico_platform_panic/panic.c.obj
LOAD CMakeFiles/pico_kernel.dir/C_/pico/pico-sdk/src/common/hardware_claim/claim.c.obj
LOAD CMakeFiles/pico_kernel.dir/C_/pico/pico-sdk/src/rp2_common/hardware_sync/sync.c.obj
LOAD CMakeFiles/pico_kernel.dir/C_/pico/pico-sdk/src/rp2_common/hardware_sync_spin_lock/sync_spin_lock.c.obj
LOAD CMakeFiles/pico_kernel.dir/C_/pico/pico-sdk/src/rp2_common/hardware_irq/irq.c.obj
LOAD CMakeFiles/pico_kernel.dir/C_/pico/pico-sdk/src/rp2_common/hardware_irq/irq_handler_chain.S.obj
LOAD CMakeFiles/pico_kernel.dir/C_/pico/pico-sdk/src/common/pico_sync/sem.c.obj
LOAD CMakeFiles/pico_kernel.dir/C_/pico/pico-sdk/src/common/pico_sync/lock_core.c.obj
LOAD CMakeFiles/pico_kernel.dir/C_/pico/pico-sdk/src/common/pico_sync/mutex.c.obj
LOAD CMakeFiles/pico_kernel.dir/C_/pico/pico-sdk/src/common/pico_sync/critical_section.c.obj
LOAD CMakeFiles/pico_kernel.dir/C_/pico/pico-sdk/src/common/pico_time/time.c.obj
LOAD CMakeFiles/pico_kernel.dir/C_/pico/pico-sdk/src/common/pico_time/timeout_helper.c.obj
LOAD CMakeFiles/pico_kernel.dir/C_/pico/pico-sdk/src/rp2_common/hardware_timer/timer.c.obj
LOAD CMakeFiles/pico_kernel.dir/C_/pico/pico-sdk/src/common/pico_util/datetime.c.obj
LOAD CMakeFiles/pico_kernel.dir/C_/pico/pico-sdk/src/common/pico_util/pheap.c.obj
LOAD CMakeFiles/pico_kernel.dir/C_/pico/pico-sdk/src/common/pico_util/queue.c.obj
LOAD CMakeFiles/pico_kernel.dir/C_/pico/pico-sdk/src/rp2_common/hardware_uart/uart.c.obj
LOAD CMakeFiles/pico_kernel.dir/C_/pico/pico-sdk/src/rp2_common/hardware_clocks/clocks.c.obj
LOAD CMakeFiles/pico_kernel.dir/C_/pico/pico-sdk/src/rp2_common/hardware_pll/pll.c.obj
LOAD CMakeFiles/pico_kernel.dir/C_/pico/pico-sdk/src/rp2_common/hardware_vreg/vreg.c.obj
LOAD CMakeFiles/pico_kernel.dir/C_/pico/pico-sdk/src/rp2_common/hardware_watchdog/watchdog.c.obj
LOAD CMakeFiles/pico_kernel.dir/C_/pico/pico-sdk/src/rp2_common/hardware_ticks/ticks.c.obj
LOAD CMakeFiles/pico_kernel.dir/C_/pico/pico-sdk/src/rp2_common/pico_bootrom/bootrom.c.obj
LOAD CMakeFiles/pico_kernel.dir/C_/pico/pico-sdk/src/rp2_common/pico_bootrom/bootrom_lock.c.obj
LOAD CMakeFiles/pico_kernel.dir/C_/pico/pico-sdk/src/rp2_common/hardware_boot_lock/boot_lock.c.obj
LOAD CMakeFiles/pico_kernel.dir/C_/pico/pico-sdk/src/rp2_common/pico_flash/flash.c.obj
LOAD CMakeFiles/pico_kernel.dir/C_/pico/pico-sdk/src/rp2_common/hardware_xosc/xosc.c.obj
LOAD CMakeFiles/pico_kernel.dir/C_/pico/pico-sdk/src/rp2_common/hardware_divider/divider.S.obj
LOAD CMakeFiles/pico_kernel.dir/C_/pico/pico-sdk/src/rp2_common/pico_runtime/runtime.c.obj
LOAD CMakeFiles/pico_kernel.dir/C_/pico/pico-sdk/src/rp2_common/pico_runtime_init/runtime_init.c.obj
LOAD CMakeFiles/pico_kernel.dir/C_/pico/pico-sdk/src/rp2_common/pico_runtime_init/runtime_init_clocks.c.obj
LOAD CMakeFiles/pico_kernel.dir/C_/pico/pico-sdk/src/rp2_common/pico_runtime_init/runtime_init_stack_guard.c.obj
LOAD CMakeFiles/pico_kernel.dir/C_/pico/pico-sdk/src/rp2_common/pico_bit_ops/bit_ops_aeabi.S.obj
LOAD CMakeFiles/pico_kernel.dir/C_/pico/pico-sdk/src/rp2_common/pico_divider/divider_hardware.S.obj
LOAD CMakeFiles/pico_kernel.dir/C_/pico/pico-sdk/src/rp2_common/pico_double/double_aeabi_rp2040.S.obj
LOAD CMakeFiles/pico_kernel.dir/C_/pico/pico-sdk/src/rp2_common/pico_double/double_init_rom_rp2040.c.obj
LOAD CMakeFiles/pico_kernel.dir/C_/pico/pico-sdk/src/rp2_common/pico_double/double_math.c.obj
LOAD CMakeFiles/pico_kernel.dir/C_/pico/pico-sdk/src/rp2_common/pico_double/double_v1_rom_shim_rp2040.S.obj